C:/Users/DELL/Documents/GitHub/EspecializacionSTM32/STemWin/Gui/Core/videoplayer/videoplayer_win.c:152:13:_OnPaint_repeat	16	static
C:/Users/DELL/Documents/GitHub/EspecializacionSTM32/STemWin/Gui/Core/videoplayer/videoplayer_win.c:176:13:_OnPaint_play	24	static
C:/Users/DELL/Documents/GitHub/EspecializacionSTM32/STemWin/Gui/Core/videoplayer/videoplayer_win.c:214:13:_OnPaint_stop	24	static
C:/Users/DELL/Documents/GitHub/EspecializacionSTM32/STemWin/Gui/Core/videoplayer/videoplayer_win.c:237:13:_OnPaint_previous	24	static
C:/Users/DELL/Documents/GitHub/EspecializacionSTM32/STemWin/Gui/Core/videoplayer/videoplayer_win.c:260:13:_OnPaint_next	24	static
C:/Users/DELL/Documents/GitHub/EspecializacionSTM32/STemWin/Gui/Core/videoplayer/videoplayer_win.c:283:13:_OnPaint_add	24	static
C:/Users/DELL/Documents/GitHub/EspecializacionSTM32/STemWin/Gui/Core/videoplayer/videoplayer_win.c:306:13:_OnPaint_open	24	static
C:/Users/DELL/Documents/GitHub/EspecializacionSTM32/STemWin/Gui/Core/videoplayer/videoplayer_win.c:329:13:_OnPaint_close	24	static
C:/Users/DELL/Documents/GitHub/EspecializacionSTM32/STemWin/Gui/Core/videoplayer/videoplayer_win.c:352:13:_OnPaint_fullscreen	24	static
C:/Users/DELL/Documents/GitHub/EspecializacionSTM32/STemWin/Gui/Core/videoplayer/videoplayer_win.c:375:13:_cbButton_play	16	static
C:/Users/DELL/Documents/GitHub/EspecializacionSTM32/STemWin/Gui/Core/videoplayer/videoplayer_win.c:392:13:_cbButton_stop	16	static
C:/Users/DELL/Documents/GitHub/EspecializacionSTM32/STemWin/Gui/Core/videoplayer/videoplayer_win.c:409:13:_cbButton_repeat	16	static
C:/Users/DELL/Documents/GitHub/EspecializacionSTM32/STemWin/Gui/Core/videoplayer/videoplayer_win.c:426:13:_cbButton_next	16	static
C:/Users/DELL/Documents/GitHub/EspecializacionSTM32/STemWin/Gui/Core/videoplayer/videoplayer_win.c:443:13:_cbButton_previous	16	static
C:/Users/DELL/Documents/GitHub/EspecializacionSTM32/STemWin/Gui/Core/videoplayer/videoplayer_win.c:460:13:_cbButton_add	16	static
C:/Users/DELL/Documents/GitHub/EspecializacionSTM32/STemWin/Gui/Core/videoplayer/videoplayer_win.c:477:13:_cbButton_open	16	static
C:/Users/DELL/Documents/GitHub/EspecializacionSTM32/STemWin/Gui/Core/videoplayer/videoplayer_win.c:494:13:_cbButton_close	16	static
C:/Users/DELL/Documents/GitHub/EspecializacionSTM32/STemWin/Gui/Core/videoplayer/videoplayer_win.c:511:13:_cbButton_fullscreen	16	static
C:/Users/DELL/Documents/GitHub/EspecializacionSTM32/STemWin/Gui/Core/videoplayer/videoplayer_win.c:531:12:_GetData	32	static
C:/Users/DELL/Documents/GitHub/EspecializacionSTM32/STemWin/Gui/Core/videoplayer/videoplayer_win.c:556:6:_cbNotify	32	static
C:/Users/DELL/Documents/GitHub/EspecializacionSTM32/STemWin/Gui/Core/videoplayer/videoplayer_win.c:619:6:__GetWindowRect	24	static
C:/Users/DELL/Documents/GitHub/EspecializacionSTM32/STemWin/Gui/Core/videoplayer/videoplayer_win.c:632:16:_StartPlay	64	static
C:/Users/DELL/Documents/GitHub/EspecializacionSTM32/STemWin/Gui/Core/videoplayer/videoplayer_win.c:703:13:_cbFullScreen	32	static
C:/Users/DELL/Documents/GitHub/EspecializacionSTM32/STemWin/Gui/Core/videoplayer/videoplayer_win.c:737:16:_ShowFullScreen	56	static
C:/Users/DELL/Documents/GitHub/EspecializacionSTM32/STemWin/Gui/Core/videoplayer/videoplayer_win.c:787:16:_CloseFullScreen	48	static
C:/Users/DELL/Documents/GitHub/EspecializacionSTM32/STemWin/Gui/Core/videoplayer/videoplayer_win.c:818:13:_StopPlay	8	static
C:/Users/DELL/Documents/GitHub/EspecializacionSTM32/STemWin/Gui/Core/videoplayer/videoplayer_win.c:834:13:_PausePlay	8	static
C:/Users/DELL/Documents/GitHub/EspecializacionSTM32/STemWin/Gui/Core/videoplayer/videoplayer_win.c:850:13:_ResumePlay	8	static
C:/Users/DELL/Documents/GitHub/EspecializacionSTM32/STemWin/Gui/Core/videoplayer/videoplayer_win.c:864:13:_cbVideoWindow	24	static
C:/Users/DELL/Documents/GitHub/EspecializacionSTM32/STemWin/Gui/Core/videoplayer/videoplayer_win.c:885:13:_cbDrawProgressSlider	40	static
C:/Users/DELL/Documents/GitHub/EspecializacionSTM32/STemWin/Gui/Core/videoplayer/videoplayer_win.c:911:13:_AddEntireFolder	488	static
C:/Users/DELL/Documents/GitHub/EspecializacionSTM32/STemWin/Gui/Core/videoplayer/videoplayer_win.c:968:13:_cbMediaConnection	24	static
C:/Users/DELL/Documents/GitHub/EspecializacionSTM32/STemWin/Gui/Core/videoplayer/videoplayer_win.c:1020:13:_cbDialog	96	static
C:/Users/DELL/Documents/GitHub/EspecializacionSTM32/STemWin/Gui/Core/videoplayer/videoplayer_win.c:1424:13:Startup	24	static
C:/Users/DELL/Documents/GitHub/EspecializacionSTM32/STemWin/Gui/Core/videoplayer/videoplayer_win.c:1439:13:VideoDirectOpen	32	static
