C:/Users/DELL/Documents/GitHub/EspecializacionSTM32/STemWin/Gui/Target/LCDConf_stm32f429i_disco_MB1075.c:145:19:LCD_LL_GetPixelformat	16	static
C:/Users/DELL/Documents/GitHub/EspecializacionSTM32/STemWin/Gui/Target/LCDConf_stm32f429i_disco_MB1075.c:160:6:HAL_DMA2D_MspInit	24	static
C:/Users/DELL/Documents/GitHub/EspecializacionSTM32/STemWin/Gui/Target/LCDConf_stm32f429i_disco_MB1075.c:173:6:HAL_DMA2D_MspDeInit	16	static
C:/Users/DELL/Documents/GitHub/EspecializacionSTM32/STemWin/Gui/Target/LCDConf_stm32f429i_disco_MB1075.c:190:6:HAL_LTDC_MspInit	64	static
C:/Users/DELL/Documents/GitHub/EspecializacionSTM32/STemWin/Gui/Target/LCDConf_stm32f429i_disco_MB1075.c:279:6:HAL_LTDC_MspDeInit	16	static
C:/Users/DELL/Documents/GitHub/EspecializacionSTM32/STemWin/Gui/Target/LCDConf_stm32f429i_disco_MB1075.c:295:6:HAL_LTDC_LineEventCallback	32	static
C:/Users/DELL/Documents/GitHub/EspecializacionSTM32/STemWin/Gui/Target/LCDConf_stm32f429i_disco_MB1075.c:332:6:LCD_X_Config	16	static
C:/Users/DELL/Documents/GitHub/EspecializacionSTM32/STemWin/Gui/Target/LCDConf_stm32f429i_disco_MB1075.c:417:5:LCD_X_DisplayDriver	56	static
C:/Users/DELL/Documents/GitHub/EspecializacionSTM32/STemWin/Gui/Target/LCDConf_stm32f429i_disco_MB1075.c:512:13:LCD_LL_LayerInit	72	static
C:/Users/DELL/Documents/GitHub/EspecializacionSTM32/STemWin/Gui/Target/LCDConf_stm32f429i_disco_MB1075.c:550:13:LCD_LL_Init	8	static
C:/Users/DELL/Documents/GitHub/EspecializacionSTM32/STemWin/Gui/Target/LCDConf_stm32f429i_disco_MB1075.c:614:13:DMA2D_CopyBuffer	32	static
C:/Users/DELL/Documents/GitHub/EspecializacionSTM32/STemWin/Gui/Target/LCDConf_stm32f429i_disco_MB1075.c:651:13:DMA2D_FillBuffer	32	static
C:/Users/DELL/Documents/GitHub/EspecializacionSTM32/STemWin/Gui/Target/LCDConf_stm32f429i_disco_MB1075.c:688:12:GetBufferSize	24	static
C:/Users/DELL/Documents/GitHub/EspecializacionSTM32/STemWin/Gui/Target/LCDConf_stm32f429i_disco_MB1075.c:703:13:CUSTOM_CopyBuffer	72	static
C:/Users/DELL/Documents/GitHub/EspecializacionSTM32/STemWin/Gui/Target/LCDConf_stm32f429i_disco_MB1075.c:724:13:CUSTOM_CopyRect	72	static
C:/Users/DELL/Documents/GitHub/EspecializacionSTM32/STemWin/Gui/Target/LCDConf_stm32f429i_disco_MB1075.c:743:13:CUSTOM_FillRect	64	static
C:/Users/DELL/Documents/GitHub/EspecializacionSTM32/STemWin/Gui/Target/LCDConf_stm32f429i_disco_MB1075.c:775:13:CUSTOM_DrawBitmap32bpp	64	static
