C:/Users/DELL/Documents/GitHub/EspecializacionSTM32/STemWin/Gui/Core/imagebrowser/imagebrowser_win.c:147:13:_OnPaint_open	24	static
C:/Users/DELL/Documents/GitHub/EspecializacionSTM32/STemWin/Gui/Core/imagebrowser/imagebrowser_win.c:170:13:_OnPaint_previous	24	static
C:/Users/DELL/Documents/GitHub/EspecializacionSTM32/STemWin/Gui/Core/imagebrowser/imagebrowser_win.c:193:13:_OnPaint_play	24	static
C:/Users/DELL/Documents/GitHub/EspecializacionSTM32/STemWin/Gui/Core/imagebrowser/imagebrowser_win.c:230:13:_OnPaint_next	24	static
C:/Users/DELL/Documents/GitHub/EspecializacionSTM32/STemWin/Gui/Core/imagebrowser/imagebrowser_win.c:253:13:_OnPaint_settings	24	static
C:/Users/DELL/Documents/GitHub/EspecializacionSTM32/STemWin/Gui/Core/imagebrowser/imagebrowser_win.c:276:13:_OnPaint_close	24	static
C:/Users/DELL/Documents/GitHub/EspecializacionSTM32/STemWin/Gui/Core/imagebrowser/imagebrowser_win.c:300:13:_OnPaint_add	24	static
C:/Users/DELL/Documents/GitHub/EspecializacionSTM32/STemWin/Gui/Core/imagebrowser/imagebrowser_win.c:323:13:_cbButton_open	16	static
C:/Users/DELL/Documents/GitHub/EspecializacionSTM32/STemWin/Gui/Core/imagebrowser/imagebrowser_win.c:340:13:_cbButton_previous	16	static
C:/Users/DELL/Documents/GitHub/EspecializacionSTM32/STemWin/Gui/Core/imagebrowser/imagebrowser_win.c:357:13:_cbButton_play	16	static
C:/Users/DELL/Documents/GitHub/EspecializacionSTM32/STemWin/Gui/Core/imagebrowser/imagebrowser_win.c:374:13:_cbButton_next	16	static
C:/Users/DELL/Documents/GitHub/EspecializacionSTM32/STemWin/Gui/Core/imagebrowser/imagebrowser_win.c:391:13:_cbButton_settings	16	static
C:/Users/DELL/Documents/GitHub/EspecializacionSTM32/STemWin/Gui/Core/imagebrowser/imagebrowser_win.c:408:13:_cbButton_close	16	static
C:/Users/DELL/Documents/GitHub/EspecializacionSTM32/STemWin/Gui/Core/imagebrowser/imagebrowser_win.c:426:13:_cbButton_add	16	static
C:/Users/DELL/Documents/GitHub/EspecializacionSTM32/STemWin/Gui/Core/imagebrowser/imagebrowser_win.c:443:13:_AddEntireFolder	488	static
C:/Users/DELL/Documents/GitHub/EspecializacionSTM32/STemWin/Gui/Core/imagebrowser/imagebrowser_win.c:500:13:_cbSettingsDialog	32	static
C:/Users/DELL/Documents/GitHub/EspecializacionSTM32/STemWin/Gui/Core/imagebrowser/imagebrowser_win.c:599:12:_GetData	32	static
C:/Users/DELL/Documents/GitHub/EspecializacionSTM32/STemWin/Gui/Core/imagebrowser/imagebrowser_win.c:635:12:_DrawImage	64	static
C:/Users/DELL/Documents/GitHub/EspecializacionSTM32/STemWin/Gui/Core/imagebrowser/imagebrowser_win.c:701:13:_cbImageWindow	48	static
C:/Users/DELL/Documents/GitHub/EspecializacionSTM32/STemWin/Gui/Core/imagebrowser/imagebrowser_win.c:821:13:_cbDialog	128	static
C:/Users/DELL/Documents/GitHub/EspecializacionSTM32/STemWin/Gui/Core/imagebrowser/imagebrowser_win.c:1178:13:Startup	24	static
C:/Users/DELL/Documents/GitHub/EspecializacionSTM32/STemWin/Gui/Core/imagebrowser/imagebrowser_win.c:1188:13:ImageDirectOpen	32	static
