../Core/Src/main.c:97:5:main	8	static
../Core/Src/main.c:152:6:SystemClock_Config	88	static
../Core/Src/main.c:199:13:MX_TIM2_Init	40	static
../Core/Src/main.c:248:13:MX_TIM4_Init	48	static
../Core/Src/main.c:297:13:MX_TIM10_Init	8	static
../Core/Src/main.c:328:13:MX_USART2_UART_Init	8	static
../Core/Src/main.c:361:13:MX_GPIO_Init	40	static
../Core/Src/main.c:387:6:HAL_TIM_PeriodElapsedCallback	16	static
../Core/Src/main.c:410:6:HAL_UART_RxCpltCallback	16	static
../Core/Src/main.c:436:6:Error_Handler	4	static,ignoring_inline_asm
