../../Middlewares/ST/touchgfx/framework/include/touchgfx/Application.hpp:72:18:virtual void touchgfx::Application::changeToStartScreen()	0	static
../../Middlewares/ST/touchgfx/framework/include/touchgfx/Application.hpp:91:18:virtual void touchgfx::Application::appSwitchScreen(uint8_t)	0	static
../../Middlewares/ST/touchgfx/framework/include/touchgfx/Application.hpp:104:18:virtual void touchgfx::Application::requestRedraw(touchgfx::Rect&)	0	static
../../Middlewares/ST/touchgfx/framework/include/touchgfx/transitions/Transition.hpp:72:18:virtual void touchgfx::Transition::tearDown()	0	static
../../Middlewares/ST/touchgfx/framework/include/touchgfx/transitions/Transition.hpp:80:18:virtual void touchgfx::Transition::init()	0	static
../../Middlewares/ST/touchgfx/framework/include/touchgfx/transitions/Transition.hpp:100:18:virtual void touchgfx::Transition::setScreenContainer(touchgfx::Container&)	0	static
../../Middlewares/ST/touchgfx/framework/include/mvp/MVPApplication.hpp:43:7:touchgfx::MVPApplication::~MVPApplication()	0	static
../../TouchGFX/generated/gui_generated/include/gui_generated/common/FrontendApplicationBase.hpp:16:13:FrontendApplicationBase::~FrontendApplicationBase()	0	static
../../TouchGFX/generated/gui_generated/include/gui_generated/common/FrontendApplicationBase.hpp:18:18:virtual void FrontendApplicationBase::changeToStartScreen()	0	static
../../Middlewares/ST/touchgfx/framework/include/touchgfx/transitions/NoTransition.hpp:35:18:virtual void touchgfx::NoTransition::handleTickEvent()	0	static
../../Middlewares/ST/touchgfx/framework/include/touchgfx/transitions/BlockTransition.hpp:101:18:virtual void touchgfx::BlockTransition::tearDown()	0	static
../../Middlewares/ST/touchgfx/framework/include/touchgfx/transitions/BlockTransition.hpp:105:18:virtual void touchgfx::BlockTransition::init()	0	static
../../Middlewares/ST/touchgfx/framework/include/touchgfx/transitions/BlockTransition.hpp:114:18:virtual void touchgfx::BlockTransition::invalidate()	0	static
../../Middlewares/ST/touchgfx/framework/include/touchgfx/transitions/SlideTransition.hpp:39:7:touchgfx::SlideTransition<touchgfx::EAST>::~SlideTransition()	0	static
../../Middlewares/ST/touchgfx/framework/include/touchgfx/transitions/BlockTransition.hpp:32:7:touchgfx::BlockTransition::~BlockTransition()	0	static
../../Middlewares/ST/touchgfx/framework/include/touchgfx/transitions/NoTransition.hpp:31:7:touchgfx::NoTransition::~NoTransition()	0	static
../../Middlewares/ST/touchgfx/framework/include/touchgfx/Callback.hpp:424:8:touchgfx::Callback<FrontendApplicationBase>::~Callback()	0	static
../../Middlewares/ST/touchgfx/framework/include/touchgfx/Callback.hpp:449:18:void touchgfx::Callback<dest_type, void, void, void>::execute() [with dest_type = FrontendApplicationBase]	4	static
../../Middlewares/ST/touchgfx/framework/include/touchgfx/Callback.hpp:459:18:bool touchgfx::Callback<dest_type, void, void, void>::isValid() const [with dest_type = FrontendApplicationBase]	0	static
../../Middlewares/ST/touchgfx/framework/include/touchgfx/transitions/BlockTransition.hpp:32:7:virtual touchgfx::BlockTransition::~BlockTransition()	8	static
../../Middlewares/ST/touchgfx/framework/include/touchgfx/transitions/NoTransition.hpp:31:7:virtual touchgfx::NoTransition::~NoTransition()	8	static
../../Middlewares/ST/touchgfx/framework/include/touchgfx/Callback.hpp:424:8:virtual touchgfx::Callback<FrontendApplicationBase>::~Callback()	8	static
../../Middlewares/ST/touchgfx/framework/include/mvp/MVPApplication.hpp:43:7:virtual touchgfx::MVPApplication::~MVPApplication()	8	static
../../TouchGFX/generated/gui_generated/include/gui_generated/common/FrontendApplicationBase.hpp:16:13:virtual FrontendApplicationBase::~FrontendApplicationBase()	8	static
../../Middlewares/ST/touchgfx/framework/include/touchgfx/transitions/SlideTransition.hpp:39:7:virtual touchgfx::SlideTransition<touchgfx::EAST>::~SlideTransition()	8	static
../../Middlewares/ST/touchgfx/framework/include/touchgfx/transitions/Transition.hpp:89:18:virtual void touchgfx::Transition::invalidate()	8	static
../../Middlewares/ST/touchgfx/framework/include/touchgfx/transitions/BlockTransition.hpp:62:18:virtual void touchgfx::BlockTransition::handleTickEvent()	216	static
../../Middlewares/ST/touchgfx/framework/include/touchgfx/transitions/SlideTransition.hpp:146:18:void touchgfx::SlideTransition<templateDirection>::tearDown() [with touchgfx::Direction templateDirection = touchgfx::EAST]	0	static
../../Middlewares/ST/touchgfx/framework/include/touchgfx/transitions/SlideTransition.hpp:154:18:void touchgfx::SlideTransition<templateDirection>::init() [with touchgfx::Direction templateDirection = touchgfx::EAST]	16	static
../../Middlewares/ST/touchgfx/framework/include/touchgfx/transitions/SlideTransition.hpp:87:18:void touchgfx::SlideTransition<templateDirection>::handleTickEvent() [with touchgfx::Direction templateDirection = touchgfx::EAST]	16	static
../../Middlewares/ST/touchgfx/framework/include/mvp/MVPApplication.hpp:59:18:virtual void touchgfx::MVPApplication::handlePendingScreenTransition()	8	static
C:/Users/DELL/Documents/GitHub/EspecializacionSTM32/Ejemplo38_Apli_GFX/TouchGFX/generated/gui_generated/src/common/FrontendApplicationBase.cpp:58:6:void FrontendApplicationBase::gotoEscena2ScreenBlockTransitionImpl()	32	static
C:/Users/DELL/Documents/GitHub/EspecializacionSTM32/Ejemplo38_Apli_GFX/TouchGFX/generated/gui_generated/src/common/FrontendApplicationBase.cpp:45:6:void FrontendApplicationBase::gotoEscena1ScreenNoTransitionImpl()	40	static
C:/Users/DELL/Documents/GitHub/EspecializacionSTM32/Ejemplo38_Apli_GFX/TouchGFX/generated/gui_generated/src/common/FrontendApplicationBase.cpp:71:6:void FrontendApplicationBase::gotoEscena3ScreenSlideTransitionEastImpl()	48	static
../../Middlewares/ST/touchgfx/framework/include/touchgfx/hal/HAL.hpp:268:17:static touchgfx::LCD& touchgfx::HAL::lcd()	0	static
C:/Users/DELL/Documents/GitHub/EspecializacionSTM32/Ejemplo38_Apli_GFX/TouchGFX/generated/gui_generated/src/common/FrontendApplicationBase.cpp:21:1:FrontendApplicationBase::FrontendApplicationBase(Model&, FrontendHeap&)	24	static
C:/Users/DELL/Documents/GitHub/EspecializacionSTM32/Ejemplo38_Apli_GFX/TouchGFX/generated/gui_generated/src/common/FrontendApplicationBase.cpp:39:6:void FrontendApplicationBase::gotoEscena1ScreenNoTransition()	0	static
C:/Users/DELL/Documents/GitHub/EspecializacionSTM32/Ejemplo38_Apli_GFX/TouchGFX/generated/gui_generated/src/common/FrontendApplicationBase.cpp:52:6:void FrontendApplicationBase::gotoEscena2ScreenBlockTransition()	0	static
C:/Users/DELL/Documents/GitHub/EspecializacionSTM32/Ejemplo38_Apli_GFX/TouchGFX/generated/gui_generated/src/common/FrontendApplicationBase.cpp:65:6:void FrontendApplicationBase::gotoEscena3ScreenSlideTransitionEast()	0	static
