C:/Users/DELL/Documents/GitHub/EspecializacionSTM32/STemWin/Drivers/BSP/Components/stmpe811/stmpe811.c:112:6:stmpe811_Init	24	static
C:/Users/DELL/Documents/GitHub/EspecializacionSTM32/STemWin/Drivers/BSP/Components/stmpe811/stmpe811.c:145:6:stmpe811_Reset	16	static
C:/Users/DELL/Documents/GitHub/EspecializacionSTM32/STemWin/Drivers/BSP/Components/stmpe811/stmpe811.c:165:10:stmpe811_ReadID	24	static
C:/Users/DELL/Documents/GitHub/EspecializacionSTM32/STemWin/Drivers/BSP/Components/stmpe811/stmpe811.c:180:6:stmpe811_EnableGlobalIT	24	static
C:/Users/DELL/Documents/GitHub/EspecializacionSTM32/STemWin/Drivers/BSP/Components/stmpe811/stmpe811.c:199:6:stmpe811_DisableGlobalIT	24	static
C:/Users/DELL/Documents/GitHub/EspecializacionSTM32/STemWin/Drivers/BSP/Components/stmpe811/stmpe811.c:227:6:stmpe811_EnableITSource	24	static
C:/Users/DELL/Documents/GitHub/EspecializacionSTM32/STemWin/Drivers/BSP/Components/stmpe811/stmpe811.c:254:6:stmpe811_DisableITSource	24	static
C:/Users/DELL/Documents/GitHub/EspecializacionSTM32/STemWin/Drivers/BSP/Components/stmpe811/stmpe811.c:276:6:stmpe811_SetITPolarity	24	static
C:/Users/DELL/Documents/GitHub/EspecializacionSTM32/STemWin/Drivers/BSP/Components/stmpe811/stmpe811.c:302:6:stmpe811_SetITType	24	static
C:/Users/DELL/Documents/GitHub/EspecializacionSTM32/STemWin/Drivers/BSP/Components/stmpe811/stmpe811.c:333:9:stmpe811_GlobalITStatus	16	static
C:/Users/DELL/Documents/GitHub/EspecializacionSTM32/STemWin/Drivers/BSP/Components/stmpe811/stmpe811.c:352:9:stmpe811_ReadGITStatus	16	static
C:/Users/DELL/Documents/GitHub/EspecializacionSTM32/STemWin/Drivers/BSP/Components/stmpe811/stmpe811.c:372:6:stmpe811_ClearGlobalIT	16	static
C:/Users/DELL/Documents/GitHub/EspecializacionSTM32/STemWin/Drivers/BSP/Components/stmpe811/stmpe811.c:386:6:stmpe811_IO_Start	24	static
C:/Users/DELL/Documents/GitHub/EspecializacionSTM32/STemWin/Drivers/BSP/Components/stmpe811/stmpe811.c:418:9:stmpe811_IO_Config	24	static
C:/Users/DELL/Documents/GitHub/EspecializacionSTM32/STemWin/Drivers/BSP/Components/stmpe811/stmpe811.c:481:6:stmpe811_IO_InitPin	24	static
C:/Users/DELL/Documents/GitHub/EspecializacionSTM32/STemWin/Drivers/BSP/Components/stmpe811/stmpe811.c:510:6:stmpe811_IO_DisableAF	24	static
C:/Users/DELL/Documents/GitHub/EspecializacionSTM32/STemWin/Drivers/BSP/Components/stmpe811/stmpe811.c:533:6:stmpe811_IO_EnableAF	24	static
C:/Users/DELL/Documents/GitHub/EspecializacionSTM32/STemWin/Drivers/BSP/Components/stmpe811/stmpe811.c:558:6:stmpe811_IO_SetEdgeMode	24	static
C:/Users/DELL/Documents/GitHub/EspecializacionSTM32/STemWin/Drivers/BSP/Components/stmpe811/stmpe811.c:598:6:stmpe811_IO_WritePin	16	static
C:/Users/DELL/Documents/GitHub/EspecializacionSTM32/STemWin/Drivers/BSP/Components/stmpe811/stmpe811.c:621:10:stmpe811_IO_ReadPin	16	static
C:/Users/DELL/Documents/GitHub/EspecializacionSTM32/STemWin/Drivers/BSP/Components/stmpe811/stmpe811.c:631:6:stmpe811_IO_EnableIT	16	static
C:/Users/DELL/Documents/GitHub/EspecializacionSTM32/STemWin/Drivers/BSP/Components/stmpe811/stmpe811.c:647:6:stmpe811_IO_DisableIT	16	static
C:/Users/DELL/Documents/GitHub/EspecializacionSTM32/STemWin/Drivers/BSP/Components/stmpe811/stmpe811.c:664:6:stmpe811_IO_EnablePinIT	24	static
C:/Users/DELL/Documents/GitHub/EspecializacionSTM32/STemWin/Drivers/BSP/Components/stmpe811/stmpe811.c:686:6:stmpe811_IO_DisablePinIT	24	static
C:/Users/DELL/Documents/GitHub/EspecializacionSTM32/STemWin/Drivers/BSP/Components/stmpe811/stmpe811.c:707:10:stmpe811_IO_ITStatus	16	static
C:/Users/DELL/Documents/GitHub/EspecializacionSTM32/STemWin/Drivers/BSP/Components/stmpe811/stmpe811.c:720:6:stmpe811_IO_ClearIT	16	static
C:/Users/DELL/Documents/GitHub/EspecializacionSTM32/STemWin/Drivers/BSP/Components/stmpe811/stmpe811.c:743:6:stmpe811_TS_Start	24	static
C:/Users/DELL/Documents/GitHub/EspecializacionSTM32/STemWin/Drivers/BSP/Components/stmpe811/stmpe811.c:818:9:stmpe811_TS_DetectTouch	24	static
C:/Users/DELL/Documents/GitHub/EspecializacionSTM32/STemWin/Drivers/BSP/Components/stmpe811/stmpe811.c:850:6:stmpe811_TS_GetXY	32	static
C:/Users/DELL/Documents/GitHub/EspecializacionSTM32/STemWin/Drivers/BSP/Components/stmpe811/stmpe811.c:873:6:stmpe811_TS_EnableIT	16	static
C:/Users/DELL/Documents/GitHub/EspecializacionSTM32/STemWin/Drivers/BSP/Components/stmpe811/stmpe811.c:889:6:stmpe811_TS_DisableIT	16	static
C:/Users/DELL/Documents/GitHub/EspecializacionSTM32/STemWin/Drivers/BSP/Components/stmpe811/stmpe811.c:903:9:stmpe811_TS_ITStatus	16	static
C:/Users/DELL/Documents/GitHub/EspecializacionSTM32/STemWin/Drivers/BSP/Components/stmpe811/stmpe811.c:914:6:stmpe811_TS_ClearIT	16	static
C:/Users/DELL/Documents/GitHub/EspecializacionSTM32/STemWin/Drivers/BSP/Components/stmpe811/stmpe811.c:926:16:stmpe811_GetInstance	24	static
