C:/TouchGFXProjects/Ejemplo38_Apli_GFX/Core/Src/main.c:898:13:SPI5_Write	16	static
C:/TouchGFXProjects/Ejemplo38_Apli_GFX/Core/Src/main.c:1010:6:StartDefaultTask	8	static
C:/TouchGFXProjects/Ejemplo38_Apli_GFX/Core/Src/main.c:244:6:SystemClock_Config	96	static
C:/TouchGFXProjects/Ejemplo38_Apli_GFX/Core/Src/main.c:153:5:main	120	static
C:/TouchGFXProjects/Ejemplo38_Apli_GFX/Core/Src/main.c:742:6:IOE_Init	0	static
C:/TouchGFXProjects/Ejemplo38_Apli_GFX/Core/Src/main.c:751:6:IOE_ITConfig	0	static
C:/TouchGFXProjects/Ejemplo38_Apli_GFX/Core/Src/main.c:763:6:IOE_Write	32	static
C:/TouchGFXProjects/Ejemplo38_Apli_GFX/Core/Src/main.c:774:9:IOE_Read	32	static
C:/TouchGFXProjects/Ejemplo38_Apli_GFX/Core/Src/main.c:787:10:IOE_ReadMultiple	24	static
C:/TouchGFXProjects/Ejemplo38_Apli_GFX/Core/Src/main.c:796:6:IOE_Delay	0	static
C:/TouchGFXProjects/Ejemplo38_Apli_GFX/Core/Src/main.c:924:6:LCD_IO_Init	8	static
C:/TouchGFXProjects/Ejemplo38_Apli_GFX/Core/Src/main.c:934:6:LCD_IO_WriteData	16	static
C:/TouchGFXProjects/Ejemplo38_Apli_GFX/Core/Src/main.c:950:6:LCD_IO_WriteReg	16	static
C:/TouchGFXProjects/Ejemplo38_Apli_GFX/Core/Src/main.c:969:10:LCD_IO_ReadData	32	static
C:/TouchGFXProjects/Ejemplo38_Apli_GFX/Core/Src/main.c:996:6:LCD_Delay	0	static
C:/TouchGFXProjects/Ejemplo38_Apli_GFX/Core/Src/main.c:1029:6:HAL_TIM_PeriodElapsedCallback	0	static
C:/TouchGFXProjects/Ejemplo38_Apli_GFX/Core/Src/main.c:1046:6:Error_Handler	0	static
