C:/Users/DELL/Documents/GitHub/EspecializacionSTM32/Ejemplo39_LVGL/lvgl/src/core/lv_obj_style_gen.h:505:24:lv_obj_get_style_opa	24	static
C:/Users/DELL/Documents/GitHub/EspecializacionSTM32/Ejemplo39_LVGL/lvgl/src/widgets/lv_slider.h:84:20:lv_slider_set_value	24	static
C:/Users/DELL/Documents/GitHub/EspecializacionSTM32/Ejemplo39_LVGL/lvgl/src/widgets/lv_slider.h:130:23:lv_slider_get_value	16	static
../ui/ui_helpers.c:8:6:_ui_bar_set_property	24	static
../ui/ui_helpers.c:14:6:_ui_basic_set_property	24	static
../ui/ui_helpers.c:22:6:_ui_dropdown_set_property	24	static
../ui/ui_helpers.c:27:6:_ui_image_set_property	24	static
../ui/ui_helpers.c:32:6:_ui_label_set_property	24	static
../ui/ui_helpers.c:37:6:_ui_roller_set_property	24	static
../ui/ui_helpers.c:43:6:_ui_slider_set_property	24	static
../ui/ui_helpers.c:49:6:_ui_screen_change	40	static
../ui/ui_helpers.c:56:6:_ui_screen_delete	16	static
../ui/ui_helpers.c:64:6:_ui_arc_increment	24	static
../ui/ui_helpers.c:71:6:_ui_bar_increment	32	static
../ui/ui_helpers.c:77:6:_ui_slider_increment	32	static
../ui/ui_helpers.c:84:6:_ui_keyboard_set_target	16	static
../ui/ui_helpers.c:89:6:_ui_flag_modify	24	static
../ui/ui_helpers.c:98:6:_ui_state_modify	24	static
../ui/ui_helpers.c:108:6:scr_unloaded_delete_cb	24	static
../ui/ui_helpers.c:115:6:_ui_opacity_set	16	static
../ui/ui_helpers.c:120:6:_ui_anim_callback_free_user_data	16	static
../ui/ui_helpers.c:126:6:_ui_anim_callback_set_x	24	static
../ui/ui_helpers.c:132:6:_ui_anim_callback_set_y	24	static
../ui/ui_helpers.c:138:6:_ui_anim_callback_set_width	24	static
../ui/ui_helpers.c:144:6:_ui_anim_callback_set_height	24	static
../ui/ui_helpers.c:150:6:_ui_anim_callback_set_opacity	24	static
../ui/ui_helpers.c:156:6:_ui_anim_callback_set_image_zoom	24	static
../ui/ui_helpers.c:162:6:_ui_anim_callback_set_image_angle	24	static
../ui/ui_helpers.c:168:6:_ui_anim_callback_set_image_frame	24	static
../ui/ui_helpers.c:177:9:_ui_anim_callback_get_x	24	static
../ui/ui_helpers.c:183:9:_ui_anim_callback_get_y	24	static
../ui/ui_helpers.c:189:9:_ui_anim_callback_get_width	24	static
../ui/ui_helpers.c:195:9:_ui_anim_callback_get_height	24	static
../ui/ui_helpers.c:201:9:_ui_anim_callback_get_opacity	24	static
../ui/ui_helpers.c:207:9:_ui_anim_callback_get_image_zoom	24	static
../ui/ui_helpers.c:213:9:_ui_anim_callback_get_image_angle	24	static
../ui/ui_helpers.c:219:9:_ui_anim_callback_get_image_frame	24	static
../ui/ui_helpers.c:225:6:_ui_arc_set_text_value	64	static
../ui/ui_helpers.c:232:6:_ui_slider_set_text_value	64	static
../ui/ui_helpers.c:238:6:_ui_checked_set_text_value	24	static
../ui/ui_helpers.c:244:6:_ui_spinbox_step	16	static
