../../Middlewares/ST/touchgfx/framework/include/touchgfx/Screen.hpp:104:18:virtual void touchgfx::Screen::afterTransition()	0	static
../../Middlewares/ST/touchgfx/framework/include/touchgfx/Screen.hpp:144:18:virtual void touchgfx::Screen::handleTickEvent()	0	static
../../Middlewares/ST/touchgfx/framework/include/touchgfx/Screen.hpp:154:18:virtual void touchgfx::Screen::handleKeyEvent(uint8_t)	0	static
C:/TouchGFXProjects/Ejemplo37_TouchGfx1/TouchGFX/gui/src/escena1_screen/Escena1View.cpp:13:6:virtual void Escena1View::tearDownScreen()	0	static
../../TouchGFX/gui/include/gui/escena1_screen/Escena1View.hpp:11:13:Escena1View::~Escena1View()	8	static
../../TouchGFX/gui/include/gui/escena1_screen/Escena1View.hpp:11:13:virtual Escena1View::~Escena1View()	8	static
C:/TouchGFXProjects/Ejemplo37_TouchGfx1/TouchGFX/gui/src/escena1_screen/Escena1View.cpp:3:1:Escena1View::Escena1View()	8	static
C:/TouchGFXProjects/Ejemplo37_TouchGfx1/TouchGFX/gui/src/escena1_screen/Escena1View.cpp:8:6:virtual void Escena1View::setupScreen()	0	static
