C:/Users/DELL/Documents/GitHub/EspecializacionSTM32/STemWin/Gui/Core/filebrowser/filebrowser_win.c:132:13:_AddMenuItem	40	static
C:/Users/DELL/Documents/GitHub/EspecializacionSTM32/STemWin/Gui/Core/filebrowser/filebrowser_win.c:152:13:_OpenPopup	56	static
C:/Users/DELL/Documents/GitHub/EspecializacionSTM32/STemWin/Gui/Core/filebrowser/filebrowser_win.c:178:13:_cbFileInfoDialog	336	static
C:/Users/DELL/Documents/GitHub/EspecializacionSTM32/STemWin/Gui/Core/filebrowser/filebrowser_win.c:258:13:_cbHint	24	static
C:/Users/DELL/Documents/GitHub/EspecializacionSTM32/STemWin/Gui/Core/filebrowser/filebrowser_win.c:287:13:_cbMessageBox	24	static
C:/Users/DELL/Documents/GitHub/EspecializacionSTM32/STemWin/Gui/Core/filebrowser/filebrowser_win.c:312:12:_ShowMessageBox	64	static
C:/Users/DELL/Documents/GitHub/EspecializacionSTM32/STemWin/Gui/Core/filebrowser/filebrowser_win.c:346:13:_cbPopup	64	static
C:/Users/DELL/Documents/GitHub/EspecializacionSTM32/STemWin/Gui/Core/filebrowser/filebrowser_win.c:432:6:_FindFullPath	176	static
C:/Users/DELL/Documents/GitHub/EspecializacionSTM32/STemWin/Gui/Core/filebrowser/filebrowser_win.c:467:13:ShowNodeContent	176	static
C:/Users/DELL/Documents/GitHub/EspecializacionSTM32/STemWin/Gui/Core/filebrowser/filebrowser_win.c:512:13:ExploreDisks	40	static
C:/Users/DELL/Documents/GitHub/EspecializacionSTM32/STemWin/Gui/Core/filebrowser/filebrowser_win.c:558:13:_RefreshBrowser	184	static
C:/Users/DELL/Documents/GitHub/EspecializacionSTM32/STemWin/Gui/Core/filebrowser/filebrowser_win.c:613:13:_cbMediaConnection	16	static
C:/Users/DELL/Documents/GitHub/EspecializacionSTM32/STemWin/Gui/Core/filebrowser/filebrowser_win.c:652:13:_cbDialog	88	static
C:/Users/DELL/Documents/GitHub/EspecializacionSTM32/STemWin/Gui/Core/filebrowser/filebrowser_win.c:761:13:Startup	24	static
