C:/Users/DELL/Documents/GitHub/EspecializacionSTM32/STemWin/Gui/Core/game/game_win.c:132:13:_CalcBoardDimensions	16	static
C:/Users/DELL/Documents/GitHub/EspecializacionSTM32/STemWin/Gui/Core/game/game_win.c:141:13:_InvalidateBoard	8	static
C:/Users/DELL/Documents/GitHub/EspecializacionSTM32/STemWin/Gui/Core/game/game_win.c:146:13:_InvalidateCell	24	static
C:/Users/DELL/Documents/GitHub/EspecializacionSTM32/STemWin/Gui/Core/game/game_win.c:162:13:_GetStone	32	static
C:/Users/DELL/Documents/GitHub/EspecializacionSTM32/STemWin/Gui/Core/game/game_win.c:177:13:_SetStone	24	static
C:/Users/DELL/Documents/GitHub/EspecializacionSTM32/STemWin/Gui/Core/game/game_win.c:191:13:_IsValidMove	32	static
C:/Users/DELL/Documents/GitHub/EspecializacionSTM32/STemWin/Gui/Core/game/game_win.c:208:13:_CheckDirection	32	static
C:/Users/DELL/Documents/GitHub/EspecializacionSTM32/STemWin/Gui/Core/game/game_win.c:229:12:_CalcValidMoves	40	static
C:/Users/DELL/Documents/GitHub/EspecializacionSTM32/STemWin/Gui/Core/game/game_win.c:266:13:_DoDirection	24	static
C:/Users/DELL/Documents/GitHub/EspecializacionSTM32/STemWin/Gui/Core/game/game_win.c:281:13:_MakeMove	40	static
C:/Users/DELL/Documents/GitHub/EspecializacionSTM32/STemWin/Gui/Core/game/game_win.c:300:12:_CalcScore	32	static
C:/Users/DELL/Documents/GitHub/EspecializacionSTM32/STemWin/Gui/Core/game/game_win.c:324:12:_valuePieces	56	static
C:/Users/DELL/Documents/GitHub/EspecializacionSTM32/STemWin/Gui/Core/game/game_win.c:401:12:_Eval	40	static
C:/Users/DELL/Documents/GitHub/EspecializacionSTM32/STemWin/Gui/Core/game/game_win.c:441:12:_Descend	56	static
C:/Users/DELL/Documents/GitHub/EspecializacionSTM32/STemWin/Gui/Core/game/game_win.c:507:13:_PlayerAI_SmartGecko	40	static
C:/Users/DELL/Documents/GitHub/EspecializacionSTM32/STemWin/Gui/Core/game/game_win.c:546:13:_cbMessageBox	24	static
C:/Users/DELL/Documents/GitHub/EspecializacionSTM32/STemWin/Gui/Core/game/game_win.c:571:12:_ShowMessageBox	64	static
C:/Users/DELL/Documents/GitHub/EspecializacionSTM32/STemWin/Gui/Core/game/game_win.c:603:13:_SetPlayer	296	static
C:/Users/DELL/Documents/GitHub/EspecializacionSTM32/STemWin/Gui/Core/game/game_win.c:653:13:_NextPlayer	24	static
C:/Users/DELL/Documents/GitHub/EspecializacionSTM32/STemWin/Gui/Core/game/game_win.c:673:13:_StartNewGame	8	static
C:/Users/DELL/Documents/GitHub/EspecializacionSTM32/STemWin/Gui/Core/game/game_win.c:691:13:_HandlePID	24	static
C:/Users/DELL/Documents/GitHub/EspecializacionSTM32/STemWin/Gui/Core/game/game_win.c:721:13:_OnTouch	24	static
C:/Users/DELL/Documents/GitHub/EspecializacionSTM32/STemWin/Gui/Core/game/game_win.c:734:13:_OnPaint	80	static
C:/Users/DELL/Documents/GitHub/EspecializacionSTM32/STemWin/Gui/Core/game/game_win.c:808:13:_cbReversiWin	24	static
C:/Users/DELL/Documents/GitHub/EspecializacionSTM32/STemWin/Gui/Core/game/game_win.c:833:13:Startup	40	static
