C:/Users/DELL/Documents/GitHub/EspecializacionSTM32/STemWin/Middlewares/ST/STM32_USB_Host_Library/Class/MSC/Src/usbh_msc.c:150:27:USBH_MSC_InterfaceInit	48	static
C:/Users/DELL/Documents/GitHub/EspecializacionSTM32/STemWin/Middlewares/ST/STM32_USB_Host_Library/Class/MSC/Src/usbh_msc.c:248:27:USBH_MSC_InterfaceDeInit	24	static
C:/Users/DELL/Documents/GitHub/EspecializacionSTM32/STemWin/Middlewares/ST/STM32_USB_Host_Library/Class/MSC/Src/usbh_msc.c:282:27:USBH_MSC_ClassRequest	24	static
C:/Users/DELL/Documents/GitHub/EspecializacionSTM32/STemWin/Middlewares/ST/STM32_USB_Host_Library/Class/MSC/Src/usbh_msc.c:338:27:USBH_MSC_Process	32	static
C:/Users/DELL/Documents/GitHub/EspecializacionSTM32/STemWin/Middlewares/ST/STM32_USB_Host_Library/Class/MSC/Src/usbh_msc.c:549:27:USBH_MSC_SOFProcess	16	static
C:/Users/DELL/Documents/GitHub/EspecializacionSTM32/STemWin/Middlewares/ST/STM32_USB_Host_Library/Class/MSC/Src/usbh_msc.c:563:27:USBH_MSC_RdWrProcess	40	static
C:/Users/DELL/Documents/GitHub/EspecializacionSTM32/STemWin/Middlewares/ST/STM32_USB_Host_Library/Class/MSC/Src/usbh_msc.c:684:9:USBH_MSC_IsReady	24	static
C:/Users/DELL/Documents/GitHub/EspecializacionSTM32/STemWin/Middlewares/ST/STM32_USB_Host_Library/Class/MSC/Src/usbh_msc.c:707:9:USBH_MSC_GetMaxLUN	24	static
C:/Users/DELL/Documents/GitHub/EspecializacionSTM32/STemWin/Middlewares/ST/STM32_USB_Host_Library/Class/MSC/Src/usbh_msc.c:726:9:USBH_MSC_UnitIsReady	24	static
C:/Users/DELL/Documents/GitHub/EspecializacionSTM32/STemWin/Middlewares/ST/STM32_USB_Host_Library/Class/MSC/Src/usbh_msc.c:750:20:USBH_MSC_GetLUNInfo	32	static
C:/Users/DELL/Documents/GitHub/EspecializacionSTM32/STemWin/Middlewares/ST/STM32_USB_Host_Library/Class/MSC/Src/usbh_msc.c:774:20:USBH_MSC_Read	40	static
C:/Users/DELL/Documents/GitHub/EspecializacionSTM32/STemWin/Middlewares/ST/STM32_USB_Host_Library/Class/MSC/Src/usbh_msc.c:821:20:USBH_MSC_Write	40	static
