../lvgl/src/draw/sw/../../misc/lv_color.h:439:48:lv_color_mix	32	static
../lvgl/src/draw/sw/../../misc/lv_color.h:468:42:lv_color_premult	16	static
../lvgl/src/draw/sw/../../misc/lv_color.h:493:48:lv_color_mix_premult	24	static
../lvgl/src/draw/sw/../../misc/lv_color.h:588:26:lv_color_make	16	static
../lvgl/src/draw/sw/../../misc/lv_color.h:693:26:lv_color_black	8	static
../lvgl/src/draw/sw/../../misc/lv_area.h:123:26:lv_area_get_width	16	static
../lvgl/src/draw/sw/../../misc/lv_area.h:133:26:lv_area_get_height	16	static
../lvgl/src/draw/sw/lv_draw_sw_blend.c:91:6:lv_draw_sw_blend	24	static
../lvgl/src/draw/sw/lv_draw_sw_blend.c:104:28:lv_draw_sw_blend_basic	88	static
../lvgl/src/draw/sw/lv_draw_sw_blend.c:198:13:fill_set_px	80	static
../lvgl/src/draw/sw/lv_draw_sw_blend.c:231:35:fill_normal	88	static
../lvgl/src/draw/sw/lv_draw_sw_blend.c:503:13:fill_blended	64	static
../lvgl/src/draw/sw/lv_draw_sw_blend.c:574:13:map_set_px	80	static
../lvgl/src/draw/sw/lv_draw_sw_blend.c:609:35:map_normal	64	static
../lvgl/src/draw/sw/lv_draw_sw_blend.c:844:13:map_blended	56	static
../lvgl/src/draw/sw/lv_draw_sw_blend.c:898:26:color_blend_true_color_additive	24	static
../lvgl/src/draw/sw/lv_draw_sw_blend.c:951:26:color_blend_true_color_subtractive	24	static
../lvgl/src/draw/sw/lv_draw_sw_blend.c:977:26:color_blend_true_color_multiply	16	static
