20:42:54 **** Incremental Build of configuration Debug for project Ejemplo37_TouchgfxILI ****
make -j4 all 
arm-none-eabi-g++ "../TouchGFX/target/generated/TouchGFXConfiguration.cpp" -mcpu=cortex-m4 -std=gnu++14 -g3 -DDEBUG -DUSE_HAL_DRIVER -DSTM32F401xE -c -I../Core/Inc -I../Drivers/STM32F4xx_HAL_Driver/Inc -I../Drivers/STM32F4xx_HAL_Driver/Inc/Legacy -I../Drivers/CMSIS/Device/ST/STM32F4xx/Include -I../Drivers/CMSIS/Include -I../TouchGFX/App -I../TouchGFX/target/generated -I../TouchGFX/target -I../Middlewares/ST/touchgfx/framework/include -I../TouchGFX/generated/fonts/include -I../TouchGFX/generated/gui_generated/include -I../TouchGFX/generated/images/include -I../TouchGFX/generated/texts/include -I../TouchGFX/generated/videos/include -I../TouchGFX/gui/include -O0 -ffunction-sections -fdata-sections -fno-exceptions -fno-rtti -fno-use-cxa-atexit -Wall -femit-class-debug-always -fstack-usage -fcyclomatic-complexity -MMD -MP -MF"TouchGFX/target/generated/TouchGFXConfiguration.d" -MT"TouchGFX/target/generated/TouchGFXConfiguration.o" --specs=nano.specs -mfpu=fpv4-sp-d16 -mfloat-abi=hard -mthumb -o "TouchGFX/target/generated/TouchGFXConfiguration.o"
arm-none-eabi-g++ "../TouchGFX/target/generated/TouchGFXGeneratedHAL.cpp" -mcpu=cortex-m4 -std=gnu++14 -g3 -DDEBUG -DUSE_HAL_DRIVER -DSTM32F401xE -c -I../Core/Inc -I../Drivers/STM32F4xx_HAL_Driver/Inc -I../Drivers/STM32F4xx_HAL_Driver/Inc/Legacy -I../Drivers/CMSIS/Device/ST/STM32F4xx/Include -I../Drivers/CMSIS/Include -I../TouchGFX/App -I../TouchGFX/target/generated -I../TouchGFX/target -I../Middlewares/ST/touchgfx/framework/include -I../TouchGFX/generated/fonts/include -I../TouchGFX/generated/gui_generated/include -I../TouchGFX/generated/images/include -I../TouchGFX/generated/texts/include -I../TouchGFX/generated/videos/include -I../TouchGFX/gui/include -O0 -ffunction-sections -fdata-sections -fno-exceptions -fno-rtti -fno-use-cxa-atexit -Wall -femit-class-debug-always -fstack-usage -fcyclomatic-complexity -MMD -MP -MF"TouchGFX/target/generated/TouchGFXGeneratedHAL.d" -MT"TouchGFX/target/generated/TouchGFXGeneratedHAL.o" --specs=nano.specs -mfpu=fpv4-sp-d16 -mfloat-abi=hard -mthumb -o "TouchGFX/target/generated/TouchGFXGeneratedHAL.o"
arm-none-eabi-g++ "../TouchGFX/gui/src/escena1_screen/Escena1Presenter.cpp" -mcpu=cortex-m4 -std=gnu++14 -g3 -DDEBUG -DUSE_HAL_DRIVER -DSTM32F401xE -c -I../Core/Inc -I../Drivers/STM32F4xx_HAL_Driver/Inc -I../Drivers/STM32F4xx_HAL_Driver/Inc/Legacy -I../Drivers/CMSIS/Device/ST/STM32F4xx/Include -I../Drivers/CMSIS/Include -I../TouchGFX/App -I../TouchGFX/target/generated -I../TouchGFX/target -I../Middlewares/ST/touchgfx/framework/include -I../TouchGFX/generated/fonts/include -I../TouchGFX/generated/gui_generated/include -I../TouchGFX/generated/images/include -I../TouchGFX/generated/texts/include -I../TouchGFX/generated/videos/include -I../TouchGFX/gui/include -O0 -ffunction-sections -fdata-sections -fno-exceptions -fno-rtti -fno-use-cxa-atexit -Wall -femit-class-debug-always -fstack-usage -fcyclomatic-complexity -MMD -MP -MF"TouchGFX/gui/src/escena1_screen/Escena1Presenter.d" -MT"TouchGFX/gui/src/escena1_screen/Escena1Presenter.o" --specs=nano.specs -mfpu=fpv4-sp-d16 -mfloat-abi=hard -mthumb -o "TouchGFX/gui/src/escena1_screen/Escena1Presenter.o"
arm-none-eabi-g++ "../TouchGFX/gui/src/escena1_screen/Escena1View.cpp" -mcpu=cortex-m4 -std=gnu++14 -g3 -DDEBUG -DUSE_HAL_DRIVER -DSTM32F401xE -c -I../Core/Inc -I../Drivers/STM32F4xx_HAL_Driver/Inc -I../Drivers/STM32F4xx_HAL_Driver/Inc/Legacy -I../Drivers/CMSIS/Device/ST/STM32F4xx/Include -I../Drivers/CMSIS/Include -I../TouchGFX/App -I../TouchGFX/target/generated -I../TouchGFX/target -I../Middlewares/ST/touchgfx/framework/include -I../TouchGFX/generated/fonts/include -I../TouchGFX/generated/gui_generated/include -I../TouchGFX/generated/images/include -I../TouchGFX/generated/texts/include -I../TouchGFX/generated/videos/include -I../TouchGFX/gui/include -O0 -ffunction-sections -fdata-sections -fno-exceptions -fno-rtti -fno-use-cxa-atexit -Wall -femit-class-debug-always -fstack-usage -fcyclomatic-complexity -MMD -MP -MF"TouchGFX/gui/src/escena1_screen/Escena1View.d" -MT"TouchGFX/gui/src/escena1_screen/Escena1View.o" --specs=nano.specs -mfpu=fpv4-sp-d16 -mfloat-abi=hard -mthumb -o "TouchGFX/gui/src/escena1_screen/Escena1View.o"
arm-none-eabi-g++ "../TouchGFX/generated/texts/src/LanguageGb.cpp" -mcpu=cortex-m4 -std=gnu++14 -g3 -DDEBUG -DUSE_HAL_DRIVER -DSTM32F401xE -c -I../Core/Inc -I../Drivers/STM32F4xx_HAL_Driver/Inc -I../Drivers/STM32F4xx_HAL_Driver/Inc/Legacy -I../Drivers/CMSIS/Device/ST/STM32F4xx/Include -I../Drivers/CMSIS/Include -I../TouchGFX/App -I../TouchGFX/target/generated -I../TouchGFX/target -I../Middlewares/ST/touchgfx/framework/include -I../TouchGFX/generated/fonts/include -I../TouchGFX/generated/gui_generated/include -I../TouchGFX/generated/images/include -I../TouchGFX/generated/texts/include -I../TouchGFX/generated/videos/include -I../TouchGFX/gui/include -O0 -ffunction-sections -fdata-sections -fno-exceptions -fno-rtti -fno-use-cxa-atexit -Wall -femit-class-debug-always -fstack-usage -fcyclomatic-complexity -MMD -MP -MF"TouchGFX/generated/texts/src/LanguageGb.d" -MT"TouchGFX/generated/texts/src/LanguageGb.o" --specs=nano.specs -mfpu=fpv4-sp-d16 -mfloat-abi=hard -mthumb -o "TouchGFX/generated/texts/src/LanguageGb.o"
arm-none-eabi-g++ "../TouchGFX/generated/texts/src/Texts.cpp" -mcpu=cortex-m4 -std=gnu++14 -g3 -DDEBUG -DUSE_HAL_DRIVER -DSTM32F401xE -c -I../Core/Inc -I../Drivers/STM32F4xx_HAL_Driver/Inc -I../Drivers/STM32F4xx_HAL_Driver/Inc/Legacy -I../Drivers/CMSIS/Device/ST/STM32F4xx/Include -I../Drivers/CMSIS/Include -I../TouchGFX/App -I../TouchGFX/target/generated -I../TouchGFX/target -I../Middlewares/ST/touchgfx/framework/include -I../TouchGFX/generated/fonts/include -I../TouchGFX/generated/gui_generated/include -I../TouchGFX/generated/images/include -I../TouchGFX/generated/texts/include -I../TouchGFX/generated/videos/include -I../TouchGFX/gui/include -O0 -ffunction-sections -fdata-sections -fno-exceptions -fno-rtti -fno-use-cxa-atexit -Wall -femit-class-debug-always -fstack-usage -fcyclomatic-complexity -MMD -MP -MF"TouchGFX/generated/texts/src/Texts.d" -MT"TouchGFX/generated/texts/src/Texts.o" --specs=nano.specs -mfpu=fpv4-sp-d16 -mfloat-abi=hard -mthumb -o "TouchGFX/generated/texts/src/Texts.o"
arm-none-eabi-g++ "../TouchGFX/generated/texts/src/TypedTextDatabase.cpp" -mcpu=cortex-m4 -std=gnu++14 -g3 -DDEBUG -DUSE_HAL_DRIVER -DSTM32F401xE -c -I../Core/Inc -I../Drivers/STM32F4xx_HAL_Driver/Inc -I../Drivers/STM32F4xx_HAL_Driver/Inc/Legacy -I../Drivers/CMSIS/Device/ST/STM32F4xx/Include -I../Drivers/CMSIS/Include -I../TouchGFX/App -I../TouchGFX/target/generated -I../TouchGFX/target -I../Middlewares/ST/touchgfx/framework/include -I../TouchGFX/generated/fonts/include -I../TouchGFX/generated/gui_generated/include -I../TouchGFX/generated/images/include -I../TouchGFX/generated/texts/include -I../TouchGFX/generated/videos/include -I../TouchGFX/gui/include -O0 -ffunction-sections -fdata-sections -fno-exceptions -fno-rtti -fno-use-cxa-atexit -Wall -femit-class-debug-always -fstack-usage -fcyclomatic-complexity -MMD -MP -MF"TouchGFX/generated/texts/src/TypedTextDatabase.d" -MT"TouchGFX/generated/texts/src/TypedTextDatabase.o" --specs=nano.specs -mfpu=fpv4-sp-d16 -mfloat-abi=hard -mthumb -o "TouchGFX/generated/texts/src/TypedTextDatabase.o"
arm-none-eabi-g++ "../TouchGFX/generated/gui_generated/src/escena1_screen/Escena1ViewBase.cpp" -mcpu=cortex-m4 -std=gnu++14 -g3 -DDEBUG -DUSE_HAL_DRIVER -DSTM32F401xE -c -I../Core/Inc -I../Drivers/STM32F4xx_HAL_Driver/Inc -I../Drivers/STM32F4xx_HAL_Driver/Inc/Legacy -I../Drivers/CMSIS/Device/ST/STM32F4xx/Include -I../Drivers/CMSIS/Include -I../TouchGFX/App -I../TouchGFX/target/generated -I../TouchGFX/target -I../Middlewares/ST/touchgfx/framework/include -I../TouchGFX/generated/fonts/include -I../TouchGFX/generated/gui_generated/include -I../TouchGFX/generated/images/include -I../TouchGFX/generated/texts/include -I../TouchGFX/generated/videos/include -I../TouchGFX/gui/include -O0 -ffunction-sections -fdata-sections -fno-exceptions -fno-rtti -fno-use-cxa-atexit -Wall -femit-class-debug-always -fstack-usage -fcyclomatic-complexity -MMD -MP -MF"TouchGFX/generated/gui_generated/src/escena1_screen/Escena1ViewBase.d" -MT"TouchGFX/generated/gui_generated/src/escena1_screen/Escena1ViewBase.o" --specs=nano.specs -mfpu=fpv4-sp-d16 -mfloat-abi=hard -mthumb -o "TouchGFX/generated/gui_generated/src/escena1_screen/Escena1ViewBase.o"
arm-none-eabi-g++ "../TouchGFX/generated/gui_generated/src/common/FrontendApplicationBase.cpp" -mcpu=cortex-m4 -std=gnu++14 -g3 -DDEBUG -DUSE_HAL_DRIVER -DSTM32F401xE -c -I../Core/Inc -I../Drivers/STM32F4xx_HAL_Driver/Inc -I../Drivers/STM32F4xx_HAL_Driver/Inc/Legacy -I../Drivers/CMSIS/Device/ST/STM32F4xx/Include -I../Drivers/CMSIS/Include -I../TouchGFX/App -I../TouchGFX/target/generated -I../TouchGFX/target -I../Middlewares/ST/touchgfx/framework/include -I../TouchGFX/generated/fonts/include -I../TouchGFX/generated/gui_generated/include -I../TouchGFX/generated/images/include -I../TouchGFX/generated/texts/include -I../TouchGFX/generated/videos/include -I../TouchGFX/gui/include -O0 -ffunction-sections -fdata-sections -fno-exceptions -fno-rtti -fno-use-cxa-atexit -Wall -femit-class-debug-always -fstack-usage -fcyclomatic-complexity -MMD -MP -MF"TouchGFX/generated/gui_generated/src/common/FrontendApplicationBase.d" -MT"TouchGFX/generated/gui_generated/src/common/FrontendApplicationBase.o" --specs=nano.specs -mfpu=fpv4-sp-d16 -mfloat-abi=hard -mthumb -o "TouchGFX/generated/gui_generated/src/common/FrontendApplicationBase.o"
arm-none-eabi-g++ "../TouchGFX/generated/fonts/src/Font_verdana_20_4bpp_0.cpp" -mcpu=cortex-m4 -std=gnu++14 -g3 -DDEBUG -DUSE_HAL_DRIVER -DSTM32F401xE -c -I../Core/Inc -I../Drivers/STM32F4xx_HAL_Driver/Inc -I../Drivers/STM32F4xx_HAL_Driver/Inc/Legacy -I../Drivers/CMSIS/Device/ST/STM32F4xx/Include -I../Drivers/CMSIS/Include -I../TouchGFX/App -I../TouchGFX/target/generated -I../TouchGFX/target -I../Middlewares/ST/touchgfx/framework/include -I../TouchGFX/generated/fonts/include -I../TouchGFX/generated/gui_generated/include -I../TouchGFX/generated/images/include -I../TouchGFX/generated/texts/include -I../TouchGFX/generated/videos/include -I../TouchGFX/gui/include -O0 -ffunction-sections -fdata-sections -fno-exceptions -fno-rtti -fno-use-cxa-atexit -Wall -femit-class-debug-always -fstack-usage -fcyclomatic-complexity -MMD -MP -MF"TouchGFX/generated/fonts/src/Font_verdana_20_4bpp_0.d" -MT"TouchGFX/generated/fonts/src/Font_verdana_20_4bpp_0.o" --specs=nano.specs -mfpu=fpv4-sp-d16 -mfloat-abi=hard -mthumb -o "TouchGFX/generated/fonts/src/Font_verdana_20_4bpp_0.o"
arm-none-eabi-g++ "../TouchGFX/generated/fonts/src/Kerning_verdana_20_4bpp.cpp" -mcpu=cortex-m4 -std=gnu++14 -g3 -DDEBUG -DUSE_HAL_DRIVER -DSTM32F401xE -c -I../Core/Inc -I../Drivers/STM32F4xx_HAL_Driver/Inc -I../Drivers/STM32F4xx_HAL_Driver/Inc/Legacy -I../Drivers/CMSIS/Device/ST/STM32F4xx/Include -I../Drivers/CMSIS/Include -I../TouchGFX/App -I../TouchGFX/target/generated -I../TouchGFX/target -I../Middlewares/ST/touchgfx/framework/include -I../TouchGFX/generated/fonts/include -I../TouchGFX/generated/gui_generated/include -I../TouchGFX/generated/images/include -I../TouchGFX/generated/texts/include -I../TouchGFX/generated/videos/include -I../TouchGFX/gui/include -O0 -ffunction-sections -fdata-sections -fno-exceptions -fno-rtti -fno-use-cxa-atexit -Wall -femit-class-debug-always -fstack-usage -fcyclomatic-complexity -MMD -MP -MF"TouchGFX/generated/fonts/src/Kerning_verdana_20_4bpp.d" -MT"TouchGFX/generated/fonts/src/Kerning_verdana_20_4bpp.o" --specs=nano.specs -mfpu=fpv4-sp-d16 -mfloat-abi=hard -mthumb -o "TouchGFX/generated/fonts/src/Kerning_verdana_20_4bpp.o"
arm-none-eabi-g++ "../TouchGFX/generated/fonts/src/Table_verdana_20_4bpp.cpp" -mcpu=cortex-m4 -std=gnu++14 -g3 -DDEBUG -DUSE_HAL_DRIVER -DSTM32F401xE -c -I../Core/Inc -I../Drivers/STM32F4xx_HAL_Driver/Inc -I../Drivers/STM32F4xx_HAL_Driver/Inc/Legacy -I../Drivers/CMSIS/Device/ST/STM32F4xx/Include -I../Drivers/CMSIS/Include -I../TouchGFX/App -I../TouchGFX/target/generated -I../TouchGFX/target -I../Middlewares/ST/touchgfx/framework/include -I../TouchGFX/generated/fonts/include -I../TouchGFX/generated/gui_generated/include -I../TouchGFX/generated/images/include -I../TouchGFX/generated/texts/include -I../TouchGFX/generated/videos/include -I../TouchGFX/gui/include -O0 -ffunction-sections -fdata-sections -fno-exceptions -fno-rtti -fno-use-cxa-atexit -Wall -femit-class-debug-always -fstack-usage -fcyclomatic-complexity -MMD -MP -MF"TouchGFX/generated/fonts/src/Table_verdana_20_4bpp.d" -MT"TouchGFX/generated/fonts/src/Table_verdana_20_4bpp.o" --specs=nano.specs -mfpu=fpv4-sp-d16 -mfloat-abi=hard -mthumb -o "TouchGFX/generated/fonts/src/Table_verdana_20_4bpp.o"
arm-none-eabi-g++ -o "Ejemplo37_TouchgfxILI.elf" @"objects.list"  -l:libtouchgfx-float-abi-hard.a -mcpu=cortex-m4 -T"C:\Users\DELL\Documents\GitHub\EspecializacionSTM32\Ejemplo37_TouchgfxILI\STM32F401RETX_FLASH.ld" -Wl,-Map="Ejemplo37_TouchgfxILI.map" -Wl,--gc-sections -static -L"C:\Users\DELL\Documents\GitHub\EspecializacionSTM32\Ejemplo37_TouchgfxILI\Middlewares\ST\touchgfx\lib\core\cortex_m4f\gcc" --specs=nano.specs -mfpu=fpv4-sp-d16 -mfloat-abi=hard -mthumb -Wl,--start-group -lc -lm -lstdc++ -lsupc++ -Wl,--end-group
Finished building target: Ejemplo37_TouchgfxILI.elf
 
arm-none-eabi-size   Ejemplo37_TouchgfxILI.elf 
arm-none-eabi-objdump -h -S  Ejemplo37_TouchgfxILI.elf  > "Ejemplo37_TouchgfxILI.list"
   text	   data	    bss	    dec	    hex	filename
 453932	    280	  12140	 466352	  71db0	Ejemplo37_TouchgfxILI.elf
Finished building: default.size.stdout
 
Finished building: Ejemplo37_TouchgfxILI.list
 

20:43:02 Build Finished. 0 errors, 0 warnings. (took 8s.567ms)

