17:19:32 **** Incremental Build of configuration Debug for project Ejemplo17_ILI9341 ****
make -j4 all 
arm-none-eabi-gcc "../Core/Src/main.c" -mcpu=cortex-m4 -std=gnu11 -g3 -DDEBUG -DUSE_HAL_DRIVER -DSTM32F401xE -c -I../Core/Inc -I../Drivers/STM32F4xx_HAL_Driver/Inc -I../Drivers/STM32F4xx_HAL_Driver/Inc/Legacy -I../Drivers/CMSIS/Device/ST/STM32F4xx/Include -I../Drivers/CMSIS/Include -O0 -ffunction-sections -fdata-sections -Wall -fstack-usage -fcyclomatic-complexity -MMD -MP -MF"Core/Src/main.d" -MT"Core/Src/main.o" --specs=nano.specs -mfpu=fpv4-sp-d16 -mfloat-abi=hard -mthumb -o "Core/Src/main.o"
../Core/Src/main.c: In function 'main':
../Core/Src/main.c:141:9: warning: implicit declaration of function 'sprintf' [-Wimplicit-function-declaration]
  141 |         sprintf(Buffer,"Contador en %d",var);
      |         ^~~~~~~
../Core/Src/main.c:26:1: note: include '<stdio.h>' or provide a declaration of 'sprintf'
   25 | #include "ILI9341_GFX.h"
  +++ |+#include <stdio.h>
   26 | /* USER CODE END Includes */
../Core/Src/main.c:141:9: warning: incompatible implicit declaration of built-in function 'sprintf' [-Wbuiltin-declaration-mismatch]
  141 |         sprintf(Buffer,"Contador en %d",var);
      |         ^~~~~~~
../Core/Src/main.c:141:9: note: include '<stdio.h>' or provide a declaration of 'sprintf'
arm-none-eabi-gcc -o "Ejemplo17_ILI9341.elf" @"objects.list"   -mcpu=cortex-m4 -T"C:\Users\DELL\Documents\GitHub\EspecializacionSTM32\Ejemplo17_ILI9341\STM32F401RETX_FLASH.ld" --specs=nosys.specs -Wl,-Map="Ejemplo17_ILI9341.map" -Wl,--gc-sections -static --specs=nano.specs -mfpu=fpv4-sp-d16 -mfloat-abi=hard -mthumb -Wl,--start-group -lc -lm -Wl,--end-group
Finished building target: Ejemplo17_ILI9341.elf
 
arm-none-eabi-size   Ejemplo17_ILI9341.elf 
arm-none-eabi-objdump -h -S  Ejemplo17_ILI9341.elf  > "Ejemplo17_ILI9341.list"
   text	   data	    bss	    dec	    hex	filename
  23776	    104	   2088	  25968	   6570	Ejemplo17_ILI9341.elf
Finished building: default.size.stdout
 
Finished building: Ejemplo17_ILI9341.list
 

17:19:36 Build Finished. 0 errors, 2 warnings. (took 3s.943ms)

