17:07:50 **** Incremental Build of configuration Debug for project Ejemplo9_ADC_ ****
make -j4 all 
arm-none-eabi-gcc "../Core/Src/main.c" -mcpu=cortex-m4 -std=gnu11 -g3 -DDEBUG -DUSE_HAL_DRIVER -DSTM32F401xE -c -I../Core/Inc -I../Drivers/STM32F4xx_HAL_Driver/Inc -I../Drivers/STM32F4xx_HAL_Driver/Inc/Legacy -I../Drivers/CMSIS/Device/ST/STM32F4xx/Include -I../Drivers/CMSIS/Include -O0 -ffunction-sections -fdata-sections -Wall -fstack-usage -fcyclomatic-complexity -MMD -MP -MF"Core/Src/main.d" -MT"Core/Src/main.o" --specs=nano.specs -mfpu=fpv4-sp-d16 -mfloat-abi=hard -mthumb -o "Core/Src/main.o"
arm-none-eabi-gcc -o "Ejemplo9_ADC_.elf" @"objects.list"   -mcpu=cortex-m4 -T"C:\Users\DELL\Documents\GitHub\EspecializacionSTM32\Ejemplo9_ADC_\STM32F401RETX_FLASH.ld" --specs=nosys.specs -Wl,-Map="Ejemplo9_ADC_.map" -Wl,--gc-sections -static --specs=nano.specs -mfpu=fpv4-sp-d16 -mfloat-abi=hard -mthumb -Wl,--start-group -lc -lm -Wl,--end-group
Finished building target: Ejemplo9_ADC_.elf
 
arm-none-eabi-size   Ejemplo9_ADC_.elf 
arm-none-eabi-objdump -h -S  Ejemplo9_ADC_.elf  > "Ejemplo9_ADC_.list"
   text	   data	    bss	    dec	    hex	filename
  14668	    112	   2056	  16836	   41c4	Ejemplo9_ADC_.elf
Finished building: default.size.stdout
 
Finished building: Ejemplo9_ADC_.list
 

17:07:55 Build Finished. 0 errors, 0 warnings. (took 5s.507ms)

