17:40:13 **** Incremental Build of configuration Debug for project Ejemplo33_SemaforoConteo ****
make -j4 all 
arm-none-eabi-gcc "../Core/Src/main.c" -mcpu=cortex-m4 -std=gnu11 -g3 -DDEBUG -DUSE_HAL_DRIVER -DSTM32F401xE -c -I"C:/Users/DELL/Documents/GitHub/EspecializacionSTM32/Ejemplo33_SemaforoConteo/Middlewares/Third_Party/FreeRTOS/include" -I"C:/Users/DELL/Documents/GitHub/EspecializacionSTM32/Ejemplo33_SemaforoConteo/Middlewares/Third_Party/FreeRTOS/portable/GCC/ARM_CM4F" -I../Core/Inc -I"C:/Users/DELL/Documents/GitHub/EspecializacionSTM32/Ejemplo33_SemaforoConteo/Middlewares/Third_Party/SEGGER/Config" -I"C:/Users/DELL/Documents/GitHub/EspecializacionSTM32/Ejemplo33_SemaforoConteo/Middlewares/Third_Party/SEGGER/OS" -I"C:/Users/DELL/Documents/GitHub/EspecializacionSTM32/Ejemplo33_SemaforoConteo/Middlewares/Third_Party/SEGGER/SEGGER" -I../Drivers/STM32F4xx_HAL_Driver/Inc -I../Drivers/STM32F4xx_HAL_Driver/Inc/Legacy -I../Drivers/CMSIS/Device/ST/STM32F4xx/Include -I../Drivers/CMSIS/Include -O0 -ffunction-sections -fdata-sections -Wall -fstack-usage -fcyclomatic-complexity -MMD -MP -MF"Core/Src/main.d" -MT"Core/Src/main.o" --specs=nano.specs -mfpu=fpv4-sp-d16 -mfloat-abi=hard -mthumb -o "Core/Src/main.o"
../Core/Src/main.c: In function 'main':
../Core/Src/main.c:124:76: warning: passing argument 6 of 'xTaskCreate' from incompatible pointer type [-Wincompatible-pointer-types]
  124 |   status= xTaskCreate(vTask1, "tarea1", configMINIMAL_STACK_SIZE, NULL, 0, xTask1);
      |                                                                            ^~~~~~
      |                                                                            |
      |                                                                            TaskHandle_t {aka struct tskTaskControlBlock *}
In file included from ../Core/Src/main.c:27:
C:/Users/DELL/Documents/GitHub/EspecializacionSTM32/Ejemplo33_SemaforoConteo/Middlewares/Third_Party/FreeRTOS/include/task.h:360:50: note: expected 'struct tskTaskControlBlock ** const' but argument is of type 'TaskHandle_t' {aka 'struct tskTaskControlBlock *'}
  360 |                             TaskHandle_t * const pxCreatedTask ) PRIVILEGED_FUNCTION;
      |                             ~~~~~~~~~~~~~~~~~~~~~^~~~~~~~~~~~~
../Core/Src/main.c:126:76: warning: passing argument 6 of 'xTaskCreate' from incompatible pointer type [-Wincompatible-pointer-types]
  126 |   status= xTaskCreate(vTask2, "tarea2", configMINIMAL_STACK_SIZE, NULL, 0, xTask2);
      |                                                                            ^~~~~~
      |                                                                            |
      |                                                                            TaskHandle_t {aka struct tskTaskControlBlock *}
In file included from ../Core/Src/main.c:27:
C:/Users/DELL/Documents/GitHub/EspecializacionSTM32/Ejemplo33_SemaforoConteo/Middlewares/Third_Party/FreeRTOS/include/task.h:360:50: note: expected 'struct tskTaskControlBlock ** const' but argument is of type 'TaskHandle_t' {aka 'struct tskTaskControlBlock *'}
  360 |                             TaskHandle_t * const pxCreatedTask ) PRIVILEGED_FUNCTION;
      |                             ~~~~~~~~~~~~~~~~~~~~~^~~~~~~~~~~~~
../Core/Src/main.c:128:76: warning: passing argument 6 of 'xTaskCreate' from incompatible pointer type [-Wincompatible-pointer-types]
  128 |   status= xTaskCreate(vTask3, "tarea3", configMINIMAL_STACK_SIZE, NULL, 0, xTask3);
      |                                                                            ^~~~~~
      |                                                                            |
      |                                                                            TaskHandle_t {aka struct tskTaskControlBlock *}
In file included from ../Core/Src/main.c:27:
C:/Users/DELL/Documents/GitHub/EspecializacionSTM32/Ejemplo33_SemaforoConteo/Middlewares/Third_Party/FreeRTOS/include/task.h:360:50: note: expected 'struct tskTaskControlBlock ** const' but argument is of type 'TaskHandle_t' {aka 'struct tskTaskControlBlock *'}
  360 |                             TaskHandle_t * const pxCreatedTask ) PRIVILEGED_FUNCTION;
      |                             ~~~~~~~~~~~~~~~~~~~~~^~~~~~~~~~~~~
arm-none-eabi-gcc -o "Ejemplo33_SemaforoConteo.elf" @"objects.list"   -mcpu=cortex-m4 -T"C:\Users\DELL\Documents\GitHub\EspecializacionSTM32\Ejemplo33_SemaforoConteo\STM32F401RETX_FLASH.ld" --specs=nosys.specs -Wl,-Map="Ejemplo33_SemaforoConteo.map" -Wl,--gc-sections -static --specs=nano.specs -mfpu=fpv4-sp-d16 -mfloat-abi=hard -mthumb -Wl,--start-group -lc -lm -Wl,--end-group
Finished building target: Ejemplo33_SemaforoConteo.elf
 
arm-none-eabi-size   Ejemplo33_SemaforoConteo.elf 
arm-none-eabi-objdump -h -S  Ejemplo33_SemaforoConteo.elf  > "Ejemplo33_SemaforoConteo.list"
   text	   data	    bss	    dec	    hex	filename
  30840	     28	  19164	  50032	   c370	Ejemplo33_SemaforoConteo.elf
Finished building: default.size.stdout
 
Finished building: Ejemplo33_SemaforoConteo.list
 

17:40:20 Build Finished. 0 errors, 3 warnings. (took 6s.411ms)

