04:37:05 **** Clean-only build of configuration Debug for project Plantilla_RTOS ****
make -j4 clean 
rm -rf ./Middlewares/Third_Party/SEGGER/SEGGER/Syscalls/SEGGER_RTT_Syscalls_GCC.cyclo ./Middlewares/Third_Party/SEGGER/SEGGER/Syscalls/SEGGER_RTT_Syscalls_GCC.d ./Middlewares/Third_Party/SEGGER/SEGGER/Syscalls/SEGGER_RTT_Syscalls_GCC.o ./Middlewares/Third_Party/SEGGER/SEGGER/Syscalls/SEGGER_RTT_Syscalls_GCC.su
rm -rf ./Middlewares/Third_Party/SEGGER/SEGGER/SEGGER_RTT.cyclo ./Middlewares/Third_Party/SEGGER/SEGGER/SEGGER_RTT.d ./Middlewares/Third_Party/SEGGER/SEGGER/SEGGER_RTT.o ./Middlewares/Third_Party/SEGGER/SEGGER/SEGGER_RTT.su ./Middlewares/Third_Party/SEGGER/SEGGER/SEGGER_RTT_ASM_ARMv7M.d ./Middlewares/Third_Party/SEGGER/SEGGER/SEGGER_RTT_ASM_ARMv7M.o ./Middlewares/Third_Party/SEGGER/SEGGER/SEGGER_RTT_printf.cyclo ./Middlewares/Third_Party/SEGGER/SEGGER/SEGGER_RTT_printf.d ./Middlewares/Third_Party/SEGGER/SEGGER/SEGGER_RTT_printf.o ./Middlewares/Third_Party/SEGGER/SEGGER/SEGGER_RTT_printf.su ./Middlewares/Third_Party/SEGGER/SEGGER/SEGGER_SYSVIEW.cyclo ./Middlewares/Third_Party/SEGGER/SEGGER/SEGGER_SYSVIEW.d ./Middlewares/Third_Party/SEGGER/SEGGER/SEGGER_SYSVIEW.o ./Middlewares/Third_Party/SEGGER/SEGGER/SEGGER_SYSVIEW.su
rm -rf ./Middlewares/Third_Party/SEGGER/OS/SEGGER_SYSVIEW_FreeRTOS.cyclo ./Middlewares/Third_Party/SEGGER/OS/SEGGER_SYSVIEW_FreeRTOS.d ./Middlewares/Third_Party/SEGGER/OS/SEGGER_SYSVIEW_FreeRTOS.o ./Middlewares/Third_Party/SEGGER/OS/SEGGER_SYSVIEW_FreeRTOS.su
rm -rf ./Middlewares/Third_Party/SEGGER/Config/SEGGER_SYSVIEW_Config_FreeRTOS.cyclo ./Middlewares/Third_Party/SEGGER/Config/SEGGER_SYSVIEW_Config_FreeRTOS.d ./Middlewares/Third_Party/SEGGER/Config/SEGGER_SYSVIEW_Config_FreeRTOS.o ./Middlewares/Third_Party/SEGGER/Config/SEGGER_SYSVIEW_Config_FreeRTOS.su
rm -rf ./Middlewares/Third_Party/FreeRTOS/portable/MemMang/heap_4.cyclo ./Middlewares/Third_Party/FreeRTOS/portable/MemMang/heap_4.d ./Middlewares/Third_Party/FreeRTOS/portable/MemMang/heap_4.o ./Middlewares/Third_Party/FreeRTOS/portable/MemMang/heap_4.su
rm -rf ./Middlewares/Third_Party/FreeRTOS/portable/GCC/ARM_CM4F/port.cyclo ./Middlewares/Third_Party/FreeRTOS/portable/GCC/ARM_CM4F/port.d ./Middlewares/Third_Party/FreeRTOS/portable/GCC/ARM_CM4F/port.o ./Middlewares/Third_Party/FreeRTOS/portable/GCC/ARM_CM4F/port.su
rm -rf ./Middlewares/Third_Party/FreeRTOS/croutine.cyclo ./Middlewares/Third_Party/FreeRTOS/croutine.d ./Middlewares/Third_Party/FreeRTOS/croutine.o ./Middlewares/Third_Party/FreeRTOS/croutine.su ./Middlewares/Third_Party/FreeRTOS/event_groups.cyclo ./Middlewares/Third_Party/FreeRTOS/event_groups.d ./Middlewares/Third_Party/FreeRTOS/event_groups.o ./Middlewares/Third_Party/FreeRTOS/event_groups.su ./Middlewares/Third_Party/FreeRTOS/list.cyclo ./Middlewares/Third_Party/FreeRTOS/list.d ./Middlewares/Third_Party/FreeRTOS/list.o ./Middlewares/Third_Party/FreeRTOS/list.su ./Middlewares/Third_Party/FreeRTOS/queue.cyclo ./Middlewares/Third_Party/FreeRTOS/queue.d ./Middlewares/Third_Party/FreeRTOS/queue.o ./Middlewares/Third_Party/FreeRTOS/queue.su ./Middlewares/Third_Party/FreeRTOS/stream_buffer.cyclo ./Middlewares/Third_Party/FreeRTOS/stream_buffer.d ./Middlewares/Third_Party/FreeRTOS/stream_buffer.o ./Middlewares/Third_Party/FreeRTOS/stream_buffer.su ./Middlewares/Third_Party/FreeRTOS/tasks.cyclo ./Middlewares/Third_Party/FreeRTOS/tasks.d ./Middlewares/Third_Party/FreeRTOS/tasks.o ./Middlewares/Third_Party/FreeRTOS/tasks.su ./Middlewares/Third_Party/FreeRTOS/timers.cyclo ./Middlewares/Third_Party/FreeRTOS/timers.d ./Middlewares/Third_Party/FreeRTOS/timers.o ./Middlewares/Third_Party/FreeRTOS/timers.su
rm -rf ./Drivers/STM32F4xx_HAL_Driver/Src/stm32f4xx_hal.cyclo ./Drivers/STM32F4xx_HAL_Driver/Src/stm32f4xx_hal.d ./Drivers/STM32F4xx_HAL_Driver/Src/stm32f4xx_hal.o ./Drivers/STM32F4xx_HAL_Driver/Src/stm32f4xx_hal.su ./Drivers/STM32F4xx_HAL_Driver/Src/stm32f4xx_hal_cortex.cyclo ./Drivers/STM32F4xx_HAL_Driver/Src/stm32f4xx_hal_cortex.d ./Drivers/STM32F4xx_HAL_Driver/Src/stm32f4xx_hal_cortex.o ./Drivers/STM32F4xx_HAL_Driver/Src/stm32f4xx_hal_cortex.su ./Drivers/STM32F4xx_HAL_Driver/Src/stm32f4xx_hal_dma.cyclo ./Drivers/STM32F4xx_HAL_Driver/Src/stm32f4xx_hal_dma.d ./Drivers/STM32F4xx_HAL_Driver/Src/stm32f4xx_hal_dma.o ./Drivers/STM32F4xx_HAL_Driver/Src/stm32f4xx_hal_dma.su ./Drivers/STM32F4xx_HAL_Driver/Src/stm32f4xx_hal_dma_ex.cyclo ./Drivers/STM32F4xx_HAL_Driver/Src/stm32f4xx_hal_dma_ex.d ./Drivers/STM32F4xx_HAL_Driver/Src/stm32f4xx_hal_dma_ex.o ./Drivers/STM32F4xx_HAL_Driver/Src/stm32f4xx_hal_dma_ex.su ./Drivers/STM32F4xx_HAL_Driver/Src/stm32f4xx_hal_exti.cyclo ./Drivers/STM32F4xx_HAL_Driver/Src/stm32f4xx_hal_exti.d ./Drivers/STM32F4xx_HAL_Driver/Src/stm32f4xx_hal_exti.o ./Drivers/STM32F4xx_HAL_Driver/Src/stm32f4xx_hal_exti.su ./Drivers/STM32F4xx_HAL_Driver/Src/stm32f4xx_hal_flash.cyclo ./Drivers/STM32F4xx_HAL_Driver/Src/stm32f4xx_hal_flash.d ./Drivers/STM32F4xx_HAL_Driver/Src/stm32f4xx_hal_flash.o ./Drivers/STM32F4xx_HAL_Driver/Src/stm32f4xx_hal_flash.su ./Drivers/STM32F4xx_HAL_Driver/Src/stm32f4xx_hal_flash_ex.cyclo ./Drivers/STM32F4xx_HAL_Driver/Src/stm32f4xx_hal_flash_ex.d ./Drivers/STM32F4xx_HAL_Driver/Src/stm32f4xx_hal_flash_ex.o ./Drivers/STM32F4xx_HAL_Driver/Src/stm32f4xx_hal_flash_ex.su ./Drivers/STM32F4xx_HAL_Driver/Src/stm32f4xx_hal_flash_ramfunc.cyclo ./Drivers/STM32F4xx_HAL_Driver/Src/stm32f4xx_hal_flash_ramfunc.d ./Drivers/STM32F4xx_HAL_Driver/Src/stm32f4xx_hal_flash_ramfunc.o ./Drivers/STM32F4xx_HAL_Driver/Src/stm32f4xx_hal_flash_ramfunc.su ./Drivers/STM32F4xx_HAL_Driver/Src/stm32f4xx_hal_gpio.cyclo ./Drivers/STM32F4xx_HAL_Driver/Src/stm32f4xx_hal_gpio.d ./Drivers/STM32F4xx_HAL_Driver/Src/stm32f4xx_hal_gpio.o ./Drivers/STM32F4xx_HAL_Driver/Src/stm32f4xx_hal_gpio.su ./Drivers/STM32F4xx_HAL_Driver/Src/stm32f4xx_hal_pwr.cyclo ./Drivers/STM32F4xx_HAL_Driver/Src/stm32f4xx_hal_pwr.d ./Drivers/STM32F4xx_HAL_Driver/Src/stm32f4xx_hal_pwr.o ./Drivers/STM32F4xx_HAL_Driver/Src/stm32f4xx_hal_pwr.su ./Drivers/STM32F4xx_HAL_Driver/Src/stm32f4xx_hal_pwr_ex.cyclo ./Drivers/STM32F4xx_HAL_Driver/Src/stm32f4xx_hal_pwr_ex.d ./Drivers/STM32F4xx_HAL_Driver/Src/stm32f4xx_hal_pwr_ex.o ./Drivers/STM32F4xx_HAL_Driver/Src/stm32f4xx_hal_pwr_ex.su ./Drivers/STM32F4xx_HAL_Driver/Src/stm32f4xx_hal_rcc.cyclo ./Drivers/STM32F4xx_HAL_Driver/Src/stm32f4xx_hal_rcc.d ./Drivers/STM32F4xx_HAL_Driver/Src/stm32f4xx_hal_rcc.o ./Drivers/STM32F4xx_HAL_Driver/Src/stm32f4xx_hal_rcc.su ./Drivers/STM32F4xx_HAL_Driver/Src/stm32f4xx_hal_rcc_ex.cyclo ./Drivers/STM32F4xx_HAL_Driver/Src/stm32f4xx_hal_rcc_ex.d ./Drivers/STM32F4xx_HAL_Driver/Src/stm32f4xx_hal_rcc_ex.o ./Drivers/STM32F4xx_HAL_Driver/Src/stm32f4xx_hal_rcc_ex.su ./Drivers/STM32F4xx_HAL_Driver/Src/stm32f4xx_hal_tim.cyclo ./Drivers/STM32F4xx_HAL_Driver/Src/stm32f4xx_hal_tim.d ./Drivers/STM32F4xx_HAL_Driver/Src/stm32f4xx_hal_tim.o ./Drivers/STM32F4xx_HAL_Driver/Src/stm32f4xx_hal_tim.su ./Drivers/STM32F4xx_HAL_Driver/Src/stm32f4xx_hal_tim_ex.cyclo ./Drivers/STM32F4xx_HAL_Driver/Src/stm32f4xx_hal_tim_ex.d ./Drivers/STM32F4xx_HAL_Driver/Src/stm32f4xx_hal_tim_ex.o ./Drivers/STM32F4xx_HAL_Driver/Src/stm32f4xx_hal_tim_ex.su ./Drivers/STM32F4xx_HAL_Driver/Src/stm32f4xx_hal_uart.cyclo ./Drivers/STM32F4xx_HAL_Driver/Src/stm32f4xx_hal_uart.d ./Drivers/STM32F4xx_HAL_Driver/Src/stm32f4xx_hal_uart.o ./Drivers/STM32F4xx_HAL_Driver/Src/stm32f4xx_hal_uart.su
rm -rf ./Core/Startup/startup_stm32f401retx.d ./Core/Startup/startup_stm32f401retx.o
rm -rf ./Core/Src/gpio.cyclo ./Core/Src/gpio.d ./Core/Src/gpio.o ./Core/Src/gpio.su ./Core/Src/main.cyclo ./Core/Src/main.d ./Core/Src/main.o ./Core/Src/main.su ./Core/Src/stm32f4xx_hal_msp.cyclo ./Core/Src/stm32f4xx_hal_msp.d ./Core/Src/stm32f4xx_hal_msp.o ./Core/Src/stm32f4xx_hal_msp.su ./Core/Src/stm32f4xx_hal_timebase_tim.cyclo ./Core/Src/stm32f4xx_hal_timebase_tim.d ./Core/Src/stm32f4xx_hal_timebase_tim.o ./Core/Src/stm32f4xx_hal_timebase_tim.su ./Core/Src/stm32f4xx_it.cyclo ./Core/Src/stm32f4xx_it.d ./Core/Src/stm32f4xx_it.o ./Core/Src/stm32f4xx_it.su ./Core/Src/syscalls.cyclo ./Core/Src/syscalls.d ./Core/Src/syscalls.o ./Core/Src/syscalls.su ./Core/Src/system_stm32f4xx.cyclo ./Core/Src/system_stm32f4xx.d ./Core/Src/system_stm32f4xx.o ./Core/Src/system_stm32f4xx.su ./Core/Src/usart.cyclo ./Core/Src/usart.d ./Core/Src/usart.o ./Core/Src/usart.su
rm -rf Ejemplo2_FreeRTOS.elf Ejemplo2_FreeRTOS.list Ejemplo2_FreeRTOS.map default.size.stdout
 
04:37:06 **** Build of configuration Debug for project Plantilla_RTOS ****
make -j4 all 
arm-none-eabi-gcc "../Middlewares/Third_Party/SEGGER/SEGGER/Syscalls/SEGGER_RTT_Syscalls_GCC.c" -mcpu=cortex-m4 -std=gnu11 -g3 -DDEBUG -DUSE_HAL_DRIVER -DSTM32F401xE -c -I"C:/Users/DELL/Documents/GitHub/EspecializacionSTM32/Plantilla_RTOS/Middlewares/Third_Party/FreeRTOS/include" -I"C:/Users/DELL/Documents/GitHub/EspecializacionSTM32/Plantilla_RTOS/Middlewares/Third_Party/FreeRTOS/portable/GCC/ARM_CM4F" -I../Core/Inc -I"C:/Users/DELL/Documents/GitHub/EspecializacionSTM32/Plantilla_RTOS/Middlewares/Third_Party/SEGGER/Config" -I"C:/Users/DELL/Documents/GitHub/EspecializacionSTM32/Plantilla_RTOS/Middlewares/Third_Party/SEGGER/OS" -I"C:/Users/DELL/Documents/GitHub/EspecializacionSTM32/Plantilla_RTOS/Middlewares/Third_Party/SEGGER/SEGGER" -I../Drivers/STM32F4xx_HAL_Driver/Inc -I../Drivers/STM32F4xx_HAL_Driver/Inc/Legacy -I../Drivers/CMSIS/Device/ST/STM32F4xx/Include -I../Drivers/CMSIS/Include -O0 -ffunction-sections -fdata-sections -Wall -fstack-usage -fcyclomatic-complexity -MMD -MP -MF"Middlewares/Third_Party/SEGGER/SEGGER/Syscalls/SEGGER_RTT_Syscalls_GCC.d" -MT"Middlewares/Third_Party/SEGGER/SEGGER/Syscalls/SEGGER_RTT_Syscalls_GCC.o" --specs=nano.specs -mfpu=fpv4-sp-d16 -mfloat-abi=hard -mthumb -o "Middlewares/Third_Party/SEGGER/SEGGER/Syscalls/SEGGER_RTT_Syscalls_GCC.o"
arm-none-eabi-gcc "../Middlewares/Third_Party/SEGGER/SEGGER/SEGGER_RTT.c" -mcpu=cortex-m4 -std=gnu11 -g3 -DDEBUG -DUSE_HAL_DRIVER -DSTM32F401xE -c -I"C:/Users/DELL/Documents/GitHub/EspecializacionSTM32/Plantilla_RTOS/Middlewares/Third_Party/FreeRTOS/include" -I"C:/Users/DELL/Documents/GitHub/EspecializacionSTM32/Plantilla_RTOS/Middlewares/Third_Party/FreeRTOS/portable/GCC/ARM_CM4F" -I../Core/Inc -I"C:/Users/DELL/Documents/GitHub/EspecializacionSTM32/Plantilla_RTOS/Middlewares/Third_Party/SEGGER/Config" -I"C:/Users/DELL/Documents/GitHub/EspecializacionSTM32/Plantilla_RTOS/Middlewares/Third_Party/SEGGER/OS" -I"C:/Users/DELL/Documents/GitHub/EspecializacionSTM32/Plantilla_RTOS/Middlewares/Third_Party/SEGGER/SEGGER" -I../Drivers/STM32F4xx_HAL_Driver/Inc -I../Drivers/STM32F4xx_HAL_Driver/Inc/Legacy -I../Drivers/CMSIS/Device/ST/STM32F4xx/Include -I../Drivers/CMSIS/Include -O0 -ffunction-sections -fdata-sections -Wall -fstack-usage -fcyclomatic-complexity -MMD -MP -MF"Middlewares/Third_Party/SEGGER/SEGGER/SEGGER_RTT.d" -MT"Middlewares/Third_Party/SEGGER/SEGGER/SEGGER_RTT.o" --specs=nano.specs -mfpu=fpv4-sp-d16 -mfloat-abi=hard -mthumb -o "Middlewares/Third_Party/SEGGER/SEGGER/SEGGER_RTT.o"
arm-none-eabi-gcc -mcpu=cortex-m4 -g3 -DDEBUG -c -I"C:/Users/DELL/Documents/GitHub/EspecializacionSTM32/Plantilla_RTOS/Middlewares/Third_Party/SEGGER/Config" -I"C:/Users/DELL/Documents/GitHub/EspecializacionSTM32/Plantilla_RTOS/Middlewares/Third_Party/SEGGER/OS" -I"C:/Users/DELL/Documents/GitHub/EspecializacionSTM32/Plantilla_RTOS/Middlewares/Third_Party/SEGGER/SEGGER" -x assembler-with-cpp -MMD -MP -MF"Middlewares/Third_Party/SEGGER/SEGGER/SEGGER_RTT_ASM_ARMv7M.d" -MT"Middlewares/Third_Party/SEGGER/SEGGER/SEGGER_RTT_ASM_ARMv7M.o" --specs=nano.specs -mfpu=fpv4-sp-d16 -mfloat-abi=hard -mthumb -o "Middlewares/Third_Party/SEGGER/SEGGER/SEGGER_RTT_ASM_ARMv7M.o" "../Middlewares/Third_Party/SEGGER/SEGGER/SEGGER_RTT_ASM_ARMv7M.S"
arm-none-eabi-gcc "../Middlewares/Third_Party/SEGGER/SEGGER/SEGGER_RTT_printf.c" -mcpu=cortex-m4 -std=gnu11 -g3 -DDEBUG -DUSE_HAL_DRIVER -DSTM32F401xE -c -I"C:/Users/DELL/Documents/GitHub/EspecializacionSTM32/Plantilla_RTOS/Middlewares/Third_Party/FreeRTOS/include" -I"C:/Users/DELL/Documents/GitHub/EspecializacionSTM32/Plantilla_RTOS/Middlewares/Third_Party/FreeRTOS/portable/GCC/ARM_CM4F" -I../Core/Inc -I"C:/Users/DELL/Documents/GitHub/EspecializacionSTM32/Plantilla_RTOS/Middlewares/Third_Party/SEGGER/Config" -I"C:/Users/DELL/Documents/GitHub/EspecializacionSTM32/Plantilla_RTOS/Middlewares/Third_Party/SEGGER/OS" -I"C:/Users/DELL/Documents/GitHub/EspecializacionSTM32/Plantilla_RTOS/Middlewares/Third_Party/SEGGER/SEGGER" -I../Drivers/STM32F4xx_HAL_Driver/Inc -I../Drivers/STM32F4xx_HAL_Driver/Inc/Legacy -I../Drivers/CMSIS/Device/ST/STM32F4xx/Include -I../Drivers/CMSIS/Include -O0 -ffunction-sections -fdata-sections -Wall -fstack-usage -fcyclomatic-complexity -MMD -MP -MF"Middlewares/Third_Party/SEGGER/SEGGER/SEGGER_RTT_printf.d" -MT"Middlewares/Third_Party/SEGGER/SEGGER/SEGGER_RTT_printf.o" --specs=nano.specs -mfpu=fpv4-sp-d16 -mfloat-abi=hard -mthumb -o "Middlewares/Third_Party/SEGGER/SEGGER/SEGGER_RTT_printf.o"
arm-none-eabi-gcc "../Middlewares/Third_Party/SEGGER/SEGGER/SEGGER_SYSVIEW.c" -mcpu=cortex-m4 -std=gnu11 -g3 -DDEBUG -DUSE_HAL_DRIVER -DSTM32F401xE -c -I"C:/Users/DELL/Documents/GitHub/EspecializacionSTM32/Plantilla_RTOS/Middlewares/Third_Party/FreeRTOS/include" -I"C:/Users/DELL/Documents/GitHub/EspecializacionSTM32/Plantilla_RTOS/Middlewares/Third_Party/FreeRTOS/portable/GCC/ARM_CM4F" -I../Core/Inc -I"C:/Users/DELL/Documents/GitHub/EspecializacionSTM32/Plantilla_RTOS/Middlewares/Third_Party/SEGGER/Config" -I"C:/Users/DELL/Documents/GitHub/EspecializacionSTM32/Plantilla_RTOS/Middlewares/Third_Party/SEGGER/OS" -I"C:/Users/DELL/Documents/GitHub/EspecializacionSTM32/Plantilla_RTOS/Middlewares/Third_Party/SEGGER/SEGGER" -I../Drivers/STM32F4xx_HAL_Driver/Inc -I../Drivers/STM32F4xx_HAL_Driver/Inc/Legacy -I../Drivers/CMSIS/Device/ST/STM32F4xx/Include -I../Drivers/CMSIS/Include -O0 -ffunction-sections -fdata-sections -Wall -fstack-usage -fcyclomatic-complexity -MMD -MP -MF"Middlewares/Third_Party/SEGGER/SEGGER/SEGGER_SYSVIEW.d" -MT"Middlewares/Third_Party/SEGGER/SEGGER/SEGGER_SYSVIEW.o" --specs=nano.specs -mfpu=fpv4-sp-d16 -mfloat-abi=hard -mthumb -o "Middlewares/Third_Party/SEGGER/SEGGER/SEGGER_SYSVIEW.o"
arm-none-eabi-gcc "../Middlewares/Third_Party/SEGGER/OS/SEGGER_SYSVIEW_FreeRTOS.c" -mcpu=cortex-m4 -std=gnu11 -g3 -DDEBUG -DUSE_HAL_DRIVER -DSTM32F401xE -c -I"C:/Users/DELL/Documents/GitHub/EspecializacionSTM32/Plantilla_RTOS/Middlewares/Third_Party/FreeRTOS/include" -I"C:/Users/DELL/Documents/GitHub/EspecializacionSTM32/Plantilla_RTOS/Middlewares/Third_Party/FreeRTOS/portable/GCC/ARM_CM4F" -I../Core/Inc -I"C:/Users/DELL/Documents/GitHub/EspecializacionSTM32/Plantilla_RTOS/Middlewares/Third_Party/SEGGER/Config" -I"C:/Users/DELL/Documents/GitHub/EspecializacionSTM32/Plantilla_RTOS/Middlewares/Third_Party/SEGGER/OS" -I"C:/Users/DELL/Documents/GitHub/EspecializacionSTM32/Plantilla_RTOS/Middlewares/Third_Party/SEGGER/SEGGER" -I../Drivers/STM32F4xx_HAL_Driver/Inc -I../Drivers/STM32F4xx_HAL_Driver/Inc/Legacy -I../Drivers/CMSIS/Device/ST/STM32F4xx/Include -I../Drivers/CMSIS/Include -O0 -ffunction-sections -fdata-sections -Wall -fstack-usage -fcyclomatic-complexity -MMD -MP -MF"Middlewares/Third_Party/SEGGER/OS/SEGGER_SYSVIEW_FreeRTOS.d" -MT"Middlewares/Third_Party/SEGGER/OS/SEGGER_SYSVIEW_FreeRTOS.o" --specs=nano.specs -mfpu=fpv4-sp-d16 -mfloat-abi=hard -mthumb -o "Middlewares/Third_Party/SEGGER/OS/SEGGER_SYSVIEW_FreeRTOS.o"
arm-none-eabi-gcc "../Middlewares/Third_Party/SEGGER/Config/SEGGER_SYSVIEW_Config_FreeRTOS.c" -mcpu=cortex-m4 -std=gnu11 -g3 -DDEBUG -DUSE_HAL_DRIVER -DSTM32F401xE -c -I"C:/Users/DELL/Documents/GitHub/EspecializacionSTM32/Plantilla_RTOS/Middlewares/Third_Party/FreeRTOS/include" -I"C:/Users/DELL/Documents/GitHub/EspecializacionSTM32/Plantilla_RTOS/Middlewares/Third_Party/FreeRTOS/portable/GCC/ARM_CM4F" -I../Core/Inc -I"C:/Users/DELL/Documents/GitHub/EspecializacionSTM32/Plantilla_RTOS/Middlewares/Third_Party/SEGGER/Config" -I"C:/Users/DELL/Documents/GitHub/EspecializacionSTM32/Plantilla_RTOS/Middlewares/Third_Party/SEGGER/OS" -I"C:/Users/DELL/Documents/GitHub/EspecializacionSTM32/Plantilla_RTOS/Middlewares/Third_Party/SEGGER/SEGGER" -I../Drivers/STM32F4xx_HAL_Driver/Inc -I../Drivers/STM32F4xx_HAL_Driver/Inc/Legacy -I../Drivers/CMSIS/Device/ST/STM32F4xx/Include -I../Drivers/CMSIS/Include -O0 -ffunction-sections -fdata-sections -Wall -fstack-usage -fcyclomatic-complexity -MMD -MP -MF"Middlewares/Third_Party/SEGGER/Config/SEGGER_SYSVIEW_Config_FreeRTOS.d" -MT"Middlewares/Third_Party/SEGGER/Config/SEGGER_SYSVIEW_Config_FreeRTOS.o" --specs=nano.specs -mfpu=fpv4-sp-d16 -mfloat-abi=hard -mthumb -o "Middlewares/Third_Party/SEGGER/Config/SEGGER_SYSVIEW_Config_FreeRTOS.o"
arm-none-eabi-gcc "../Middlewares/Third_Party/FreeRTOS/portable/MemMang/heap_4.c" -mcpu=cortex-m4 -std=gnu11 -g3 -DDEBUG -DUSE_HAL_DRIVER -DSTM32F401xE -c -I"C:/Users/DELL/Documents/GitHub/EspecializacionSTM32/Plantilla_RTOS/Middlewares/Third_Party/FreeRTOS/include" -I"C:/Users/DELL/Documents/GitHub/EspecializacionSTM32/Plantilla_RTOS/Middlewares/Third_Party/FreeRTOS/portable/GCC/ARM_CM4F" -I../Core/Inc -I"C:/Users/DELL/Documents/GitHub/EspecializacionSTM32/Plantilla_RTOS/Middlewares/Third_Party/SEGGER/Config" -I"C:/Users/DELL/Documents/GitHub/EspecializacionSTM32/Plantilla_RTOS/Middlewares/Third_Party/SEGGER/OS" -I"C:/Users/DELL/Documents/GitHub/EspecializacionSTM32/Plantilla_RTOS/Middlewares/Third_Party/SEGGER/SEGGER" -I../Drivers/STM32F4xx_HAL_Driver/Inc -I../Drivers/STM32F4xx_HAL_Driver/Inc/Legacy -I../Drivers/CMSIS/Device/ST/STM32F4xx/Include -I../Drivers/CMSIS/Include -O0 -ffunction-sections -fdata-sections -Wall -fstack-usage -fcyclomatic-complexity -MMD -MP -MF"Middlewares/Third_Party/FreeRTOS/portable/MemMang/heap_4.d" -MT"Middlewares/Third_Party/FreeRTOS/portable/MemMang/heap_4.o" --specs=nano.specs -mfpu=fpv4-sp-d16 -mfloat-abi=hard -mthumb -o "Middlewares/Third_Party/FreeRTOS/portable/MemMang/heap_4.o"
arm-none-eabi-gcc "../Middlewares/Third_Party/FreeRTOS/portable/GCC/ARM_CM4F/port.c" -mcpu=cortex-m4 -std=gnu11 -g3 -DDEBUG -DUSE_HAL_DRIVER -DSTM32F401xE -c -I"C:/Users/DELL/Documents/GitHub/EspecializacionSTM32/Plantilla_RTOS/Middlewares/Third_Party/FreeRTOS/include" -I"C:/Users/DELL/Documents/GitHub/EspecializacionSTM32/Plantilla_RTOS/Middlewares/Third_Party/FreeRTOS/portable/GCC/ARM_CM4F" -I../Core/Inc -I"C:/Users/DELL/Documents/GitHub/EspecializacionSTM32/Plantilla_RTOS/Middlewares/Third_Party/SEGGER/Config" -I"C:/Users/DELL/Documents/GitHub/EspecializacionSTM32/Plantilla_RTOS/Middlewares/Third_Party/SEGGER/OS" -I"C:/Users/DELL/Documents/GitHub/EspecializacionSTM32/Plantilla_RTOS/Middlewares/Third_Party/SEGGER/SEGGER" -I../Drivers/STM32F4xx_HAL_Driver/Inc -I../Drivers/STM32F4xx_HAL_Driver/Inc/Legacy -I../Drivers/CMSIS/Device/ST/STM32F4xx/Include -I../Drivers/CMSIS/Include -O0 -ffunction-sections -fdata-sections -Wall -fstack-usage -fcyclomatic-complexity -MMD -MP -MF"Middlewares/Third_Party/FreeRTOS/portable/GCC/ARM_CM4F/port.d" -MT"Middlewares/Third_Party/FreeRTOS/portable/GCC/ARM_CM4F/port.o" --specs=nano.specs -mfpu=fpv4-sp-d16 -mfloat-abi=hard -mthumb -o "Middlewares/Third_Party/FreeRTOS/portable/GCC/ARM_CM4F/port.o"
arm-none-eabi-gcc "../Middlewares/Third_Party/FreeRTOS/croutine.c" -mcpu=cortex-m4 -std=gnu11 -g3 -DDEBUG -DUSE_HAL_DRIVER -DSTM32F401xE -c -I"C:/Users/DELL/Documents/GitHub/EspecializacionSTM32/Plantilla_RTOS/Middlewares/Third_Party/FreeRTOS/include" -I"C:/Users/DELL/Documents/GitHub/EspecializacionSTM32/Plantilla_RTOS/Middlewares/Third_Party/FreeRTOS/portable/GCC/ARM_CM4F" -I../Core/Inc -I"C:/Users/DELL/Documents/GitHub/EspecializacionSTM32/Plantilla_RTOS/Middlewares/Third_Party/SEGGER/Config" -I"C:/Users/DELL/Documents/GitHub/EspecializacionSTM32/Plantilla_RTOS/Middlewares/Third_Party/SEGGER/OS" -I"C:/Users/DELL/Documents/GitHub/EspecializacionSTM32/Plantilla_RTOS/Middlewares/Third_Party/SEGGER/SEGGER" -I../Drivers/STM32F4xx_HAL_Driver/Inc -I../Drivers/STM32F4xx_HAL_Driver/Inc/Legacy -I../Drivers/CMSIS/Device/ST/STM32F4xx/Include -I../Drivers/CMSIS/Include -O0 -ffunction-sections -fdata-sections -Wall -fstack-usage -fcyclomatic-complexity -MMD -MP -MF"Middlewares/Third_Party/FreeRTOS/croutine.d" -MT"Middlewares/Third_Party/FreeRTOS/croutine.o" --specs=nano.specs -mfpu=fpv4-sp-d16 -mfloat-abi=hard -mthumb -o "Middlewares/Third_Party/FreeRTOS/croutine.o"
arm-none-eabi-gcc "../Middlewares/Third_Party/FreeRTOS/event_groups.c" -mcpu=cortex-m4 -std=gnu11 -g3 -DDEBUG -DUSE_HAL_DRIVER -DSTM32F401xE -c -I"C:/Users/DELL/Documents/GitHub/EspecializacionSTM32/Plantilla_RTOS/Middlewares/Third_Party/FreeRTOS/include" -I"C:/Users/DELL/Documents/GitHub/EspecializacionSTM32/Plantilla_RTOS/Middlewares/Third_Party/FreeRTOS/portable/GCC/ARM_CM4F" -I../Core/Inc -I"C:/Users/DELL/Documents/GitHub/EspecializacionSTM32/Plantilla_RTOS/Middlewares/Third_Party/SEGGER/Config" -I"C:/Users/DELL/Documents/GitHub/EspecializacionSTM32/Plantilla_RTOS/Middlewares/Third_Party/SEGGER/OS" -I"C:/Users/DELL/Documents/GitHub/EspecializacionSTM32/Plantilla_RTOS/Middlewares/Third_Party/SEGGER/SEGGER" -I../Drivers/STM32F4xx_HAL_Driver/Inc -I../Drivers/STM32F4xx_HAL_Driver/Inc/Legacy -I../Drivers/CMSIS/Device/ST/STM32F4xx/Include -I../Drivers/CMSIS/Include -O0 -ffunction-sections -fdata-sections -Wall -fstack-usage -fcyclomatic-complexity -MMD -MP -MF"Middlewares/Third_Party/FreeRTOS/event_groups.d" -MT"Middlewares/Third_Party/FreeRTOS/event_groups.o" --specs=nano.specs -mfpu=fpv4-sp-d16 -mfloat-abi=hard -mthumb -o "Middlewares/Third_Party/FreeRTOS/event_groups.o"
arm-none-eabi-gcc "../Middlewares/Third_Party/FreeRTOS/list.c" -mcpu=cortex-m4 -std=gnu11 -g3 -DDEBUG -DUSE_HAL_DRIVER -DSTM32F401xE -c -I"C:/Users/DELL/Documents/GitHub/EspecializacionSTM32/Plantilla_RTOS/Middlewares/Third_Party/FreeRTOS/include" -I"C:/Users/DELL/Documents/GitHub/EspecializacionSTM32/Plantilla_RTOS/Middlewares/Third_Party/FreeRTOS/portable/GCC/ARM_CM4F" -I../Core/Inc -I"C:/Users/DELL/Documents/GitHub/EspecializacionSTM32/Plantilla_RTOS/Middlewares/Third_Party/SEGGER/Config" -I"C:/Users/DELL/Documents/GitHub/EspecializacionSTM32/Plantilla_RTOS/Middlewares/Third_Party/SEGGER/OS" -I"C:/Users/DELL/Documents/GitHub/EspecializacionSTM32/Plantilla_RTOS/Middlewares/Third_Party/SEGGER/SEGGER" -I../Drivers/STM32F4xx_HAL_Driver/Inc -I../Drivers/STM32F4xx_HAL_Driver/Inc/Legacy -I../Drivers/CMSIS/Device/ST/STM32F4xx/Include -I../Drivers/CMSIS/Include -O0 -ffunction-sections -fdata-sections -Wall -fstack-usage -fcyclomatic-complexity -MMD -MP -MF"Middlewares/Third_Party/FreeRTOS/list.d" -MT"Middlewares/Third_Party/FreeRTOS/list.o" --specs=nano.specs -mfpu=fpv4-sp-d16 -mfloat-abi=hard -mthumb -o "Middlewares/Third_Party/FreeRTOS/list.o"
arm-none-eabi-gcc "../Middlewares/Third_Party/FreeRTOS/queue.c" -mcpu=cortex-m4 -std=gnu11 -g3 -DDEBUG -DUSE_HAL_DRIVER -DSTM32F401xE -c -I"C:/Users/DELL/Documents/GitHub/EspecializacionSTM32/Plantilla_RTOS/Middlewares/Third_Party/FreeRTOS/include" -I"C:/Users/DELL/Documents/GitHub/EspecializacionSTM32/Plantilla_RTOS/Middlewares/Third_Party/FreeRTOS/portable/GCC/ARM_CM4F" -I../Core/Inc -I"C:/Users/DELL/Documents/GitHub/EspecializacionSTM32/Plantilla_RTOS/Middlewares/Third_Party/SEGGER/Config" -I"C:/Users/DELL/Documents/GitHub/EspecializacionSTM32/Plantilla_RTOS/Middlewares/Third_Party/SEGGER/OS" -I"C:/Users/DELL/Documents/GitHub/EspecializacionSTM32/Plantilla_RTOS/Middlewares/Third_Party/SEGGER/SEGGER" -I../Drivers/STM32F4xx_HAL_Driver/Inc -I../Drivers/STM32F4xx_HAL_Driver/Inc/Legacy -I../Drivers/CMSIS/Device/ST/STM32F4xx/Include -I../Drivers/CMSIS/Include -O0 -ffunction-sections -fdata-sections -Wall -fstack-usage -fcyclomatic-complexity -MMD -MP -MF"Middlewares/Third_Party/FreeRTOS/queue.d" -MT"Middlewares/Third_Party/FreeRTOS/queue.o" --specs=nano.specs -mfpu=fpv4-sp-d16 -mfloat-abi=hard -mthumb -o "Middlewares/Third_Party/FreeRTOS/queue.o"
arm-none-eabi-gcc "../Middlewares/Third_Party/FreeRTOS/stream_buffer.c" -mcpu=cortex-m4 -std=gnu11 -g3 -DDEBUG -DUSE_HAL_DRIVER -DSTM32F401xE -c -I"C:/Users/DELL/Documents/GitHub/EspecializacionSTM32/Plantilla_RTOS/Middlewares/Third_Party/FreeRTOS/include" -I"C:/Users/DELL/Documents/GitHub/EspecializacionSTM32/Plantilla_RTOS/Middlewares/Third_Party/FreeRTOS/portable/GCC/ARM_CM4F" -I../Core/Inc -I"C:/Users/DELL/Documents/GitHub/EspecializacionSTM32/Plantilla_RTOS/Middlewares/Third_Party/SEGGER/Config" -I"C:/Users/DELL/Documents/GitHub/EspecializacionSTM32/Plantilla_RTOS/Middlewares/Third_Party/SEGGER/OS" -I"C:/Users/DELL/Documents/GitHub/EspecializacionSTM32/Plantilla_RTOS/Middlewares/Third_Party/SEGGER/SEGGER" -I../Drivers/STM32F4xx_HAL_Driver/Inc -I../Drivers/STM32F4xx_HAL_Driver/Inc/Legacy -I../Drivers/CMSIS/Device/ST/STM32F4xx/Include -I../Drivers/CMSIS/Include -O0 -ffunction-sections -fdata-sections -Wall -fstack-usage -fcyclomatic-complexity -MMD -MP -MF"Middlewares/Third_Party/FreeRTOS/stream_buffer.d" -MT"Middlewares/Third_Party/FreeRTOS/stream_buffer.o" --specs=nano.specs -mfpu=fpv4-sp-d16 -mfloat-abi=hard -mthumb -o "Middlewares/Third_Party/FreeRTOS/stream_buffer.o"
arm-none-eabi-gcc "../Middlewares/Third_Party/FreeRTOS/tasks.c" -mcpu=cortex-m4 -std=gnu11 -g3 -DDEBUG -DUSE_HAL_DRIVER -DSTM32F401xE -c -I"C:/Users/DELL/Documents/GitHub/EspecializacionSTM32/Plantilla_RTOS/Middlewares/Third_Party/FreeRTOS/include" -I"C:/Users/DELL/Documents/GitHub/EspecializacionSTM32/Plantilla_RTOS/Middlewares/Third_Party/FreeRTOS/portable/GCC/ARM_CM4F" -I../Core/Inc -I"C:/Users/DELL/Documents/GitHub/EspecializacionSTM32/Plantilla_RTOS/Middlewares/Third_Party/SEGGER/Config" -I"C:/Users/DELL/Documents/GitHub/EspecializacionSTM32/Plantilla_RTOS/Middlewares/Third_Party/SEGGER/OS" -I"C:/Users/DELL/Documents/GitHub/EspecializacionSTM32/Plantilla_RTOS/Middlewares/Third_Party/SEGGER/SEGGER" -I../Drivers/STM32F4xx_HAL_Driver/Inc -I../Drivers/STM32F4xx_HAL_Driver/Inc/Legacy -I../Drivers/CMSIS/Device/ST/STM32F4xx/Include -I../Drivers/CMSIS/Include -O0 -ffunction-sections -fdata-sections -Wall -fstack-usage -fcyclomatic-complexity -MMD -MP -MF"Middlewares/Third_Party/FreeRTOS/tasks.d" -MT"Middlewares/Third_Party/FreeRTOS/tasks.o" --specs=nano.specs -mfpu=fpv4-sp-d16 -mfloat-abi=hard -mthumb -o "Middlewares/Third_Party/FreeRTOS/tasks.o"
arm-none-eabi-gcc "../Middlewares/Third_Party/FreeRTOS/timers.c" -mcpu=cortex-m4 -std=gnu11 -g3 -DDEBUG -DUSE_HAL_DRIVER -DSTM32F401xE -c -I"C:/Users/DELL/Documents/GitHub/EspecializacionSTM32/Plantilla_RTOS/Middlewares/Third_Party/FreeRTOS/include" -I"C:/Users/DELL/Documents/GitHub/EspecializacionSTM32/Plantilla_RTOS/Middlewares/Third_Party/FreeRTOS/portable/GCC/ARM_CM4F" -I../Core/Inc -I"C:/Users/DELL/Documents/GitHub/EspecializacionSTM32/Plantilla_RTOS/Middlewares/Third_Party/SEGGER/Config" -I"C:/Users/DELL/Documents/GitHub/EspecializacionSTM32/Plantilla_RTOS/Middlewares/Third_Party/SEGGER/OS" -I"C:/Users/DELL/Documents/GitHub/EspecializacionSTM32/Plantilla_RTOS/Middlewares/Third_Party/SEGGER/SEGGER" -I../Drivers/STM32F4xx_HAL_Driver/Inc -I../Drivers/STM32F4xx_HAL_Driver/Inc/Legacy -I../Drivers/CMSIS/Device/ST/STM32F4xx/Include -I../Drivers/CMSIS/Include -O0 -ffunction-sections -fdata-sections -Wall -fstack-usage -fcyclomatic-complexity -MMD -MP -MF"Middlewares/Third_Party/FreeRTOS/timers.d" -MT"Middlewares/Third_Party/FreeRTOS/timers.o" --specs=nano.specs -mfpu=fpv4-sp-d16 -mfloat-abi=hard -mthumb -o "Middlewares/Third_Party/FreeRTOS/timers.o"
../Middlewares/Third_Party/FreeRTOS/tasks.c: In function 'vTaskPrioritySet':
../Middlewares/Third_Party/FreeRTOS/tasks.c:1657:41: warning: implicit declaration of function 'prvReaddTaskToReadyList'; did you mean 'prvAddTaskToReadyList'? [-Wimplicit-function-declaration]
 1657 |                                         prvReaddTaskToReadyList( pxTCB );
      |                                         ^~~~~~~~~~~~~~~~~~~~~~~
      |                                         prvAddTaskToReadyList
arm-none-eabi-gcc "../Drivers/STM32F4xx_HAL_Driver/Src/stm32f4xx_hal.c" -mcpu=cortex-m4 -std=gnu11 -g3 -DDEBUG -DUSE_HAL_DRIVER -DSTM32F401xE -c -I"C:/Users/DELL/Documents/GitHub/EspecializacionSTM32/Plantilla_RTOS/Middlewares/Third_Party/FreeRTOS/include" -I"C:/Users/DELL/Documents/GitHub/EspecializacionSTM32/Plantilla_RTOS/Middlewares/Third_Party/FreeRTOS/portable/GCC/ARM_CM4F" -I../Core/Inc -I"C:/Users/DELL/Documents/GitHub/EspecializacionSTM32/Plantilla_RTOS/Middlewares/Third_Party/SEGGER/Config" -I"C:/Users/DELL/Documents/GitHub/EspecializacionSTM32/Plantilla_RTOS/Middlewares/Third_Party/SEGGER/OS" -I"C:/Users/DELL/Documents/GitHub/EspecializacionSTM32/Plantilla_RTOS/Middlewares/Third_Party/SEGGER/SEGGER" -I../Drivers/STM32F4xx_HAL_Driver/Inc -I../Drivers/STM32F4xx_HAL_Driver/Inc/Legacy -I../Drivers/CMSIS/Device/ST/STM32F4xx/Include -I../Drivers/CMSIS/Include -O0 -ffunction-sections -fdata-sections -Wall -fstack-usage -fcyclomatic-complexity -MMD -MP -MF"Drivers/STM32F4xx_HAL_Driver/Src/stm32f4xx_hal.d" -MT"Drivers/STM32F4xx_HAL_Driver/Src/stm32f4xx_hal.o" --specs=nano.specs -mfpu=fpv4-sp-d16 -mfloat-abi=hard -mthumb -o "Drivers/STM32F4xx_HAL_Driver/Src/stm32f4xx_hal.o"
arm-none-eabi-gcc "../Drivers/STM32F4xx_HAL_Driver/Src/stm32f4xx_hal_cortex.c" -mcpu=cortex-m4 -std=gnu11 -g3 -DDEBUG -DUSE_HAL_DRIVER -DSTM32F401xE -c -I"C:/Users/DELL/Documents/GitHub/EspecializacionSTM32/Plantilla_RTOS/Middlewares/Third_Party/FreeRTOS/include" -I"C:/Users/DELL/Documents/GitHub/EspecializacionSTM32/Plantilla_RTOS/Middlewares/Third_Party/FreeRTOS/portable/GCC/ARM_CM4F" -I../Core/Inc -I"C:/Users/DELL/Documents/GitHub/EspecializacionSTM32/Plantilla_RTOS/Middlewares/Third_Party/SEGGER/Config" -I"C:/Users/DELL/Documents/GitHub/EspecializacionSTM32/Plantilla_RTOS/Middlewares/Third_Party/SEGGER/OS" -I"C:/Users/DELL/Documents/GitHub/EspecializacionSTM32/Plantilla_RTOS/Middlewares/Third_Party/SEGGER/SEGGER" -I../Drivers/STM32F4xx_HAL_Driver/Inc -I../Drivers/STM32F4xx_HAL_Driver/Inc/Legacy -I../Drivers/CMSIS/Device/ST/STM32F4xx/Include -I../Drivers/CMSIS/Include -O0 -ffunction-sections -fdata-sections -Wall -fstack-usage -fcyclomatic-complexity -MMD -MP -MF"Drivers/STM32F4xx_HAL_Driver/Src/stm32f4xx_hal_cortex.d" -MT"Drivers/STM32F4xx_HAL_Driver/Src/stm32f4xx_hal_cortex.o" --specs=nano.specs -mfpu=fpv4-sp-d16 -mfloat-abi=hard -mthumb -o "Drivers/STM32F4xx_HAL_Driver/Src/stm32f4xx_hal_cortex.o"
arm-none-eabi-gcc "../Drivers/STM32F4xx_HAL_Driver/Src/stm32f4xx_hal_dma.c" -mcpu=cortex-m4 -std=gnu11 -g3 -DDEBUG -DUSE_HAL_DRIVER -DSTM32F401xE -c -I"C:/Users/DELL/Documents/GitHub/EspecializacionSTM32/Plantilla_RTOS/Middlewares/Third_Party/FreeRTOS/include" -I"C:/Users/DELL/Documents/GitHub/EspecializacionSTM32/Plantilla_RTOS/Middlewares/Third_Party/FreeRTOS/portable/GCC/ARM_CM4F" -I../Core/Inc -I"C:/Users/DELL/Documents/GitHub/EspecializacionSTM32/Plantilla_RTOS/Middlewares/Third_Party/SEGGER/Config" -I"C:/Users/DELL/Documents/GitHub/EspecializacionSTM32/Plantilla_RTOS/Middlewares/Third_Party/SEGGER/OS" -I"C:/Users/DELL/Documents/GitHub/EspecializacionSTM32/Plantilla_RTOS/Middlewares/Third_Party/SEGGER/SEGGER" -I../Drivers/STM32F4xx_HAL_Driver/Inc -I../Drivers/STM32F4xx_HAL_Driver/Inc/Legacy -I../Drivers/CMSIS/Device/ST/STM32F4xx/Include -I../Drivers/CMSIS/Include -O0 -ffunction-sections -fdata-sections -Wall -fstack-usage -fcyclomatic-complexity -MMD -MP -MF"Drivers/STM32F4xx_HAL_Driver/Src/stm32f4xx_hal_dma.d" -MT"Drivers/STM32F4xx_HAL_Driver/Src/stm32f4xx_hal_dma.o" --specs=nano.specs -mfpu=fpv4-sp-d16 -mfloat-abi=hard -mthumb -o "Drivers/STM32F4xx_HAL_Driver/Src/stm32f4xx_hal_dma.o"
arm-none-eabi-gcc "../Drivers/STM32F4xx_HAL_Driver/Src/stm32f4xx_hal_dma_ex.c" -mcpu=cortex-m4 -std=gnu11 -g3 -DDEBUG -DUSE_HAL_DRIVER -DSTM32F401xE -c -I"C:/Users/DELL/Documents/GitHub/EspecializacionSTM32/Plantilla_RTOS/Middlewares/Third_Party/FreeRTOS/include" -I"C:/Users/DELL/Documents/GitHub/EspecializacionSTM32/Plantilla_RTOS/Middlewares/Third_Party/FreeRTOS/portable/GCC/ARM_CM4F" -I../Core/Inc -I"C:/Users/DELL/Documents/GitHub/EspecializacionSTM32/Plantilla_RTOS/Middlewares/Third_Party/SEGGER/Config" -I"C:/Users/DELL/Documents/GitHub/EspecializacionSTM32/Plantilla_RTOS/Middlewares/Third_Party/SEGGER/OS" -I"C:/Users/DELL/Documents/GitHub/EspecializacionSTM32/Plantilla_RTOS/Middlewares/Third_Party/SEGGER/SEGGER" -I../Drivers/STM32F4xx_HAL_Driver/Inc -I../Drivers/STM32F4xx_HAL_Driver/Inc/Legacy -I../Drivers/CMSIS/Device/ST/STM32F4xx/Include -I../Drivers/CMSIS/Include -O0 -ffunction-sections -fdata-sections -Wall -fstack-usage -fcyclomatic-complexity -MMD -MP -MF"Drivers/STM32F4xx_HAL_Driver/Src/stm32f4xx_hal_dma_ex.d" -MT"Drivers/STM32F4xx_HAL_Driver/Src/stm32f4xx_hal_dma_ex.o" --specs=nano.specs -mfpu=fpv4-sp-d16 -mfloat-abi=hard -mthumb -o "Drivers/STM32F4xx_HAL_Driver/Src/stm32f4xx_hal_dma_ex.o"
arm-none-eabi-gcc "../Drivers/STM32F4xx_HAL_Driver/Src/stm32f4xx_hal_exti.c" -mcpu=cortex-m4 -std=gnu11 -g3 -DDEBUG -DUSE_HAL_DRIVER -DSTM32F401xE -c -I"C:/Users/DELL/Documents/GitHub/EspecializacionSTM32/Plantilla_RTOS/Middlewares/Third_Party/FreeRTOS/include" -I"C:/Users/DELL/Documents/GitHub/EspecializacionSTM32/Plantilla_RTOS/Middlewares/Third_Party/FreeRTOS/portable/GCC/ARM_CM4F" -I../Core/Inc -I"C:/Users/DELL/Documents/GitHub/EspecializacionSTM32/Plantilla_RTOS/Middlewares/Third_Party/SEGGER/Config" -I"C:/Users/DELL/Documents/GitHub/EspecializacionSTM32/Plantilla_RTOS/Middlewares/Third_Party/SEGGER/OS" -I"C:/Users/DELL/Documents/GitHub/EspecializacionSTM32/Plantilla_RTOS/Middlewares/Third_Party/SEGGER/SEGGER" -I../Drivers/STM32F4xx_HAL_Driver/Inc -I../Drivers/STM32F4xx_HAL_Driver/Inc/Legacy -I../Drivers/CMSIS/Device/ST/STM32F4xx/Include -I../Drivers/CMSIS/Include -O0 -ffunction-sections -fdata-sections -Wall -fstack-usage -fcyclomatic-complexity -MMD -MP -MF"Drivers/STM32F4xx_HAL_Driver/Src/stm32f4xx_hal_exti.d" -MT"Drivers/STM32F4xx_HAL_Driver/Src/stm32f4xx_hal_exti.o" --specs=nano.specs -mfpu=fpv4-sp-d16 -mfloat-abi=hard -mthumb -o "Drivers/STM32F4xx_HAL_Driver/Src/stm32f4xx_hal_exti.o"
arm-none-eabi-gcc "../Drivers/STM32F4xx_HAL_Driver/Src/stm32f4xx_hal_flash.c" -mcpu=cortex-m4 -std=gnu11 -g3 -DDEBUG -DUSE_HAL_DRIVER -DSTM32F401xE -c -I"C:/Users/DELL/Documents/GitHub/EspecializacionSTM32/Plantilla_RTOS/Middlewares/Third_Party/FreeRTOS/include" -I"C:/Users/DELL/Documents/GitHub/EspecializacionSTM32/Plantilla_RTOS/Middlewares/Third_Party/FreeRTOS/portable/GCC/ARM_CM4F" -I../Core/Inc -I"C:/Users/DELL/Documents/GitHub/EspecializacionSTM32/Plantilla_RTOS/Middlewares/Third_Party/SEGGER/Config" -I"C:/Users/DELL/Documents/GitHub/EspecializacionSTM32/Plantilla_RTOS/Middlewares/Third_Party/SEGGER/OS" -I"C:/Users/DELL/Documents/GitHub/EspecializacionSTM32/Plantilla_RTOS/Middlewares/Third_Party/SEGGER/SEGGER" -I../Drivers/STM32F4xx_HAL_Driver/Inc -I../Drivers/STM32F4xx_HAL_Driver/Inc/Legacy -I../Drivers/CMSIS/Device/ST/STM32F4xx/Include -I../Drivers/CMSIS/Include -O0 -ffunction-sections -fdata-sections -Wall -fstack-usage -fcyclomatic-complexity -MMD -MP -MF"Drivers/STM32F4xx_HAL_Driver/Src/stm32f4xx_hal_flash.d" -MT"Drivers/STM32F4xx_HAL_Driver/Src/stm32f4xx_hal_flash.o" --specs=nano.specs -mfpu=fpv4-sp-d16 -mfloat-abi=hard -mthumb -o "Drivers/STM32F4xx_HAL_Driver/Src/stm32f4xx_hal_flash.o"
arm-none-eabi-gcc "../Drivers/STM32F4xx_HAL_Driver/Src/stm32f4xx_hal_flash_ex.c" -mcpu=cortex-m4 -std=gnu11 -g3 -DDEBUG -DUSE_HAL_DRIVER -DSTM32F401xE -c -I"C:/Users/DELL/Documents/GitHub/EspecializacionSTM32/Plantilla_RTOS/Middlewares/Third_Party/FreeRTOS/include" -I"C:/Users/DELL/Documents/GitHub/EspecializacionSTM32/Plantilla_RTOS/Middlewares/Third_Party/FreeRTOS/portable/GCC/ARM_CM4F" -I../Core/Inc -I"C:/Users/DELL/Documents/GitHub/EspecializacionSTM32/Plantilla_RTOS/Middlewares/Third_Party/SEGGER/Config" -I"C:/Users/DELL/Documents/GitHub/EspecializacionSTM32/Plantilla_RTOS/Middlewares/Third_Party/SEGGER/OS" -I"C:/Users/DELL/Documents/GitHub/EspecializacionSTM32/Plantilla_RTOS/Middlewares/Third_Party/SEGGER/SEGGER" -I../Drivers/STM32F4xx_HAL_Driver/Inc -I../Drivers/STM32F4xx_HAL_Driver/Inc/Legacy -I../Drivers/CMSIS/Device/ST/STM32F4xx/Include -I../Drivers/CMSIS/Include -O0 -ffunction-sections -fdata-sections -Wall -fstack-usage -fcyclomatic-complexity -MMD -MP -MF"Drivers/STM32F4xx_HAL_Driver/Src/stm32f4xx_hal_flash_ex.d" -MT"Drivers/STM32F4xx_HAL_Driver/Src/stm32f4xx_hal_flash_ex.o" --specs=nano.specs -mfpu=fpv4-sp-d16 -mfloat-abi=hard -mthumb -o "Drivers/STM32F4xx_HAL_Driver/Src/stm32f4xx_hal_flash_ex.o"
arm-none-eabi-gcc "../Drivers/STM32F4xx_HAL_Driver/Src/stm32f4xx_hal_flash_ramfunc.c" -mcpu=cortex-m4 -std=gnu11 -g3 -DDEBUG -DUSE_HAL_DRIVER -DSTM32F401xE -c -I"C:/Users/DELL/Documents/GitHub/EspecializacionSTM32/Plantilla_RTOS/Middlewares/Third_Party/FreeRTOS/include" -I"C:/Users/DELL/Documents/GitHub/EspecializacionSTM32/Plantilla_RTOS/Middlewares/Third_Party/FreeRTOS/portable/GCC/ARM_CM4F" -I../Core/Inc -I"C:/Users/DELL/Documents/GitHub/EspecializacionSTM32/Plantilla_RTOS/Middlewares/Third_Party/SEGGER/Config" -I"C:/Users/DELL/Documents/GitHub/EspecializacionSTM32/Plantilla_RTOS/Middlewares/Third_Party/SEGGER/OS" -I"C:/Users/DELL/Documents/GitHub/EspecializacionSTM32/Plantilla_RTOS/Middlewares/Third_Party/SEGGER/SEGGER" -I../Drivers/STM32F4xx_HAL_Driver/Inc -I../Drivers/STM32F4xx_HAL_Driver/Inc/Legacy -I../Drivers/CMSIS/Device/ST/STM32F4xx/Include -I../Drivers/CMSIS/Include -O0 -ffunction-sections -fdata-sections -Wall -fstack-usage -fcyclomatic-complexity -MMD -MP -MF"Drivers/STM32F4xx_HAL_Driver/Src/stm32f4xx_hal_flash_ramfunc.d" -MT"Drivers/STM32F4xx_HAL_Driver/Src/stm32f4xx_hal_flash_ramfunc.o" --specs=nano.specs -mfpu=fpv4-sp-d16 -mfloat-abi=hard -mthumb -o "Drivers/STM32F4xx_HAL_Driver/Src/stm32f4xx_hal_flash_ramfunc.o"
arm-none-eabi-gcc "../Drivers/STM32F4xx_HAL_Driver/Src/stm32f4xx_hal_gpio.c" -mcpu=cortex-m4 -std=gnu11 -g3 -DDEBUG -DUSE_HAL_DRIVER -DSTM32F401xE -c -I"C:/Users/DELL/Documents/GitHub/EspecializacionSTM32/Plantilla_RTOS/Middlewares/Third_Party/FreeRTOS/include" -I"C:/Users/DELL/Documents/GitHub/EspecializacionSTM32/Plantilla_RTOS/Middlewares/Third_Party/FreeRTOS/portable/GCC/ARM_CM4F" -I../Core/Inc -I"C:/Users/DELL/Documents/GitHub/EspecializacionSTM32/Plantilla_RTOS/Middlewares/Third_Party/SEGGER/Config" -I"C:/Users/DELL/Documents/GitHub/EspecializacionSTM32/Plantilla_RTOS/Middlewares/Third_Party/SEGGER/OS" -I"C:/Users/DELL/Documents/GitHub/EspecializacionSTM32/Plantilla_RTOS/Middlewares/Third_Party/SEGGER/SEGGER" -I../Drivers/STM32F4xx_HAL_Driver/Inc -I../Drivers/STM32F4xx_HAL_Driver/Inc/Legacy -I../Drivers/CMSIS/Device/ST/STM32F4xx/Include -I../Drivers/CMSIS/Include -O0 -ffunction-sections -fdata-sections -Wall -fstack-usage -fcyclomatic-complexity -MMD -MP -MF"Drivers/STM32F4xx_HAL_Driver/Src/stm32f4xx_hal_gpio.d" -MT"Drivers/STM32F4xx_HAL_Driver/Src/stm32f4xx_hal_gpio.o" --specs=nano.specs -mfpu=fpv4-sp-d16 -mfloat-abi=hard -mthumb -o "Drivers/STM32F4xx_HAL_Driver/Src/stm32f4xx_hal_gpio.o"
arm-none-eabi-gcc "../Drivers/STM32F4xx_HAL_Driver/Src/stm32f4xx_hal_pwr.c" -mcpu=cortex-m4 -std=gnu11 -g3 -DDEBUG -DUSE_HAL_DRIVER -DSTM32F401xE -c -I"C:/Users/DELL/Documents/GitHub/EspecializacionSTM32/Plantilla_RTOS/Middlewares/Third_Party/FreeRTOS/include" -I"C:/Users/DELL/Documents/GitHub/EspecializacionSTM32/Plantilla_RTOS/Middlewares/Third_Party/FreeRTOS/portable/GCC/ARM_CM4F" -I../Core/Inc -I"C:/Users/DELL/Documents/GitHub/EspecializacionSTM32/Plantilla_RTOS/Middlewares/Third_Party/SEGGER/Config" -I"C:/Users/DELL/Documents/GitHub/EspecializacionSTM32/Plantilla_RTOS/Middlewares/Third_Party/SEGGER/OS" -I"C:/Users/DELL/Documents/GitHub/EspecializacionSTM32/Plantilla_RTOS/Middlewares/Third_Party/SEGGER/SEGGER" -I../Drivers/STM32F4xx_HAL_Driver/Inc -I../Drivers/STM32F4xx_HAL_Driver/Inc/Legacy -I../Drivers/CMSIS/Device/ST/STM32F4xx/Include -I../Drivers/CMSIS/Include -O0 -ffunction-sections -fdata-sections -Wall -fstack-usage -fcyclomatic-complexity -MMD -MP -MF"Drivers/STM32F4xx_HAL_Driver/Src/stm32f4xx_hal_pwr.d" -MT"Drivers/STM32F4xx_HAL_Driver/Src/stm32f4xx_hal_pwr.o" --specs=nano.specs -mfpu=fpv4-sp-d16 -mfloat-abi=hard -mthumb -o "Drivers/STM32F4xx_HAL_Driver/Src/stm32f4xx_hal_pwr.o"
arm-none-eabi-gcc "../Drivers/STM32F4xx_HAL_Driver/Src/stm32f4xx_hal_pwr_ex.c" -mcpu=cortex-m4 -std=gnu11 -g3 -DDEBUG -DUSE_HAL_DRIVER -DSTM32F401xE -c -I"C:/Users/DELL/Documents/GitHub/EspecializacionSTM32/Plantilla_RTOS/Middlewares/Third_Party/FreeRTOS/include" -I"C:/Users/DELL/Documents/GitHub/EspecializacionSTM32/Plantilla_RTOS/Middlewares/Third_Party/FreeRTOS/portable/GCC/ARM_CM4F" -I../Core/Inc -I"C:/Users/DELL/Documents/GitHub/EspecializacionSTM32/Plantilla_RTOS/Middlewares/Third_Party/SEGGER/Config" -I"C:/Users/DELL/Documents/GitHub/EspecializacionSTM32/Plantilla_RTOS/Middlewares/Third_Party/SEGGER/OS" -I"C:/Users/DELL/Documents/GitHub/EspecializacionSTM32/Plantilla_RTOS/Middlewares/Third_Party/SEGGER/SEGGER" -I../Drivers/STM32F4xx_HAL_Driver/Inc -I../Drivers/STM32F4xx_HAL_Driver/Inc/Legacy -I../Drivers/CMSIS/Device/ST/STM32F4xx/Include -I../Drivers/CMSIS/Include -O0 -ffunction-sections -fdata-sections -Wall -fstack-usage -fcyclomatic-complexity -MMD -MP -MF"Drivers/STM32F4xx_HAL_Driver/Src/stm32f4xx_hal_pwr_ex.d" -MT"Drivers/STM32F4xx_HAL_Driver/Src/stm32f4xx_hal_pwr_ex.o" --specs=nano.specs -mfpu=fpv4-sp-d16 -mfloat-abi=hard -mthumb -o "Drivers/STM32F4xx_HAL_Driver/Src/stm32f4xx_hal_pwr_ex.o"
arm-none-eabi-gcc "../Drivers/STM32F4xx_HAL_Driver/Src/stm32f4xx_hal_rcc.c" -mcpu=cortex-m4 -std=gnu11 -g3 -DDEBUG -DUSE_HAL_DRIVER -DSTM32F401xE -c -I"C:/Users/DELL/Documents/GitHub/EspecializacionSTM32/Plantilla_RTOS/Middlewares/Third_Party/FreeRTOS/include" -I"C:/Users/DELL/Documents/GitHub/EspecializacionSTM32/Plantilla_RTOS/Middlewares/Third_Party/FreeRTOS/portable/GCC/ARM_CM4F" -I../Core/Inc -I"C:/Users/DELL/Documents/GitHub/EspecializacionSTM32/Plantilla_RTOS/Middlewares/Third_Party/SEGGER/Config" -I"C:/Users/DELL/Documents/GitHub/EspecializacionSTM32/Plantilla_RTOS/Middlewares/Third_Party/SEGGER/OS" -I"C:/Users/DELL/Documents/GitHub/EspecializacionSTM32/Plantilla_RTOS/Middlewares/Third_Party/SEGGER/SEGGER" -I../Drivers/STM32F4xx_HAL_Driver/Inc -I../Drivers/STM32F4xx_HAL_Driver/Inc/Legacy -I../Drivers/CMSIS/Device/ST/STM32F4xx/Include -I../Drivers/CMSIS/Include -O0 -ffunction-sections -fdata-sections -Wall -fstack-usage -fcyclomatic-complexity -MMD -MP -MF"Drivers/STM32F4xx_HAL_Driver/Src/stm32f4xx_hal_rcc.d" -MT"Drivers/STM32F4xx_HAL_Driver/Src/stm32f4xx_hal_rcc.o" --specs=nano.specs -mfpu=fpv4-sp-d16 -mfloat-abi=hard -mthumb -o "Drivers/STM32F4xx_HAL_Driver/Src/stm32f4xx_hal_rcc.o"
arm-none-eabi-gcc "../Drivers/STM32F4xx_HAL_Driver/Src/stm32f4xx_hal_rcc_ex.c" -mcpu=cortex-m4 -std=gnu11 -g3 -DDEBUG -DUSE_HAL_DRIVER -DSTM32F401xE -c -I"C:/Users/DELL/Documents/GitHub/EspecializacionSTM32/Plantilla_RTOS/Middlewares/Third_Party/FreeRTOS/include" -I"C:/Users/DELL/Documents/GitHub/EspecializacionSTM32/Plantilla_RTOS/Middlewares/Third_Party/FreeRTOS/portable/GCC/ARM_CM4F" -I../Core/Inc -I"C:/Users/DELL/Documents/GitHub/EspecializacionSTM32/Plantilla_RTOS/Middlewares/Third_Party/SEGGER/Config" -I"C:/Users/DELL/Documents/GitHub/EspecializacionSTM32/Plantilla_RTOS/Middlewares/Third_Party/SEGGER/OS" -I"C:/Users/DELL/Documents/GitHub/EspecializacionSTM32/Plantilla_RTOS/Middlewares/Third_Party/SEGGER/SEGGER" -I../Drivers/STM32F4xx_HAL_Driver/Inc -I../Drivers/STM32F4xx_HAL_Driver/Inc/Legacy -I../Drivers/CMSIS/Device/ST/STM32F4xx/Include -I../Drivers/CMSIS/Include -O0 -ffunction-sections -fdata-sections -Wall -fstack-usage -fcyclomatic-complexity -MMD -MP -MF"Drivers/STM32F4xx_HAL_Driver/Src/stm32f4xx_hal_rcc_ex.d" -MT"Drivers/STM32F4xx_HAL_Driver/Src/stm32f4xx_hal_rcc_ex.o" --specs=nano.specs -mfpu=fpv4-sp-d16 -mfloat-abi=hard -mthumb -o "Drivers/STM32F4xx_HAL_Driver/Src/stm32f4xx_hal_rcc_ex.o"
arm-none-eabi-gcc "../Drivers/STM32F4xx_HAL_Driver/Src/stm32f4xx_hal_tim.c" -mcpu=cortex-m4 -std=gnu11 -g3 -DDEBUG -DUSE_HAL_DRIVER -DSTM32F401xE -c -I"C:/Users/DELL/Documents/GitHub/EspecializacionSTM32/Plantilla_RTOS/Middlewares/Third_Party/FreeRTOS/include" -I"C:/Users/DELL/Documents/GitHub/EspecializacionSTM32/Plantilla_RTOS/Middlewares/Third_Party/FreeRTOS/portable/GCC/ARM_CM4F" -I../Core/Inc -I"C:/Users/DELL/Documents/GitHub/EspecializacionSTM32/Plantilla_RTOS/Middlewares/Third_Party/SEGGER/Config" -I"C:/Users/DELL/Documents/GitHub/EspecializacionSTM32/Plantilla_RTOS/Middlewares/Third_Party/SEGGER/OS" -I"C:/Users/DELL/Documents/GitHub/EspecializacionSTM32/Plantilla_RTOS/Middlewares/Third_Party/SEGGER/SEGGER" -I../Drivers/STM32F4xx_HAL_Driver/Inc -I../Drivers/STM32F4xx_HAL_Driver/Inc/Legacy -I../Drivers/CMSIS/Device/ST/STM32F4xx/Include -I../Drivers/CMSIS/Include -O0 -ffunction-sections -fdata-sections -Wall -fstack-usage -fcyclomatic-complexity -MMD -MP -MF"Drivers/STM32F4xx_HAL_Driver/Src/stm32f4xx_hal_tim.d" -MT"Drivers/STM32F4xx_HAL_Driver/Src/stm32f4xx_hal_tim.o" --specs=nano.specs -mfpu=fpv4-sp-d16 -mfloat-abi=hard -mthumb -o "Drivers/STM32F4xx_HAL_Driver/Src/stm32f4xx_hal_tim.o"
arm-none-eabi-gcc "../Drivers/STM32F4xx_HAL_Driver/Src/stm32f4xx_hal_tim_ex.c" -mcpu=cortex-m4 -std=gnu11 -g3 -DDEBUG -DUSE_HAL_DRIVER -DSTM32F401xE -c -I"C:/Users/DELL/Documents/GitHub/EspecializacionSTM32/Plantilla_RTOS/Middlewares/Third_Party/FreeRTOS/include" -I"C:/Users/DELL/Documents/GitHub/EspecializacionSTM32/Plantilla_RTOS/Middlewares/Third_Party/FreeRTOS/portable/GCC/ARM_CM4F" -I../Core/Inc -I"C:/Users/DELL/Documents/GitHub/EspecializacionSTM32/Plantilla_RTOS/Middlewares/Third_Party/SEGGER/Config" -I"C:/Users/DELL/Documents/GitHub/EspecializacionSTM32/Plantilla_RTOS/Middlewares/Third_Party/SEGGER/OS" -I"C:/Users/DELL/Documents/GitHub/EspecializacionSTM32/Plantilla_RTOS/Middlewares/Third_Party/SEGGER/SEGGER" -I../Drivers/STM32F4xx_HAL_Driver/Inc -I../Drivers/STM32F4xx_HAL_Driver/Inc/Legacy -I../Drivers/CMSIS/Device/ST/STM32F4xx/Include -I../Drivers/CMSIS/Include -O0 -ffunction-sections -fdata-sections -Wall -fstack-usage -fcyclomatic-complexity -MMD -MP -MF"Drivers/STM32F4xx_HAL_Driver/Src/stm32f4xx_hal_tim_ex.d" -MT"Drivers/STM32F4xx_HAL_Driver/Src/stm32f4xx_hal_tim_ex.o" --specs=nano.specs -mfpu=fpv4-sp-d16 -mfloat-abi=hard -mthumb -o "Drivers/STM32F4xx_HAL_Driver/Src/stm32f4xx_hal_tim_ex.o"
arm-none-eabi-gcc "../Drivers/STM32F4xx_HAL_Driver/Src/stm32f4xx_hal_uart.c" -mcpu=cortex-m4 -std=gnu11 -g3 -DDEBUG -DUSE_HAL_DRIVER -DSTM32F401xE -c -I"C:/Users/DELL/Documents/GitHub/EspecializacionSTM32/Plantilla_RTOS/Middlewares/Third_Party/FreeRTOS/include" -I"C:/Users/DELL/Documents/GitHub/EspecializacionSTM32/Plantilla_RTOS/Middlewares/Third_Party/FreeRTOS/portable/GCC/ARM_CM4F" -I../Core/Inc -I"C:/Users/DELL/Documents/GitHub/EspecializacionSTM32/Plantilla_RTOS/Middlewares/Third_Party/SEGGER/Config" -I"C:/Users/DELL/Documents/GitHub/EspecializacionSTM32/Plantilla_RTOS/Middlewares/Third_Party/SEGGER/OS" -I"C:/Users/DELL/Documents/GitHub/EspecializacionSTM32/Plantilla_RTOS/Middlewares/Third_Party/SEGGER/SEGGER" -I../Drivers/STM32F4xx_HAL_Driver/Inc -I../Drivers/STM32F4xx_HAL_Driver/Inc/Legacy -I../Drivers/CMSIS/Device/ST/STM32F4xx/Include -I../Drivers/CMSIS/Include -O0 -ffunction-sections -fdata-sections -Wall -fstack-usage -fcyclomatic-complexity -MMD -MP -MF"Drivers/STM32F4xx_HAL_Driver/Src/stm32f4xx_hal_uart.d" -MT"Drivers/STM32F4xx_HAL_Driver/Src/stm32f4xx_hal_uart.o" --specs=nano.specs -mfpu=fpv4-sp-d16 -mfloat-abi=hard -mthumb -o "Drivers/STM32F4xx_HAL_Driver/Src/stm32f4xx_hal_uart.o"
arm-none-eabi-gcc -mcpu=cortex-m4 -g3 -DDEBUG -c -I"C:/Users/DELL/Documents/GitHub/EspecializacionSTM32/Plantilla_RTOS/Middlewares/Third_Party/SEGGER/Config" -I"C:/Users/DELL/Documents/GitHub/EspecializacionSTM32/Plantilla_RTOS/Middlewares/Third_Party/SEGGER/OS" -I"C:/Users/DELL/Documents/GitHub/EspecializacionSTM32/Plantilla_RTOS/Middlewares/Third_Party/SEGGER/SEGGER" -x assembler-with-cpp -MMD -MP -MF"Core/Startup/startup_stm32f401retx.d" -MT"Core/Startup/startup_stm32f401retx.o" --specs=nano.specs -mfpu=fpv4-sp-d16 -mfloat-abi=hard -mthumb -o "Core/Startup/startup_stm32f401retx.o" "../Core/Startup/startup_stm32f401retx.s"
arm-none-eabi-gcc "../Core/Src/gpio.c" -mcpu=cortex-m4 -std=gnu11 -g3 -DDEBUG -DUSE_HAL_DRIVER -DSTM32F401xE -c -I"C:/Users/DELL/Documents/GitHub/EspecializacionSTM32/Plantilla_RTOS/Middlewares/Third_Party/FreeRTOS/include" -I"C:/Users/DELL/Documents/GitHub/EspecializacionSTM32/Plantilla_RTOS/Middlewares/Third_Party/FreeRTOS/portable/GCC/ARM_CM4F" -I../Core/Inc -I"C:/Users/DELL/Documents/GitHub/EspecializacionSTM32/Plantilla_RTOS/Middlewares/Third_Party/SEGGER/Config" -I"C:/Users/DELL/Documents/GitHub/EspecializacionSTM32/Plantilla_RTOS/Middlewares/Third_Party/SEGGER/OS" -I"C:/Users/DELL/Documents/GitHub/EspecializacionSTM32/Plantilla_RTOS/Middlewares/Third_Party/SEGGER/SEGGER" -I../Drivers/STM32F4xx_HAL_Driver/Inc -I../Drivers/STM32F4xx_HAL_Driver/Inc/Legacy -I../Drivers/CMSIS/Device/ST/STM32F4xx/Include -I../Drivers/CMSIS/Include -O0 -ffunction-sections -fdata-sections -Wall -fstack-usage -fcyclomatic-complexity -MMD -MP -MF"Core/Src/gpio.d" -MT"Core/Src/gpio.o" --specs=nano.specs -mfpu=fpv4-sp-d16 -mfloat-abi=hard -mthumb -o "Core/Src/gpio.o"
arm-none-eabi-gcc "../Core/Src/main.c" -mcpu=cortex-m4 -std=gnu11 -g3 -DDEBUG -DUSE_HAL_DRIVER -DSTM32F401xE -c -I"C:/Users/DELL/Documents/GitHub/EspecializacionSTM32/Plantilla_RTOS/Middlewares/Third_Party/FreeRTOS/include" -I"C:/Users/DELL/Documents/GitHub/EspecializacionSTM32/Plantilla_RTOS/Middlewares/Third_Party/FreeRTOS/portable/GCC/ARM_CM4F" -I../Core/Inc -I"C:/Users/DELL/Documents/GitHub/EspecializacionSTM32/Plantilla_RTOS/Middlewares/Third_Party/SEGGER/Config" -I"C:/Users/DELL/Documents/GitHub/EspecializacionSTM32/Plantilla_RTOS/Middlewares/Third_Party/SEGGER/OS" -I"C:/Users/DELL/Documents/GitHub/EspecializacionSTM32/Plantilla_RTOS/Middlewares/Third_Party/SEGGER/SEGGER" -I../Drivers/STM32F4xx_HAL_Driver/Inc -I../Drivers/STM32F4xx_HAL_Driver/Inc/Legacy -I../Drivers/CMSIS/Device/ST/STM32F4xx/Include -I../Drivers/CMSIS/Include -O0 -ffunction-sections -fdata-sections -Wall -fstack-usage -fcyclomatic-complexity -MMD -MP -MF"Core/Src/main.d" -MT"Core/Src/main.o" --specs=nano.specs -mfpu=fpv4-sp-d16 -mfloat-abi=hard -mthumb -o "Core/Src/main.o"
arm-none-eabi-gcc "../Core/Src/stm32f4xx_hal_msp.c" -mcpu=cortex-m4 -std=gnu11 -g3 -DDEBUG -DUSE_HAL_DRIVER -DSTM32F401xE -c -I"C:/Users/DELL/Documents/GitHub/EspecializacionSTM32/Plantilla_RTOS/Middlewares/Third_Party/FreeRTOS/include" -I"C:/Users/DELL/Documents/GitHub/EspecializacionSTM32/Plantilla_RTOS/Middlewares/Third_Party/FreeRTOS/portable/GCC/ARM_CM4F" -I../Core/Inc -I"C:/Users/DELL/Documents/GitHub/EspecializacionSTM32/Plantilla_RTOS/Middlewares/Third_Party/SEGGER/Config" -I"C:/Users/DELL/Documents/GitHub/EspecializacionSTM32/Plantilla_RTOS/Middlewares/Third_Party/SEGGER/OS" -I"C:/Users/DELL/Documents/GitHub/EspecializacionSTM32/Plantilla_RTOS/Middlewares/Third_Party/SEGGER/SEGGER" -I../Drivers/STM32F4xx_HAL_Driver/Inc -I../Drivers/STM32F4xx_HAL_Driver/Inc/Legacy -I../Drivers/CMSIS/Device/ST/STM32F4xx/Include -I../Drivers/CMSIS/Include -O0 -ffunction-sections -fdata-sections -Wall -fstack-usage -fcyclomatic-complexity -MMD -MP -MF"Core/Src/stm32f4xx_hal_msp.d" -MT"Core/Src/stm32f4xx_hal_msp.o" --specs=nano.specs -mfpu=fpv4-sp-d16 -mfloat-abi=hard -mthumb -o "Core/Src/stm32f4xx_hal_msp.o"
arm-none-eabi-gcc "../Core/Src/stm32f4xx_hal_timebase_tim.c" -mcpu=cortex-m4 -std=gnu11 -g3 -DDEBUG -DUSE_HAL_DRIVER -DSTM32F401xE -c -I"C:/Users/DELL/Documents/GitHub/EspecializacionSTM32/Plantilla_RTOS/Middlewares/Third_Party/FreeRTOS/include" -I"C:/Users/DELL/Documents/GitHub/EspecializacionSTM32/Plantilla_RTOS/Middlewares/Third_Party/FreeRTOS/portable/GCC/ARM_CM4F" -I../Core/Inc -I"C:/Users/DELL/Documents/GitHub/EspecializacionSTM32/Plantilla_RTOS/Middlewares/Third_Party/SEGGER/Config" -I"C:/Users/DELL/Documents/GitHub/EspecializacionSTM32/Plantilla_RTOS/Middlewares/Third_Party/SEGGER/OS" -I"C:/Users/DELL/Documents/GitHub/EspecializacionSTM32/Plantilla_RTOS/Middlewares/Third_Party/SEGGER/SEGGER" -I../Drivers/STM32F4xx_HAL_Driver/Inc -I../Drivers/STM32F4xx_HAL_Driver/Inc/Legacy -I../Drivers/CMSIS/Device/ST/STM32F4xx/Include -I../Drivers/CMSIS/Include -O0 -ffunction-sections -fdata-sections -Wall -fstack-usage -fcyclomatic-complexity -MMD -MP -MF"Core/Src/stm32f4xx_hal_timebase_tim.d" -MT"Core/Src/stm32f4xx_hal_timebase_tim.o" --specs=nano.specs -mfpu=fpv4-sp-d16 -mfloat-abi=hard -mthumb -o "Core/Src/stm32f4xx_hal_timebase_tim.o"
arm-none-eabi-gcc "../Core/Src/stm32f4xx_it.c" -mcpu=cortex-m4 -std=gnu11 -g3 -DDEBUG -DUSE_HAL_DRIVER -DSTM32F401xE -c -I"C:/Users/DELL/Documents/GitHub/EspecializacionSTM32/Plantilla_RTOS/Middlewares/Third_Party/FreeRTOS/include" -I"C:/Users/DELL/Documents/GitHub/EspecializacionSTM32/Plantilla_RTOS/Middlewares/Third_Party/FreeRTOS/portable/GCC/ARM_CM4F" -I../Core/Inc -I"C:/Users/DELL/Documents/GitHub/EspecializacionSTM32/Plantilla_RTOS/Middlewares/Third_Party/SEGGER/Config" -I"C:/Users/DELL/Documents/GitHub/EspecializacionSTM32/Plantilla_RTOS/Middlewares/Third_Party/SEGGER/OS" -I"C:/Users/DELL/Documents/GitHub/EspecializacionSTM32/Plantilla_RTOS/Middlewares/Third_Party/SEGGER/SEGGER" -I../Drivers/STM32F4xx_HAL_Driver/Inc -I../Drivers/STM32F4xx_HAL_Driver/Inc/Legacy -I../Drivers/CMSIS/Device/ST/STM32F4xx/Include -I../Drivers/CMSIS/Include -O0 -ffunction-sections -fdata-sections -Wall -fstack-usage -fcyclomatic-complexity -MMD -MP -MF"Core/Src/stm32f4xx_it.d" -MT"Core/Src/stm32f4xx_it.o" --specs=nano.specs -mfpu=fpv4-sp-d16 -mfloat-abi=hard -mthumb -o "Core/Src/stm32f4xx_it.o"
arm-none-eabi-gcc "../Core/Src/syscalls.c" -mcpu=cortex-m4 -std=gnu11 -g3 -DDEBUG -DUSE_HAL_DRIVER -DSTM32F401xE -c -I"C:/Users/DELL/Documents/GitHub/EspecializacionSTM32/Plantilla_RTOS/Middlewares/Third_Party/FreeRTOS/include" -I"C:/Users/DELL/Documents/GitHub/EspecializacionSTM32/Plantilla_RTOS/Middlewares/Third_Party/FreeRTOS/portable/GCC/ARM_CM4F" -I../Core/Inc -I"C:/Users/DELL/Documents/GitHub/EspecializacionSTM32/Plantilla_RTOS/Middlewares/Third_Party/SEGGER/Config" -I"C:/Users/DELL/Documents/GitHub/EspecializacionSTM32/Plantilla_RTOS/Middlewares/Third_Party/SEGGER/OS" -I"C:/Users/DELL/Documents/GitHub/EspecializacionSTM32/Plantilla_RTOS/Middlewares/Third_Party/SEGGER/SEGGER" -I../Drivers/STM32F4xx_HAL_Driver/Inc -I../Drivers/STM32F4xx_HAL_Driver/Inc/Legacy -I../Drivers/CMSIS/Device/ST/STM32F4xx/Include -I../Drivers/CMSIS/Include -O0 -ffunction-sections -fdata-sections -Wall -fstack-usage -fcyclomatic-complexity -MMD -MP -MF"Core/Src/syscalls.d" -MT"Core/Src/syscalls.o" --specs=nano.specs -mfpu=fpv4-sp-d16 -mfloat-abi=hard -mthumb -o "Core/Src/syscalls.o"
arm-none-eabi-gcc "../Core/Src/system_stm32f4xx.c" -mcpu=cortex-m4 -std=gnu11 -g3 -DDEBUG -DUSE_HAL_DRIVER -DSTM32F401xE -c -I"C:/Users/DELL/Documents/GitHub/EspecializacionSTM32/Plantilla_RTOS/Middlewares/Third_Party/FreeRTOS/include" -I"C:/Users/DELL/Documents/GitHub/EspecializacionSTM32/Plantilla_RTOS/Middlewares/Third_Party/FreeRTOS/portable/GCC/ARM_CM4F" -I../Core/Inc -I"C:/Users/DELL/Documents/GitHub/EspecializacionSTM32/Plantilla_RTOS/Middlewares/Third_Party/SEGGER/Config" -I"C:/Users/DELL/Documents/GitHub/EspecializacionSTM32/Plantilla_RTOS/Middlewares/Third_Party/SEGGER/OS" -I"C:/Users/DELL/Documents/GitHub/EspecializacionSTM32/Plantilla_RTOS/Middlewares/Third_Party/SEGGER/SEGGER" -I../Drivers/STM32F4xx_HAL_Driver/Inc -I../Drivers/STM32F4xx_HAL_Driver/Inc/Legacy -I../Drivers/CMSIS/Device/ST/STM32F4xx/Include -I../Drivers/CMSIS/Include -O0 -ffunction-sections -fdata-sections -Wall -fstack-usage -fcyclomatic-complexity -MMD -MP -MF"Core/Src/system_stm32f4xx.d" -MT"Core/Src/system_stm32f4xx.o" --specs=nano.specs -mfpu=fpv4-sp-d16 -mfloat-abi=hard -mthumb -o "Core/Src/system_stm32f4xx.o"
arm-none-eabi-gcc "../Core/Src/usart.c" -mcpu=cortex-m4 -std=gnu11 -g3 -DDEBUG -DUSE_HAL_DRIVER -DSTM32F401xE -c -I"C:/Users/DELL/Documents/GitHub/EspecializacionSTM32/Plantilla_RTOS/Middlewares/Third_Party/FreeRTOS/include" -I"C:/Users/DELL/Documents/GitHub/EspecializacionSTM32/Plantilla_RTOS/Middlewares/Third_Party/FreeRTOS/portable/GCC/ARM_CM4F" -I../Core/Inc -I"C:/Users/DELL/Documents/GitHub/EspecializacionSTM32/Plantilla_RTOS/Middlewares/Third_Party/SEGGER/Config" -I"C:/Users/DELL/Documents/GitHub/EspecializacionSTM32/Plantilla_RTOS/Middlewares/Third_Party/SEGGER/OS" -I"C:/Users/DELL/Documents/GitHub/EspecializacionSTM32/Plantilla_RTOS/Middlewares/Third_Party/SEGGER/SEGGER" -I../Drivers/STM32F4xx_HAL_Driver/Inc -I../Drivers/STM32F4xx_HAL_Driver/Inc/Legacy -I../Drivers/CMSIS/Device/ST/STM32F4xx/Include -I../Drivers/CMSIS/Include -O0 -ffunction-sections -fdata-sections -Wall -fstack-usage -fcyclomatic-complexity -MMD -MP -MF"Core/Src/usart.d" -MT"Core/Src/usart.o" --specs=nano.specs -mfpu=fpv4-sp-d16 -mfloat-abi=hard -mthumb -o "Core/Src/usart.o"
arm-none-eabi-gcc -o "Plantilla_RTOS.elf" @"objects.list"   -mcpu=cortex-m4 -T"C:\Users\DELL\Documents\GitHub\EspecializacionSTM32\Plantilla_RTOS\STM32F401RETX_FLASH.ld" --specs=nosys.specs -Wl,-Map="Plantilla_RTOS.map" -Wl,--gc-sections -static --specs=nano.specs -mfpu=fpv4-sp-d16 -mfloat-abi=hard -mthumb -Wl,--start-group -lc -lm -Wl,--end-group
Finished building target: Plantilla_RTOS.elf
 
arm-none-eabi-size   Plantilla_RTOS.elf 
arm-none-eabi-objdump -h -S  Plantilla_RTOS.elf  > "Plantilla_RTOS.list"
   text	   data	    bss	    dec	    hex	filename
  23904	     28	  19036	  42968	   a7d8	Plantilla_RTOS.elf
Finished building: default.size.stdout
 
Finished building: Plantilla_RTOS.list
 
