16:23:42 **** Incremental Build of configuration Debug for project Ejemplo39_LVGL ****
make -j4 all 
arm-none-eabi-gcc "../ui/screens/ui_Screen1.c" -mcpu=cortex-m4 -std=gnu11 -g3 -DDEBUG -DUSE_HAL_DRIVER -DSTM32F429xx -c -I../Core/Inc -I"C:/Users/DELL/Documents/GitHub/EspecializacionSTM32/Ejemplo39_LVGL" -I../Drivers/STM32F4xx_HAL_Driver/Inc -I../Drivers/STM32F4xx_HAL_Driver/Inc/Legacy -I../Drivers/CMSIS/Device/ST/STM32F4xx/Include -I../Drivers/CMSIS/Include -I"C:/Users/DELL/Documents/GitHub/EspecializacionSTM32/Ejemplo39_LVGL/ui" -O0 -ffunction-sections -fdata-sections -Wall -fstack-usage -fcyclomatic-complexity -MMD -MP -MF"ui/screens/ui_Screen1.d" -MT"ui/screens/ui_Screen1.o" --specs=nano.specs -mfpu=fpv4-sp-d16 -mfloat-abi=hard -mthumb -o "ui/screens/ui_Screen1.o"
arm-none-eabi-gcc "../ui/screens/ui_Screen2.c" -mcpu=cortex-m4 -std=gnu11 -g3 -DDEBUG -DUSE_HAL_DRIVER -DSTM32F429xx -c -I../Core/Inc -I"C:/Users/DELL/Documents/GitHub/EspecializacionSTM32/Ejemplo39_LVGL" -I../Drivers/STM32F4xx_HAL_Driver/Inc -I../Drivers/STM32F4xx_HAL_Driver/Inc/Legacy -I../Drivers/CMSIS/Device/ST/STM32F4xx/Include -I../Drivers/CMSIS/Include -I"C:/Users/DELL/Documents/GitHub/EspecializacionSTM32/Ejemplo39_LVGL/ui" -O0 -ffunction-sections -fdata-sections -Wall -fstack-usage -fcyclomatic-complexity -MMD -MP -MF"ui/screens/ui_Screen2.d" -MT"ui/screens/ui_Screen2.o" --specs=nano.specs -mfpu=fpv4-sp-d16 -mfloat-abi=hard -mthumb -o "ui/screens/ui_Screen2.o"
arm-none-eabi-gcc "../ui/screens/ui_Screen3.c" -mcpu=cortex-m4 -std=gnu11 -g3 -DDEBUG -DUSE_HAL_DRIVER -DSTM32F429xx -c -I../Core/Inc -I"C:/Users/DELL/Documents/GitHub/EspecializacionSTM32/Ejemplo39_LVGL" -I../Drivers/STM32F4xx_HAL_Driver/Inc -I../Drivers/STM32F4xx_HAL_Driver/Inc/Legacy -I../Drivers/CMSIS/Device/ST/STM32F4xx/Include -I../Drivers/CMSIS/Include -I"C:/Users/DELL/Documents/GitHub/EspecializacionSTM32/Ejemplo39_LVGL/ui" -O0 -ffunction-sections -fdata-sections -Wall -fstack-usage -fcyclomatic-complexity -MMD -MP -MF"ui/screens/ui_Screen3.d" -MT"ui/screens/ui_Screen3.o" --specs=nano.specs -mfpu=fpv4-sp-d16 -mfloat-abi=hard -mthumb -o "ui/screens/ui_Screen3.o"
arm-none-eabi-gcc "../ui/ui.c" -mcpu=cortex-m4 -std=gnu11 -g3 -DDEBUG -DUSE_HAL_DRIVER -DSTM32F429xx -c -I../Core/Inc -I"C:/Users/DELL/Documents/GitHub/EspecializacionSTM32/Ejemplo39_LVGL" -I../Drivers/STM32F4xx_HAL_Driver/Inc -I../Drivers/STM32F4xx_HAL_Driver/Inc/Legacy -I../Drivers/CMSIS/Device/ST/STM32F4xx/Include -I../Drivers/CMSIS/Include -I"C:/Users/DELL/Documents/GitHub/EspecializacionSTM32/Ejemplo39_LVGL/ui" -O0 -ffunction-sections -fdata-sections -Wall -fstack-usage -fcyclomatic-complexity -MMD -MP -MF"ui/ui.d" -MT"ui/ui.o" --specs=nano.specs -mfpu=fpv4-sp-d16 -mfloat-abi=hard -mthumb -o "ui/ui.o"
../ui/ui.c: In function 'ui_event_Button3':
../ui/ui.c:61:16: warning: unused variable 'target' [-Wunused-variable]
   61 |     lv_obj_t * target = lv_event_get_target(e);
      |                ^~~~~~
../ui/ui.c: In function 'ui_event_Button4':
../ui/ui.c:69:16: warning: unused variable 'target' [-Wunused-variable]
   69 |     lv_obj_t * target = lv_event_get_target(e);
      |                ^~~~~~
../ui/ui.c: In function 'ui_event_Button5':
../ui/ui.c:77:16: warning: unused variable 'target' [-Wunused-variable]
   77 |     lv_obj_t * target = lv_event_get_target(e);
      |                ^~~~~~
../ui/ui.c: In function 'ui_event_Button2':
../ui/ui.c:85:16: warning: unused variable 'target' [-Wunused-variable]
   85 |     lv_obj_t * target = lv_event_get_target(e);
      |                ^~~~~~
../ui/ui.c: In function 'ui_event_Button6':
../ui/ui.c:93:16: warning: unused variable 'target' [-Wunused-variable]
   93 |     lv_obj_t * target = lv_event_get_target(e);
      |                ^~~~~~
arm-none-eabi-gcc "../ui/ui_events.c" -mcpu=cortex-m4 -std=gnu11 -g3 -DDEBUG -DUSE_HAL_DRIVER -DSTM32F429xx -c -I../Core/Inc -I"C:/Users/DELL/Documents/GitHub/EspecializacionSTM32/Ejemplo39_LVGL" -I../Drivers/STM32F4xx_HAL_Driver/Inc -I../Drivers/STM32F4xx_HAL_Driver/Inc/Legacy -I../Drivers/CMSIS/Device/ST/STM32F4xx/Include -I../Drivers/CMSIS/Include -I"C:/Users/DELL/Documents/GitHub/EspecializacionSTM32/Ejemplo39_LVGL/ui" -O0 -ffunction-sections -fdata-sections -Wall -fstack-usage -fcyclomatic-complexity -MMD -MP -MF"ui/ui_events.d" -MT"ui/ui_events.o" --specs=nano.specs -mfpu=fpv4-sp-d16 -mfloat-abi=hard -mthumb -o "ui/ui_events.o"
arm-none-eabi-gcc "../ui/ui_helpers.c" -mcpu=cortex-m4 -std=gnu11 -g3 -DDEBUG -DUSE_HAL_DRIVER -DSTM32F429xx -c -I../Core/Inc -I"C:/Users/DELL/Documents/GitHub/EspecializacionSTM32/Ejemplo39_LVGL" -I../Drivers/STM32F4xx_HAL_Driver/Inc -I../Drivers/STM32F4xx_HAL_Driver/Inc/Legacy -I../Drivers/CMSIS/Device/ST/STM32F4xx/Include -I../Drivers/CMSIS/Include -I"C:/Users/DELL/Documents/GitHub/EspecializacionSTM32/Ejemplo39_LVGL/ui" -O0 -ffunction-sections -fdata-sections -Wall -fstack-usage -fcyclomatic-complexity -MMD -MP -MF"ui/ui_helpers.d" -MT"ui/ui_helpers.o" --specs=nano.specs -mfpu=fpv4-sp-d16 -mfloat-abi=hard -mthumb -o "ui/ui_helpers.o"
arm-none-eabi-gcc "../Core/Src/adc.c" -mcpu=cortex-m4 -std=gnu11 -g3 -DDEBUG -DUSE_HAL_DRIVER -DSTM32F429xx -c -I../Core/Inc -I"C:/Users/DELL/Documents/GitHub/EspecializacionSTM32/Ejemplo39_LVGL" -I../Drivers/STM32F4xx_HAL_Driver/Inc -I../Drivers/STM32F4xx_HAL_Driver/Inc/Legacy -I../Drivers/CMSIS/Device/ST/STM32F4xx/Include -I../Drivers/CMSIS/Include -I"C:/Users/DELL/Documents/GitHub/EspecializacionSTM32/Ejemplo39_LVGL/ui" -O0 -ffunction-sections -fdata-sections -Wall -fstack-usage -fcyclomatic-complexity -MMD -MP -MF"Core/Src/adc.d" -MT"Core/Src/adc.o" --specs=nano.specs -mfpu=fpv4-sp-d16 -mfloat-abi=hard -mthumb -o "Core/Src/adc.o"
arm-none-eabi-gcc "../Core/Src/gpio.c" -mcpu=cortex-m4 -std=gnu11 -g3 -DDEBUG -DUSE_HAL_DRIVER -DSTM32F429xx -c -I../Core/Inc -I"C:/Users/DELL/Documents/GitHub/EspecializacionSTM32/Ejemplo39_LVGL" -I../Drivers/STM32F4xx_HAL_Driver/Inc -I../Drivers/STM32F4xx_HAL_Driver/Inc/Legacy -I../Drivers/CMSIS/Device/ST/STM32F4xx/Include -I../Drivers/CMSIS/Include -I"C:/Users/DELL/Documents/GitHub/EspecializacionSTM32/Ejemplo39_LVGL/ui" -O0 -ffunction-sections -fdata-sections -Wall -fstack-usage -fcyclomatic-complexity -MMD -MP -MF"Core/Src/gpio.d" -MT"Core/Src/gpio.o" --specs=nano.specs -mfpu=fpv4-sp-d16 -mfloat-abi=hard -mthumb -o "Core/Src/gpio.o"
arm-none-eabi-gcc "../Core/Src/main.c" -mcpu=cortex-m4 -std=gnu11 -g3 -DDEBUG -DUSE_HAL_DRIVER -DSTM32F429xx -c -I../Core/Inc -I"C:/Users/DELL/Documents/GitHub/EspecializacionSTM32/Ejemplo39_LVGL" -I../Drivers/STM32F4xx_HAL_Driver/Inc -I../Drivers/STM32F4xx_HAL_Driver/Inc/Legacy -I../Drivers/CMSIS/Device/ST/STM32F4xx/Include -I../Drivers/CMSIS/Include -I"C:/Users/DELL/Documents/GitHub/EspecializacionSTM32/Ejemplo39_LVGL/ui" -O0 -ffunction-sections -fdata-sections -Wall -fstack-usage -fcyclomatic-complexity -MMD -MP -MF"Core/Src/main.d" -MT"Core/Src/main.o" --specs=nano.specs -mfpu=fpv4-sp-d16 -mfloat-abi=hard -mthumb -o "Core/Src/main.o"
arm-none-eabi-gcc "../Core/Src/stm32f4xx_hal_msp.c" -mcpu=cortex-m4 -std=gnu11 -g3 -DDEBUG -DUSE_HAL_DRIVER -DSTM32F429xx -c -I../Core/Inc -I"C:/Users/DELL/Documents/GitHub/EspecializacionSTM32/Ejemplo39_LVGL" -I../Drivers/STM32F4xx_HAL_Driver/Inc -I../Drivers/STM32F4xx_HAL_Driver/Inc/Legacy -I../Drivers/CMSIS/Device/ST/STM32F4xx/Include -I../Drivers/CMSIS/Include -I"C:/Users/DELL/Documents/GitHub/EspecializacionSTM32/Ejemplo39_LVGL/ui" -O0 -ffunction-sections -fdata-sections -Wall -fstack-usage -fcyclomatic-complexity -MMD -MP -MF"Core/Src/stm32f4xx_hal_msp.d" -MT"Core/Src/stm32f4xx_hal_msp.o" --specs=nano.specs -mfpu=fpv4-sp-d16 -mfloat-abi=hard -mthumb -o "Core/Src/stm32f4xx_hal_msp.o"
arm-none-eabi-gcc "../Core/Src/stm32f4xx_it.c" -mcpu=cortex-m4 -std=gnu11 -g3 -DDEBUG -DUSE_HAL_DRIVER -DSTM32F429xx -c -I../Core/Inc -I"C:/Users/DELL/Documents/GitHub/EspecializacionSTM32/Ejemplo39_LVGL" -I../Drivers/STM32F4xx_HAL_Driver/Inc -I../Drivers/STM32F4xx_HAL_Driver/Inc/Legacy -I../Drivers/CMSIS/Device/ST/STM32F4xx/Include -I../Drivers/CMSIS/Include -I"C:/Users/DELL/Documents/GitHub/EspecializacionSTM32/Ejemplo39_LVGL/ui" -O0 -ffunction-sections -fdata-sections -Wall -fstack-usage -fcyclomatic-complexity -MMD -MP -MF"Core/Src/stm32f4xx_it.d" -MT"Core/Src/stm32f4xx_it.o" --specs=nano.specs -mfpu=fpv4-sp-d16 -mfloat-abi=hard -mthumb -o "Core/Src/stm32f4xx_it.o"
arm-none-eabi-gcc -o "Ejemplo39_LVGL.elf" @"objects.list"   -mcpu=cortex-m4 -T"C:\Users\DELL\Documents\GitHub\EspecializacionSTM32\Ejemplo39_LVGL\STM32F429ZITX_FLASH.ld" --specs=nosys.specs -Wl,-Map="Ejemplo39_LVGL.map" -Wl,--cref -Wl,--gc-sections -static --specs=nano.specs -mfpu=fpv4-sp-d16 -mfloat-abi=hard -mthumb -Wl,--start-group -lc -lm -Wl,--end-group
Finished building target: Ejemplo39_LVGL.elf
 
arm-none-eabi-size   Ejemplo39_LVGL.elf 
arm-none-eabi-objdump -h -S  Ejemplo39_LVGL.elf  > "Ejemplo39_LVGL.list"
   text	   data	    bss	    dec	    hex	filename
 338908	    284	  38460	 377652	  5c334	Ejemplo39_LVGL.elf
Finished building: default.size.stdout
 
Finished building: Ejemplo39_LVGL.list
 
16:24:34 **** Incremental Build of configuration Debug for project Ejemplo39_LVGL ****
make -j4 all 
arm-none-eabi-size   Ejemplo39_LVGL.elf 
   text	   data	    bss	    dec	    hex	filename
 338908	    284	  38460	 377652	  5c334	Ejemplo39_LVGL.elf
Finished building: default.size.stdout
 
16:28:49 **** Incremental Build of configuration Debug for project Ejemplo39_LVGL ****
make -j4 all 
arm-none-eabi-gcc "../Core/Src/gpio.c" -mcpu=cortex-m4 -std=gnu11 -g3 -DDEBUG -DUSE_HAL_DRIVER -DSTM32F429xx -c -I../Core/Inc -I"C:/Users/DELL/Documents/GitHub/EspecializacionSTM32/Ejemplo39_LVGL" -I../Drivers/STM32F4xx_HAL_Driver/Inc -I../Drivers/STM32F4xx_HAL_Driver/Inc/Legacy -I../Drivers/CMSIS/Device/ST/STM32F4xx/Include -I../Drivers/CMSIS/Include -I"C:/Users/DELL/Documents/GitHub/EspecializacionSTM32/Ejemplo39_LVGL/ui" -O0 -ffunction-sections -fdata-sections -Wall -fstack-usage -fcyclomatic-complexity -MMD -MP -MF"Core/Src/gpio.d" -MT"Core/Src/gpio.o" --specs=nano.specs -mfpu=fpv4-sp-d16 -mfloat-abi=hard -mthumb -o "Core/Src/gpio.o"
arm-none-eabi-gcc -o "Ejemplo39_LVGL.elf" @"objects.list"   -mcpu=cortex-m4 -T"C:\Users\DELL\Documents\GitHub\EspecializacionSTM32\Ejemplo39_LVGL\STM32F429ZITX_FLASH.ld" --specs=nosys.specs -Wl,-Map="Ejemplo39_LVGL.map" -Wl,--cref -Wl,--gc-sections -static --specs=nano.specs -mfpu=fpv4-sp-d16 -mfloat-abi=hard -mthumb -Wl,--start-group -lc -lm -Wl,--end-group
Finished building target: Ejemplo39_LVGL.elf
 
arm-none-eabi-size   Ejemplo39_LVGL.elf 
arm-none-eabi-objdump -h -S  Ejemplo39_LVGL.elf  > "Ejemplo39_LVGL.list"
   text	   data	    bss	    dec	    hex	filename
 338908	    284	  38460	 377652	  5c334	Ejemplo39_LVGL.elf
Finished building: default.size.stdout
 
Finished building: Ejemplo39_LVGL.list
 
