16:59:03 **** Incremental Build of configuration Debug for project prueba1 ****
make -j4 all 
arm-none-eabi-gcc "../LVGL/hal_stm_lvgl/touch/touchpad.c" -mcpu=cortex-m4 -std=gnu11 -g3 -DDEBUG -DUSE_HAL_DRIVER -DSTM32F401xE -c -I../Core/Inc -I../Drivers/STM32F4xx_HAL_Driver/Inc -I../Drivers/STM32F4xx_HAL_Driver/Inc/Legacy -I../Drivers/CMSIS/Device/ST/STM32F4xx/Include -I../Drivers/CMSIS/Include -I"C:/Users/DELL/OneDrive/Documentos/GitHub/STM32_ApliacionesAvanzadas/prueba1/LVGL/lvgl/src/lv_font" -I"C:/Users/DELL/OneDrive/Documentos/GitHub/STM32_ApliacionesAvanzadas/prueba1/LVGL/lv_examples" -I"C:/Users/DELL/OneDrive/Documentos/GitHub/STM32_ApliacionesAvanzadas/prueba1/LVGL/lv_examples/src" -I"C:/Users/DELL/OneDrive/Documentos/GitHub/STM32_ApliacionesAvanzadas/prueba1/LVGL" -O0 -ffunction-sections -fdata-sections -Wall -fstack-usage -fcyclomatic-complexity -MMD -MP -MF"LVGL/hal_stm_lvgl/touch/touchpad.d" -MT"LVGL/hal_stm_lvgl/touch/touchpad.o" --specs=nano.specs -mfpu=fpv4-sp-d16 -mfloat-abi=hard -mthumb -o "LVGL/hal_stm_lvgl/touch/touchpad.o"
arm-none-eabi-gcc "../LVGL/hal_stm_lvgl/touch/xpt2046.c" -mcpu=cortex-m4 -std=gnu11 -g3 -DDEBUG -DUSE_HAL_DRIVER -DSTM32F401xE -c -I../Core/Inc -I../Drivers/STM32F4xx_HAL_Driver/Inc -I../Drivers/STM32F4xx_HAL_Driver/Inc/Legacy -I../Drivers/CMSIS/Device/ST/STM32F4xx/Include -I../Drivers/CMSIS/Include -I"C:/Users/DELL/OneDrive/Documentos/GitHub/STM32_ApliacionesAvanzadas/prueba1/LVGL/lvgl/src/lv_font" -I"C:/Users/DELL/OneDrive/Documentos/GitHub/STM32_ApliacionesAvanzadas/prueba1/LVGL/lv_examples" -I"C:/Users/DELL/OneDrive/Documentos/GitHub/STM32_ApliacionesAvanzadas/prueba1/LVGL/lv_examples/src" -I"C:/Users/DELL/OneDrive/Documentos/GitHub/STM32_ApliacionesAvanzadas/prueba1/LVGL" -O0 -ffunction-sections -fdata-sections -Wall -fstack-usage -fcyclomatic-complexity -MMD -MP -MF"LVGL/hal_stm_lvgl/touch/xpt2046.d" -MT"LVGL/hal_stm_lvgl/touch/xpt2046.o" --specs=nano.specs -mfpu=fpv4-sp-d16 -mfloat-abi=hard -mthumb -o "LVGL/hal_stm_lvgl/touch/xpt2046.o"
arm-none-eabi-gcc "../LVGL/hal_stm_lvgl/tft/ili9341.c" -mcpu=cortex-m4 -std=gnu11 -g3 -DDEBUG -DUSE_HAL_DRIVER -DSTM32F401xE -c -I../Core/Inc -I../Drivers/STM32F4xx_HAL_Driver/Inc -I../Drivers/STM32F4xx_HAL_Driver/Inc/Legacy -I../Drivers/CMSIS/Device/ST/STM32F4xx/Include -I../Drivers/CMSIS/Include -I"C:/Users/DELL/OneDrive/Documentos/GitHub/STM32_ApliacionesAvanzadas/prueba1/LVGL/lvgl/src/lv_font" -I"C:/Users/DELL/OneDrive/Documentos/GitHub/STM32_ApliacionesAvanzadas/prueba1/LVGL/lv_examples" -I"C:/Users/DELL/OneDrive/Documentos/GitHub/STM32_ApliacionesAvanzadas/prueba1/LVGL/lv_examples/src" -I"C:/Users/DELL/OneDrive/Documentos/GitHub/STM32_ApliacionesAvanzadas/prueba1/LVGL" -O0 -ffunction-sections -fdata-sections -Wall -fstack-usage -fcyclomatic-complexity -MMD -MP -MF"LVGL/hal_stm_lvgl/tft/ili9341.d" -MT"LVGL/hal_stm_lvgl/tft/ili9341.o" --specs=nano.specs -mfpu=fpv4-sp-d16 -mfloat-abi=hard -mthumb -o "LVGL/hal_stm_lvgl/tft/ili9341.o"
arm-none-eabi-gcc "../LVGL/hal_stm_lvgl/tft/tft.c" -mcpu=cortex-m4 -std=gnu11 -g3 -DDEBUG -DUSE_HAL_DRIVER -DSTM32F401xE -c -I../Core/Inc -I../Drivers/STM32F4xx_HAL_Driver/Inc -I../Drivers/STM32F4xx_HAL_Driver/Inc/Legacy -I../Drivers/CMSIS/Device/ST/STM32F4xx/Include -I../Drivers/CMSIS/Include -I"C:/Users/DELL/OneDrive/Documentos/GitHub/STM32_ApliacionesAvanzadas/prueba1/LVGL/lvgl/src/lv_font" -I"C:/Users/DELL/OneDrive/Documentos/GitHub/STM32_ApliacionesAvanzadas/prueba1/LVGL/lv_examples" -I"C:/Users/DELL/OneDrive/Documentos/GitHub/STM32_ApliacionesAvanzadas/prueba1/LVGL/lv_examples/src" -I"C:/Users/DELL/OneDrive/Documentos/GitHub/STM32_ApliacionesAvanzadas/prueba1/LVGL" -O0 -ffunction-sections -fdata-sections -Wall -fstack-usage -fcyclomatic-complexity -MMD -MP -MF"LVGL/hal_stm_lvgl/tft/tft.d" -MT"LVGL/hal_stm_lvgl/tft/tft.o" --specs=nano.specs -mfpu=fpv4-sp-d16 -mfloat-abi=hard -mthumb -o "LVGL/hal_stm_lvgl/tft/tft.o"
arm-none-eabi-gcc "../Drivers/STM32F4xx_HAL_Driver/Src/stm32f4xx_hal.c" -mcpu=cortex-m4 -std=gnu11 -g3 -DDEBUG -DUSE_HAL_DRIVER -DSTM32F401xE -c -I../Core/Inc -I../Drivers/STM32F4xx_HAL_Driver/Inc -I../Drivers/STM32F4xx_HAL_Driver/Inc/Legacy -I../Drivers/CMSIS/Device/ST/STM32F4xx/Include -I../Drivers/CMSIS/Include -I"C:/Users/DELL/OneDrive/Documentos/GitHub/STM32_ApliacionesAvanzadas/prueba1/LVGL/lvgl/src/lv_font" -I"C:/Users/DELL/OneDrive/Documentos/GitHub/STM32_ApliacionesAvanzadas/prueba1/LVGL/lv_examples" -I"C:/Users/DELL/OneDrive/Documentos/GitHub/STM32_ApliacionesAvanzadas/prueba1/LVGL/lv_examples/src" -I"C:/Users/DELL/OneDrive/Documentos/GitHub/STM32_ApliacionesAvanzadas/prueba1/LVGL" -O0 -ffunction-sections -fdata-sections -Wall -fstack-usage -fcyclomatic-complexity -MMD -MP -MF"Drivers/STM32F4xx_HAL_Driver/Src/stm32f4xx_hal.d" -MT"Drivers/STM32F4xx_HAL_Driver/Src/stm32f4xx_hal.o" --specs=nano.specs -mfpu=fpv4-sp-d16 -mfloat-abi=hard -mthumb -o "Drivers/STM32F4xx_HAL_Driver/Src/stm32f4xx_hal.o"
arm-none-eabi-gcc "../Drivers/STM32F4xx_HAL_Driver/Src/stm32f4xx_hal_cortex.c" -mcpu=cortex-m4 -std=gnu11 -g3 -DDEBUG -DUSE_HAL_DRIVER -DSTM32F401xE -c -I../Core/Inc -I../Drivers/STM32F4xx_HAL_Driver/Inc -I../Drivers/STM32F4xx_HAL_Driver/Inc/Legacy -I../Drivers/CMSIS/Device/ST/STM32F4xx/Include -I../Drivers/CMSIS/Include -I"C:/Users/DELL/OneDrive/Documentos/GitHub/STM32_ApliacionesAvanzadas/prueba1/LVGL/lvgl/src/lv_font" -I"C:/Users/DELL/OneDrive/Documentos/GitHub/STM32_ApliacionesAvanzadas/prueba1/LVGL/lv_examples" -I"C:/Users/DELL/OneDrive/Documentos/GitHub/STM32_ApliacionesAvanzadas/prueba1/LVGL/lv_examples/src" -I"C:/Users/DELL/OneDrive/Documentos/GitHub/STM32_ApliacionesAvanzadas/prueba1/LVGL" -O0 -ffunction-sections -fdata-sections -Wall -fstack-usage -fcyclomatic-complexity -MMD -MP -MF"Drivers/STM32F4xx_HAL_Driver/Src/stm32f4xx_hal_cortex.d" -MT"Drivers/STM32F4xx_HAL_Driver/Src/stm32f4xx_hal_cortex.o" --specs=nano.specs -mfpu=fpv4-sp-d16 -mfloat-abi=hard -mthumb -o "Drivers/STM32F4xx_HAL_Driver/Src/stm32f4xx_hal_cortex.o"
../LVGL/hal_stm_lvgl/tft/ili9341.c:100:13: warning: 'ILI9341_Wait_TE' defined but not used [-Wunused-function]
  100 | static void ILI9341_Wait_TE(void)
      |             ^~~~~~~~~~~~~~~
../LVGL/hal_stm_lvgl/tft/ili9341.c:70:13: warning: 'ILI9341_DisplayOn' defined but not used [-Wunused-function]
   70 | static void ILI9341_DisplayOn(void)
      |             ^~~~~~~~~~~~~~~~~
arm-none-eabi-gcc "../Drivers/STM32F4xx_HAL_Driver/Src/stm32f4xx_hal_dma.c" -mcpu=cortex-m4 -std=gnu11 -g3 -DDEBUG -DUSE_HAL_DRIVER -DSTM32F401xE -c -I../Core/Inc -I../Drivers/STM32F4xx_HAL_Driver/Inc -I../Drivers/STM32F4xx_HAL_Driver/Inc/Legacy -I../Drivers/CMSIS/Device/ST/STM32F4xx/Include -I../Drivers/CMSIS/Include -I"C:/Users/DELL/OneDrive/Documentos/GitHub/STM32_ApliacionesAvanzadas/prueba1/LVGL/lvgl/src/lv_font" -I"C:/Users/DELL/OneDrive/Documentos/GitHub/STM32_ApliacionesAvanzadas/prueba1/LVGL/lv_examples" -I"C:/Users/DELL/OneDrive/Documentos/GitHub/STM32_ApliacionesAvanzadas/prueba1/LVGL/lv_examples/src" -I"C:/Users/DELL/OneDrive/Documentos/GitHub/STM32_ApliacionesAvanzadas/prueba1/LVGL" -O0 -ffunction-sections -fdata-sections -Wall -fstack-usage -fcyclomatic-complexity -MMD -MP -MF"Drivers/STM32F4xx_HAL_Driver/Src/stm32f4xx_hal_dma.d" -MT"Drivers/STM32F4xx_HAL_Driver/Src/stm32f4xx_hal_dma.o" --specs=nano.specs -mfpu=fpv4-sp-d16 -mfloat-abi=hard -mthumb -o "Drivers/STM32F4xx_HAL_Driver/Src/stm32f4xx_hal_dma.o"
arm-none-eabi-gcc "../Drivers/STM32F4xx_HAL_Driver/Src/stm32f4xx_hal_dma_ex.c" -mcpu=cortex-m4 -std=gnu11 -g3 -DDEBUG -DUSE_HAL_DRIVER -DSTM32F401xE -c -I../Core/Inc -I../Drivers/STM32F4xx_HAL_Driver/Inc -I../Drivers/STM32F4xx_HAL_Driver/Inc/Legacy -I../Drivers/CMSIS/Device/ST/STM32F4xx/Include -I../Drivers/CMSIS/Include -I"C:/Users/DELL/OneDrive/Documentos/GitHub/STM32_ApliacionesAvanzadas/prueba1/LVGL/lvgl/src/lv_font" -I"C:/Users/DELL/OneDrive/Documentos/GitHub/STM32_ApliacionesAvanzadas/prueba1/LVGL/lv_examples" -I"C:/Users/DELL/OneDrive/Documentos/GitHub/STM32_ApliacionesAvanzadas/prueba1/LVGL/lv_examples/src" -I"C:/Users/DELL/OneDrive/Documentos/GitHub/STM32_ApliacionesAvanzadas/prueba1/LVGL" -O0 -ffunction-sections -fdata-sections -Wall -fstack-usage -fcyclomatic-complexity -MMD -MP -MF"Drivers/STM32F4xx_HAL_Driver/Src/stm32f4xx_hal_dma_ex.d" -MT"Drivers/STM32F4xx_HAL_Driver/Src/stm32f4xx_hal_dma_ex.o" --specs=nano.specs -mfpu=fpv4-sp-d16 -mfloat-abi=hard -mthumb -o "Drivers/STM32F4xx_HAL_Driver/Src/stm32f4xx_hal_dma_ex.o"
arm-none-eabi-gcc "../Drivers/STM32F4xx_HAL_Driver/Src/stm32f4xx_hal_exti.c" -mcpu=cortex-m4 -std=gnu11 -g3 -DDEBUG -DUSE_HAL_DRIVER -DSTM32F401xE -c -I../Core/Inc -I../Drivers/STM32F4xx_HAL_Driver/Inc -I../Drivers/STM32F4xx_HAL_Driver/Inc/Legacy -I../Drivers/CMSIS/Device/ST/STM32F4xx/Include -I../Drivers/CMSIS/Include -I"C:/Users/DELL/OneDrive/Documentos/GitHub/STM32_ApliacionesAvanzadas/prueba1/LVGL/lvgl/src/lv_font" -I"C:/Users/DELL/OneDrive/Documentos/GitHub/STM32_ApliacionesAvanzadas/prueba1/LVGL/lv_examples" -I"C:/Users/DELL/OneDrive/Documentos/GitHub/STM32_ApliacionesAvanzadas/prueba1/LVGL/lv_examples/src" -I"C:/Users/DELL/OneDrive/Documentos/GitHub/STM32_ApliacionesAvanzadas/prueba1/LVGL" -O0 -ffunction-sections -fdata-sections -Wall -fstack-usage -fcyclomatic-complexity -MMD -MP -MF"Drivers/STM32F4xx_HAL_Driver/Src/stm32f4xx_hal_exti.d" -MT"Drivers/STM32F4xx_HAL_Driver/Src/stm32f4xx_hal_exti.o" --specs=nano.specs -mfpu=fpv4-sp-d16 -mfloat-abi=hard -mthumb -o "Drivers/STM32F4xx_HAL_Driver/Src/stm32f4xx_hal_exti.o"
arm-none-eabi-gcc "../Drivers/STM32F4xx_HAL_Driver/Src/stm32f4xx_hal_flash.c" -mcpu=cortex-m4 -std=gnu11 -g3 -DDEBUG -DUSE_HAL_DRIVER -DSTM32F401xE -c -I../Core/Inc -I../Drivers/STM32F4xx_HAL_Driver/Inc -I../Drivers/STM32F4xx_HAL_Driver/Inc/Legacy -I../Drivers/CMSIS/Device/ST/STM32F4xx/Include -I../Drivers/CMSIS/Include -I"C:/Users/DELL/OneDrive/Documentos/GitHub/STM32_ApliacionesAvanzadas/prueba1/LVGL/lvgl/src/lv_font" -I"C:/Users/DELL/OneDrive/Documentos/GitHub/STM32_ApliacionesAvanzadas/prueba1/LVGL/lv_examples" -I"C:/Users/DELL/OneDrive/Documentos/GitHub/STM32_ApliacionesAvanzadas/prueba1/LVGL/lv_examples/src" -I"C:/Users/DELL/OneDrive/Documentos/GitHub/STM32_ApliacionesAvanzadas/prueba1/LVGL" -O0 -ffunction-sections -fdata-sections -Wall -fstack-usage -fcyclomatic-complexity -MMD -MP -MF"Drivers/STM32F4xx_HAL_Driver/Src/stm32f4xx_hal_flash.d" -MT"Drivers/STM32F4xx_HAL_Driver/Src/stm32f4xx_hal_flash.o" --specs=nano.specs -mfpu=fpv4-sp-d16 -mfloat-abi=hard -mthumb -o "Drivers/STM32F4xx_HAL_Driver/Src/stm32f4xx_hal_flash.o"
arm-none-eabi-gcc "../Drivers/STM32F4xx_HAL_Driver/Src/stm32f4xx_hal_flash_ex.c" -mcpu=cortex-m4 -std=gnu11 -g3 -DDEBUG -DUSE_HAL_DRIVER -DSTM32F401xE -c -I../Core/Inc -I../Drivers/STM32F4xx_HAL_Driver/Inc -I../Drivers/STM32F4xx_HAL_Driver/Inc/Legacy -I../Drivers/CMSIS/Device/ST/STM32F4xx/Include -I../Drivers/CMSIS/Include -I"C:/Users/DELL/OneDrive/Documentos/GitHub/STM32_ApliacionesAvanzadas/prueba1/LVGL/lvgl/src/lv_font" -I"C:/Users/DELL/OneDrive/Documentos/GitHub/STM32_ApliacionesAvanzadas/prueba1/LVGL/lv_examples" -I"C:/Users/DELL/OneDrive/Documentos/GitHub/STM32_ApliacionesAvanzadas/prueba1/LVGL/lv_examples/src" -I"C:/Users/DELL/OneDrive/Documentos/GitHub/STM32_ApliacionesAvanzadas/prueba1/LVGL" -O0 -ffunction-sections -fdata-sections -Wall -fstack-usage -fcyclomatic-complexity -MMD -MP -MF"Drivers/STM32F4xx_HAL_Driver/Src/stm32f4xx_hal_flash_ex.d" -MT"Drivers/STM32F4xx_HAL_Driver/Src/stm32f4xx_hal_flash_ex.o" --specs=nano.specs -mfpu=fpv4-sp-d16 -mfloat-abi=hard -mthumb -o "Drivers/STM32F4xx_HAL_Driver/Src/stm32f4xx_hal_flash_ex.o"
arm-none-eabi-gcc "../Drivers/STM32F4xx_HAL_Driver/Src/stm32f4xx_hal_flash_ramfunc.c" -mcpu=cortex-m4 -std=gnu11 -g3 -DDEBUG -DUSE_HAL_DRIVER -DSTM32F401xE -c -I../Core/Inc -I../Drivers/STM32F4xx_HAL_Driver/Inc -I../Drivers/STM32F4xx_HAL_Driver/Inc/Legacy -I../Drivers/CMSIS/Device/ST/STM32F4xx/Include -I../Drivers/CMSIS/Include -I"C:/Users/DELL/OneDrive/Documentos/GitHub/STM32_ApliacionesAvanzadas/prueba1/LVGL/lvgl/src/lv_font" -I"C:/Users/DELL/OneDrive/Documentos/GitHub/STM32_ApliacionesAvanzadas/prueba1/LVGL/lv_examples" -I"C:/Users/DELL/OneDrive/Documentos/GitHub/STM32_ApliacionesAvanzadas/prueba1/LVGL/lv_examples/src" -I"C:/Users/DELL/OneDrive/Documentos/GitHub/STM32_ApliacionesAvanzadas/prueba1/LVGL" -O0 -ffunction-sections -fdata-sections -Wall -fstack-usage -fcyclomatic-complexity -MMD -MP -MF"Drivers/STM32F4xx_HAL_Driver/Src/stm32f4xx_hal_flash_ramfunc.d" -MT"Drivers/STM32F4xx_HAL_Driver/Src/stm32f4xx_hal_flash_ramfunc.o" --specs=nano.specs -mfpu=fpv4-sp-d16 -mfloat-abi=hard -mthumb -o "Drivers/STM32F4xx_HAL_Driver/Src/stm32f4xx_hal_flash_ramfunc.o"
arm-none-eabi-gcc "../Drivers/STM32F4xx_HAL_Driver/Src/stm32f4xx_hal_gpio.c" -mcpu=cortex-m4 -std=gnu11 -g3 -DDEBUG -DUSE_HAL_DRIVER -DSTM32F401xE -c -I../Core/Inc -I../Drivers/STM32F4xx_HAL_Driver/Inc -I../Drivers/STM32F4xx_HAL_Driver/Inc/Legacy -I../Drivers/CMSIS/Device/ST/STM32F4xx/Include -I../Drivers/CMSIS/Include -I"C:/Users/DELL/OneDrive/Documentos/GitHub/STM32_ApliacionesAvanzadas/prueba1/LVGL/lvgl/src/lv_font" -I"C:/Users/DELL/OneDrive/Documentos/GitHub/STM32_ApliacionesAvanzadas/prueba1/LVGL/lv_examples" -I"C:/Users/DELL/OneDrive/Documentos/GitHub/STM32_ApliacionesAvanzadas/prueba1/LVGL/lv_examples/src" -I"C:/Users/DELL/OneDrive/Documentos/GitHub/STM32_ApliacionesAvanzadas/prueba1/LVGL" -O0 -ffunction-sections -fdata-sections -Wall -fstack-usage -fcyclomatic-complexity -MMD -MP -MF"Drivers/STM32F4xx_HAL_Driver/Src/stm32f4xx_hal_gpio.d" -MT"Drivers/STM32F4xx_HAL_Driver/Src/stm32f4xx_hal_gpio.o" --specs=nano.specs -mfpu=fpv4-sp-d16 -mfloat-abi=hard -mthumb -o "Drivers/STM32F4xx_HAL_Driver/Src/stm32f4xx_hal_gpio.o"
arm-none-eabi-gcc "../Drivers/STM32F4xx_HAL_Driver/Src/stm32f4xx_hal_pwr.c" -mcpu=cortex-m4 -std=gnu11 -g3 -DDEBUG -DUSE_HAL_DRIVER -DSTM32F401xE -c -I../Core/Inc -I../Drivers/STM32F4xx_HAL_Driver/Inc -I../Drivers/STM32F4xx_HAL_Driver/Inc/Legacy -I../Drivers/CMSIS/Device/ST/STM32F4xx/Include -I../Drivers/CMSIS/Include -I"C:/Users/DELL/OneDrive/Documentos/GitHub/STM32_ApliacionesAvanzadas/prueba1/LVGL/lvgl/src/lv_font" -I"C:/Users/DELL/OneDrive/Documentos/GitHub/STM32_ApliacionesAvanzadas/prueba1/LVGL/lv_examples" -I"C:/Users/DELL/OneDrive/Documentos/GitHub/STM32_ApliacionesAvanzadas/prueba1/LVGL/lv_examples/src" -I"C:/Users/DELL/OneDrive/Documentos/GitHub/STM32_ApliacionesAvanzadas/prueba1/LVGL" -O0 -ffunction-sections -fdata-sections -Wall -fstack-usage -fcyclomatic-complexity -MMD -MP -MF"Drivers/STM32F4xx_HAL_Driver/Src/stm32f4xx_hal_pwr.d" -MT"Drivers/STM32F4xx_HAL_Driver/Src/stm32f4xx_hal_pwr.o" --specs=nano.specs -mfpu=fpv4-sp-d16 -mfloat-abi=hard -mthumb -o "Drivers/STM32F4xx_HAL_Driver/Src/stm32f4xx_hal_pwr.o"
arm-none-eabi-gcc "../Drivers/STM32F4xx_HAL_Driver/Src/stm32f4xx_hal_pwr_ex.c" -mcpu=cortex-m4 -std=gnu11 -g3 -DDEBUG -DUSE_HAL_DRIVER -DSTM32F401xE -c -I../Core/Inc -I../Drivers/STM32F4xx_HAL_Driver/Inc -I../Drivers/STM32F4xx_HAL_Driver/Inc/Legacy -I../Drivers/CMSIS/Device/ST/STM32F4xx/Include -I../Drivers/CMSIS/Include -I"C:/Users/DELL/OneDrive/Documentos/GitHub/STM32_ApliacionesAvanzadas/prueba1/LVGL/lvgl/src/lv_font" -I"C:/Users/DELL/OneDrive/Documentos/GitHub/STM32_ApliacionesAvanzadas/prueba1/LVGL/lv_examples" -I"C:/Users/DELL/OneDrive/Documentos/GitHub/STM32_ApliacionesAvanzadas/prueba1/LVGL/lv_examples/src" -I"C:/Users/DELL/OneDrive/Documentos/GitHub/STM32_ApliacionesAvanzadas/prueba1/LVGL" -O0 -ffunction-sections -fdata-sections -Wall -fstack-usage -fcyclomatic-complexity -MMD -MP -MF"Drivers/STM32F4xx_HAL_Driver/Src/stm32f4xx_hal_pwr_ex.d" -MT"Drivers/STM32F4xx_HAL_Driver/Src/stm32f4xx_hal_pwr_ex.o" --specs=nano.specs -mfpu=fpv4-sp-d16 -mfloat-abi=hard -mthumb -o "Drivers/STM32F4xx_HAL_Driver/Src/stm32f4xx_hal_pwr_ex.o"
arm-none-eabi-gcc "../Drivers/STM32F4xx_HAL_Driver/Src/stm32f4xx_hal_rcc.c" -mcpu=cortex-m4 -std=gnu11 -g3 -DDEBUG -DUSE_HAL_DRIVER -DSTM32F401xE -c -I../Core/Inc -I../Drivers/STM32F4xx_HAL_Driver/Inc -I../Drivers/STM32F4xx_HAL_Driver/Inc/Legacy -I../Drivers/CMSIS/Device/ST/STM32F4xx/Include -I../Drivers/CMSIS/Include -I"C:/Users/DELL/OneDrive/Documentos/GitHub/STM32_ApliacionesAvanzadas/prueba1/LVGL/lvgl/src/lv_font" -I"C:/Users/DELL/OneDrive/Documentos/GitHub/STM32_ApliacionesAvanzadas/prueba1/LVGL/lv_examples" -I"C:/Users/DELL/OneDrive/Documentos/GitHub/STM32_ApliacionesAvanzadas/prueba1/LVGL/lv_examples/src" -I"C:/Users/DELL/OneDrive/Documentos/GitHub/STM32_ApliacionesAvanzadas/prueba1/LVGL" -O0 -ffunction-sections -fdata-sections -Wall -fstack-usage -fcyclomatic-complexity -MMD -MP -MF"Drivers/STM32F4xx_HAL_Driver/Src/stm32f4xx_hal_rcc.d" -MT"Drivers/STM32F4xx_HAL_Driver/Src/stm32f4xx_hal_rcc.o" --specs=nano.specs -mfpu=fpv4-sp-d16 -mfloat-abi=hard -mthumb -o "Drivers/STM32F4xx_HAL_Driver/Src/stm32f4xx_hal_rcc.o"
arm-none-eabi-gcc "../Drivers/STM32F4xx_HAL_Driver/Src/stm32f4xx_hal_rcc_ex.c" -mcpu=cortex-m4 -std=gnu11 -g3 -DDEBUG -DUSE_HAL_DRIVER -DSTM32F401xE -c -I../Core/Inc -I../Drivers/STM32F4xx_HAL_Driver/Inc -I../Drivers/STM32F4xx_HAL_Driver/Inc/Legacy -I../Drivers/CMSIS/Device/ST/STM32F4xx/Include -I../Drivers/CMSIS/Include -I"C:/Users/DELL/OneDrive/Documentos/GitHub/STM32_ApliacionesAvanzadas/prueba1/LVGL/lvgl/src/lv_font" -I"C:/Users/DELL/OneDrive/Documentos/GitHub/STM32_ApliacionesAvanzadas/prueba1/LVGL/lv_examples" -I"C:/Users/DELL/OneDrive/Documentos/GitHub/STM32_ApliacionesAvanzadas/prueba1/LVGL/lv_examples/src" -I"C:/Users/DELL/OneDrive/Documentos/GitHub/STM32_ApliacionesAvanzadas/prueba1/LVGL" -O0 -ffunction-sections -fdata-sections -Wall -fstack-usage -fcyclomatic-complexity -MMD -MP -MF"Drivers/STM32F4xx_HAL_Driver/Src/stm32f4xx_hal_rcc_ex.d" -MT"Drivers/STM32F4xx_HAL_Driver/Src/stm32f4xx_hal_rcc_ex.o" --specs=nano.specs -mfpu=fpv4-sp-d16 -mfloat-abi=hard -mthumb -o "Drivers/STM32F4xx_HAL_Driver/Src/stm32f4xx_hal_rcc_ex.o"
arm-none-eabi-gcc "../Drivers/STM32F4xx_HAL_Driver/Src/stm32f4xx_hal_spi.c" -mcpu=cortex-m4 -std=gnu11 -g3 -DDEBUG -DUSE_HAL_DRIVER -DSTM32F401xE -c -I../Core/Inc -I../Drivers/STM32F4xx_HAL_Driver/Inc -I../Drivers/STM32F4xx_HAL_Driver/Inc/Legacy -I../Drivers/CMSIS/Device/ST/STM32F4xx/Include -I../Drivers/CMSIS/Include -I"C:/Users/DELL/OneDrive/Documentos/GitHub/STM32_ApliacionesAvanzadas/prueba1/LVGL/lvgl/src/lv_font" -I"C:/Users/DELL/OneDrive/Documentos/GitHub/STM32_ApliacionesAvanzadas/prueba1/LVGL/lv_examples" -I"C:/Users/DELL/OneDrive/Documentos/GitHub/STM32_ApliacionesAvanzadas/prueba1/LVGL/lv_examples/src" -I"C:/Users/DELL/OneDrive/Documentos/GitHub/STM32_ApliacionesAvanzadas/prueba1/LVGL" -O0 -ffunction-sections -fdata-sections -Wall -fstack-usage -fcyclomatic-complexity -MMD -MP -MF"Drivers/STM32F4xx_HAL_Driver/Src/stm32f4xx_hal_spi.d" -MT"Drivers/STM32F4xx_HAL_Driver/Src/stm32f4xx_hal_spi.o" --specs=nano.specs -mfpu=fpv4-sp-d16 -mfloat-abi=hard -mthumb -o "Drivers/STM32F4xx_HAL_Driver/Src/stm32f4xx_hal_spi.o"
arm-none-eabi-gcc "../Drivers/STM32F4xx_HAL_Driver/Src/stm32f4xx_hal_tim.c" -mcpu=cortex-m4 -std=gnu11 -g3 -DDEBUG -DUSE_HAL_DRIVER -DSTM32F401xE -c -I../Core/Inc -I../Drivers/STM32F4xx_HAL_Driver/Inc -I../Drivers/STM32F4xx_HAL_Driver/Inc/Legacy -I../Drivers/CMSIS/Device/ST/STM32F4xx/Include -I../Drivers/CMSIS/Include -I"C:/Users/DELL/OneDrive/Documentos/GitHub/STM32_ApliacionesAvanzadas/prueba1/LVGL/lvgl/src/lv_font" -I"C:/Users/DELL/OneDrive/Documentos/GitHub/STM32_ApliacionesAvanzadas/prueba1/LVGL/lv_examples" -I"C:/Users/DELL/OneDrive/Documentos/GitHub/STM32_ApliacionesAvanzadas/prueba1/LVGL/lv_examples/src" -I"C:/Users/DELL/OneDrive/Documentos/GitHub/STM32_ApliacionesAvanzadas/prueba1/LVGL" -O0 -ffunction-sections -fdata-sections -Wall -fstack-usage -fcyclomatic-complexity -MMD -MP -MF"Drivers/STM32F4xx_HAL_Driver/Src/stm32f4xx_hal_tim.d" -MT"Drivers/STM32F4xx_HAL_Driver/Src/stm32f4xx_hal_tim.o" --specs=nano.specs -mfpu=fpv4-sp-d16 -mfloat-abi=hard -mthumb -o "Drivers/STM32F4xx_HAL_Driver/Src/stm32f4xx_hal_tim.o"
arm-none-eabi-gcc "../Drivers/STM32F4xx_HAL_Driver/Src/stm32f4xx_hal_tim_ex.c" -mcpu=cortex-m4 -std=gnu11 -g3 -DDEBUG -DUSE_HAL_DRIVER -DSTM32F401xE -c -I../Core/Inc -I../Drivers/STM32F4xx_HAL_Driver/Inc -I../Drivers/STM32F4xx_HAL_Driver/Inc/Legacy -I../Drivers/CMSIS/Device/ST/STM32F4xx/Include -I../Drivers/CMSIS/Include -I"C:/Users/DELL/OneDrive/Documentos/GitHub/STM32_ApliacionesAvanzadas/prueba1/LVGL/lvgl/src/lv_font" -I"C:/Users/DELL/OneDrive/Documentos/GitHub/STM32_ApliacionesAvanzadas/prueba1/LVGL/lv_examples" -I"C:/Users/DELL/OneDrive/Documentos/GitHub/STM32_ApliacionesAvanzadas/prueba1/LVGL/lv_examples/src" -I"C:/Users/DELL/OneDrive/Documentos/GitHub/STM32_ApliacionesAvanzadas/prueba1/LVGL" -O0 -ffunction-sections -fdata-sections -Wall -fstack-usage -fcyclomatic-complexity -MMD -MP -MF"Drivers/STM32F4xx_HAL_Driver/Src/stm32f4xx_hal_tim_ex.d" -MT"Drivers/STM32F4xx_HAL_Driver/Src/stm32f4xx_hal_tim_ex.o" --specs=nano.specs -mfpu=fpv4-sp-d16 -mfloat-abi=hard -mthumb -o "Drivers/STM32F4xx_HAL_Driver/Src/stm32f4xx_hal_tim_ex.o"
arm-none-eabi-gcc "../Core/Src/main.c" -mcpu=cortex-m4 -std=gnu11 -g3 -DDEBUG -DUSE_HAL_DRIVER -DSTM32F401xE -c -I../Core/Inc -I../Drivers/STM32F4xx_HAL_Driver/Inc -I../Drivers/STM32F4xx_HAL_Driver/Inc/Legacy -I../Drivers/CMSIS/Device/ST/STM32F4xx/Include -I../Drivers/CMSIS/Include -I"C:/Users/DELL/OneDrive/Documentos/GitHub/STM32_ApliacionesAvanzadas/prueba1/LVGL/lvgl/src/lv_font" -I"C:/Users/DELL/OneDrive/Documentos/GitHub/STM32_ApliacionesAvanzadas/prueba1/LVGL/lv_examples" -I"C:/Users/DELL/OneDrive/Documentos/GitHub/STM32_ApliacionesAvanzadas/prueba1/LVGL/lv_examples/src" -I"C:/Users/DELL/OneDrive/Documentos/GitHub/STM32_ApliacionesAvanzadas/prueba1/LVGL" -O0 -ffunction-sections -fdata-sections -Wall -fstack-usage -fcyclomatic-complexity -MMD -MP -MF"Core/Src/main.d" -MT"Core/Src/main.o" --specs=nano.specs -mfpu=fpv4-sp-d16 -mfloat-abi=hard -mthumb -o "Core/Src/main.o"
arm-none-eabi-gcc "../Core/Src/stm32f4xx_hal_msp.c" -mcpu=cortex-m4 -std=gnu11 -g3 -DDEBUG -DUSE_HAL_DRIVER -DSTM32F401xE -c -I../Core/Inc -I../Drivers/STM32F4xx_HAL_Driver/Inc -I../Drivers/STM32F4xx_HAL_Driver/Inc/Legacy -I../Drivers/CMSIS/Device/ST/STM32F4xx/Include -I../Drivers/CMSIS/Include -I"C:/Users/DELL/OneDrive/Documentos/GitHub/STM32_ApliacionesAvanzadas/prueba1/LVGL/lvgl/src/lv_font" -I"C:/Users/DELL/OneDrive/Documentos/GitHub/STM32_ApliacionesAvanzadas/prueba1/LVGL/lv_examples" -I"C:/Users/DELL/OneDrive/Documentos/GitHub/STM32_ApliacionesAvanzadas/prueba1/LVGL/lv_examples/src" -I"C:/Users/DELL/OneDrive/Documentos/GitHub/STM32_ApliacionesAvanzadas/prueba1/LVGL" -O0 -ffunction-sections -fdata-sections -Wall -fstack-usage -fcyclomatic-complexity -MMD -MP -MF"Core/Src/stm32f4xx_hal_msp.d" -MT"Core/Src/stm32f4xx_hal_msp.o" --specs=nano.specs -mfpu=fpv4-sp-d16 -mfloat-abi=hard -mthumb -o "Core/Src/stm32f4xx_hal_msp.o"
arm-none-eabi-gcc "../Core/Src/stm32f4xx_it.c" -mcpu=cortex-m4 -std=gnu11 -g3 -DDEBUG -DUSE_HAL_DRIVER -DSTM32F401xE -c -I../Core/Inc -I../Drivers/STM32F4xx_HAL_Driver/Inc -I../Drivers/STM32F4xx_HAL_Driver/Inc/Legacy -I../Drivers/CMSIS/Device/ST/STM32F4xx/Include -I../Drivers/CMSIS/Include -I"C:/Users/DELL/OneDrive/Documentos/GitHub/STM32_ApliacionesAvanzadas/prueba1/LVGL/lvgl/src/lv_font" -I"C:/Users/DELL/OneDrive/Documentos/GitHub/STM32_ApliacionesAvanzadas/prueba1/LVGL/lv_examples" -I"C:/Users/DELL/OneDrive/Documentos/GitHub/STM32_ApliacionesAvanzadas/prueba1/LVGL/lv_examples/src" -I"C:/Users/DELL/OneDrive/Documentos/GitHub/STM32_ApliacionesAvanzadas/prueba1/LVGL" -O0 -ffunction-sections -fdata-sections -Wall -fstack-usage -fcyclomatic-complexity -MMD -MP -MF"Core/Src/stm32f4xx_it.d" -MT"Core/Src/stm32f4xx_it.o" --specs=nano.specs -mfpu=fpv4-sp-d16 -mfloat-abi=hard -mthumb -o "Core/Src/stm32f4xx_it.o"
arm-none-eabi-gcc "../Core/Src/system_stm32f4xx.c" -mcpu=cortex-m4 -std=gnu11 -g3 -DDEBUG -DUSE_HAL_DRIVER -DSTM32F401xE -c -I../Core/Inc -I../Drivers/STM32F4xx_HAL_Driver/Inc -I../Drivers/STM32F4xx_HAL_Driver/Inc/Legacy -I../Drivers/CMSIS/Device/ST/STM32F4xx/Include -I../Drivers/CMSIS/Include -I"C:/Users/DELL/OneDrive/Documentos/GitHub/STM32_ApliacionesAvanzadas/prueba1/LVGL/lvgl/src/lv_font" -I"C:/Users/DELL/OneDrive/Documentos/GitHub/STM32_ApliacionesAvanzadas/prueba1/LVGL/lv_examples" -I"C:/Users/DELL/OneDrive/Documentos/GitHub/STM32_ApliacionesAvanzadas/prueba1/LVGL/lv_examples/src" -I"C:/Users/DELL/OneDrive/Documentos/GitHub/STM32_ApliacionesAvanzadas/prueba1/LVGL" -O0 -ffunction-sections -fdata-sections -Wall -fstack-usage -fcyclomatic-complexity -MMD -MP -MF"Core/Src/system_stm32f4xx.d" -MT"Core/Src/system_stm32f4xx.o" --specs=nano.specs -mfpu=fpv4-sp-d16 -mfloat-abi=hard -mthumb -o "Core/Src/system_stm32f4xx.o"
arm-none-eabi-g++ -o "prueba1.elf" @"objects.list"   -mcpu=cortex-m4 -T"C:\Users\DELL\OneDrive\Documentos\GitHub\STM32_ApliacionesAvanzadas\prueba1\STM32F401RETX_FLASH.ld" -Wl,-Map="prueba1.map" -Wl,--gc-sections -static --specs=nano.specs -mfpu=fpv4-sp-d16 -mfloat-abi=hard -mthumb -Wl,--start-group -lc -lm -lstdc++ -lsupc++ -Wl,--end-group
Finished building target: prueba1.elf
 
arm-none-eabi-size   prueba1.elf 
arm-none-eabi-objdump -h -S  prueba1.elf  > "prueba1.list"
   text	   data	    bss	    dec	    hex	filename
 300856	    260	  39292	 340408	  531b8	prueba1.elf
Finished building: default.size.stdout
 
Finished building: prueba1.list
 

17:01:05 Build Finished. 0 errors, 2 warnings. (took 2m:2s.170ms)

