16:19:57 **** Incremental Build of configuration Debug for project Template_FreeRTOS ****
make -j4 all 
arm-none-eabi-gcc "../Middlewares/Third_Party/SEGGER/OS/SEGGER_SYSVIEW_FreeRTOS.c" -mcpu=cortex-m4 -std=gnu11 -g3 -DDEBUG -DUSE_HAL_DRIVER -DSTM32F401xE -c -I"C:/Users/DELL/Documents/GitHub/EspecializacionSTM32/Template_FreeRTOS/Middlewares/Third_Party/FreeRTOS/include" -I"C:/Users/DELL/Documents/GitHub/EspecializacionSTM32/Template_FreeRTOS/Middlewares/Third_Party/FreeRTOS/portable/GCC/ARM_CM4F" -I../Core/Inc -I"C:/Users/DELL/Documents/GitHub/EspecializacionSTM32/Template_FreeRTOS/Middlewares/Third_Party/SEGGER/Config" -I"C:/Users/DELL/Documents/GitHub/EspecializacionSTM32/Template_FreeRTOS/Middlewares/Third_Party/SEGGER/OS" -I"C:/Users/DELL/Documents/GitHub/EspecializacionSTM32/Template_FreeRTOS/Middlewares/Third_Party/SEGGER/SEGGER" -I../Drivers/STM32F4xx_HAL_Driver/Inc -I../Drivers/STM32F4xx_HAL_Driver/Inc/Legacy -I../Drivers/CMSIS/Device/ST/STM32F4xx/Include -I../Drivers/CMSIS/Include -I"C:/Users/DELL/Documents/GitHub/EspecializacionSTM32/Template_FreeRTOS/Middlewares" -I"C:/Users/DELL/Documents/GitHub/EspecializacionSTM32/Template_FreeRTOS/Middlewares/Third_Party/FreeRTOS" -I"C:/Users/DELL/Documents/GitHub/EspecializacionSTM32/Template_FreeRTOS/Middlewares/Third_Party" -O0 -ffunction-sections -fdata-sections -Wall -fstack-usage -fcyclomatic-complexity -MMD -MP -MF"Middlewares/Third_Party/SEGGER/OS/SEGGER_SYSVIEW_FreeRTOS.d" -MT"Middlewares/Third_Party/SEGGER/OS/SEGGER_SYSVIEW_FreeRTOS.o" --specs=nano.specs -mfpu=fpv4-sp-d16 -mfloat-abi=hard -mthumb -o "Middlewares/Third_Party/SEGGER/OS/SEGGER_SYSVIEW_FreeRTOS.o"
arm-none-eabi-gcc "../Middlewares/Third_Party/SEGGER/Config/SEGGER_SYSVIEW_Config_FreeRTOS.c" -mcpu=cortex-m4 -std=gnu11 -g3 -DDEBUG -DUSE_HAL_DRIVER -DSTM32F401xE -c -I"C:/Users/DELL/Documents/GitHub/EspecializacionSTM32/Template_FreeRTOS/Middlewares/Third_Party/FreeRTOS/include" -I"C:/Users/DELL/Documents/GitHub/EspecializacionSTM32/Template_FreeRTOS/Middlewares/Third_Party/FreeRTOS/portable/GCC/ARM_CM4F" -I../Core/Inc -I"C:/Users/DELL/Documents/GitHub/EspecializacionSTM32/Template_FreeRTOS/Middlewares/Third_Party/SEGGER/Config" -I"C:/Users/DELL/Documents/GitHub/EspecializacionSTM32/Template_FreeRTOS/Middlewares/Third_Party/SEGGER/OS" -I"C:/Users/DELL/Documents/GitHub/EspecializacionSTM32/Template_FreeRTOS/Middlewares/Third_Party/SEGGER/SEGGER" -I../Drivers/STM32F4xx_HAL_Driver/Inc -I../Drivers/STM32F4xx_HAL_Driver/Inc/Legacy -I../Drivers/CMSIS/Device/ST/STM32F4xx/Include -I../Drivers/CMSIS/Include -I"C:/Users/DELL/Documents/GitHub/EspecializacionSTM32/Template_FreeRTOS/Middlewares" -I"C:/Users/DELL/Documents/GitHub/EspecializacionSTM32/Template_FreeRTOS/Middlewares/Third_Party/FreeRTOS" -I"C:/Users/DELL/Documents/GitHub/EspecializacionSTM32/Template_FreeRTOS/Middlewares/Third_Party" -O0 -ffunction-sections -fdata-sections -Wall -fstack-usage -fcyclomatic-complexity -MMD -MP -MF"Middlewares/Third_Party/SEGGER/Config/SEGGER_SYSVIEW_Config_FreeRTOS.d" -MT"Middlewares/Third_Party/SEGGER/Config/SEGGER_SYSVIEW_Config_FreeRTOS.o" --specs=nano.specs -mfpu=fpv4-sp-d16 -mfloat-abi=hard -mthumb -o "Middlewares/Third_Party/SEGGER/Config/SEGGER_SYSVIEW_Config_FreeRTOS.o"
arm-none-eabi-gcc "../Middlewares/Third_Party/FreeRTOS/portable/MemMang/heap_4.c" -mcpu=cortex-m4 -std=gnu11 -g3 -DDEBUG -DUSE_HAL_DRIVER -DSTM32F401xE -c -I"C:/Users/DELL/Documents/GitHub/EspecializacionSTM32/Template_FreeRTOS/Middlewares/Third_Party/FreeRTOS/include" -I"C:/Users/DELL/Documents/GitHub/EspecializacionSTM32/Template_FreeRTOS/Middlewares/Third_Party/FreeRTOS/portable/GCC/ARM_CM4F" -I../Core/Inc -I"C:/Users/DELL/Documents/GitHub/EspecializacionSTM32/Template_FreeRTOS/Middlewares/Third_Party/SEGGER/Config" -I"C:/Users/DELL/Documents/GitHub/EspecializacionSTM32/Template_FreeRTOS/Middlewares/Third_Party/SEGGER/OS" -I"C:/Users/DELL/Documents/GitHub/EspecializacionSTM32/Template_FreeRTOS/Middlewares/Third_Party/SEGGER/SEGGER" -I../Drivers/STM32F4xx_HAL_Driver/Inc -I../Drivers/STM32F4xx_HAL_Driver/Inc/Legacy -I../Drivers/CMSIS/Device/ST/STM32F4xx/Include -I../Drivers/CMSIS/Include -I"C:/Users/DELL/Documents/GitHub/EspecializacionSTM32/Template_FreeRTOS/Middlewares" -I"C:/Users/DELL/Documents/GitHub/EspecializacionSTM32/Template_FreeRTOS/Middlewares/Third_Party/FreeRTOS" -I"C:/Users/DELL/Documents/GitHub/EspecializacionSTM32/Template_FreeRTOS/Middlewares/Third_Party" -O0 -ffunction-sections -fdata-sections -Wall -fstack-usage -fcyclomatic-complexity -MMD -MP -MF"Middlewares/Third_Party/FreeRTOS/portable/MemMang/heap_4.d" -MT"Middlewares/Third_Party/FreeRTOS/portable/MemMang/heap_4.o" --specs=nano.specs -mfpu=fpv4-sp-d16 -mfloat-abi=hard -mthumb -o "Middlewares/Third_Party/FreeRTOS/portable/MemMang/heap_4.o"
arm-none-eabi-gcc "../Middlewares/Third_Party/FreeRTOS/portable/GCC/ARM_CM4F/port.c" -mcpu=cortex-m4 -std=gnu11 -g3 -DDEBUG -DUSE_HAL_DRIVER -DSTM32F401xE -c -I"C:/Users/DELL/Documents/GitHub/EspecializacionSTM32/Template_FreeRTOS/Middlewares/Third_Party/FreeRTOS/include" -I"C:/Users/DELL/Documents/GitHub/EspecializacionSTM32/Template_FreeRTOS/Middlewares/Third_Party/FreeRTOS/portable/GCC/ARM_CM4F" -I../Core/Inc -I"C:/Users/DELL/Documents/GitHub/EspecializacionSTM32/Template_FreeRTOS/Middlewares/Third_Party/SEGGER/Config" -I"C:/Users/DELL/Documents/GitHub/EspecializacionSTM32/Template_FreeRTOS/Middlewares/Third_Party/SEGGER/OS" -I"C:/Users/DELL/Documents/GitHub/EspecializacionSTM32/Template_FreeRTOS/Middlewares/Third_Party/SEGGER/SEGGER" -I../Drivers/STM32F4xx_HAL_Driver/Inc -I../Drivers/STM32F4xx_HAL_Driver/Inc/Legacy -I../Drivers/CMSIS/Device/ST/STM32F4xx/Include -I../Drivers/CMSIS/Include -I"C:/Users/DELL/Documents/GitHub/EspecializacionSTM32/Template_FreeRTOS/Middlewares" -I"C:/Users/DELL/Documents/GitHub/EspecializacionSTM32/Template_FreeRTOS/Middlewares/Third_Party/FreeRTOS" -I"C:/Users/DELL/Documents/GitHub/EspecializacionSTM32/Template_FreeRTOS/Middlewares/Third_Party" -O0 -ffunction-sections -fdata-sections -Wall -fstack-usage -fcyclomatic-complexity -MMD -MP -MF"Middlewares/Third_Party/FreeRTOS/portable/GCC/ARM_CM4F/port.d" -MT"Middlewares/Third_Party/FreeRTOS/portable/GCC/ARM_CM4F/port.o" --specs=nano.specs -mfpu=fpv4-sp-d16 -mfloat-abi=hard -mthumb -o "Middlewares/Third_Party/FreeRTOS/portable/GCC/ARM_CM4F/port.o"
arm-none-eabi-gcc "../Middlewares/Third_Party/FreeRTOS/croutine.c" -mcpu=cortex-m4 -std=gnu11 -g3 -DDEBUG -DUSE_HAL_DRIVER -DSTM32F401xE -c -I"C:/Users/DELL/Documents/GitHub/EspecializacionSTM32/Template_FreeRTOS/Middlewares/Third_Party/FreeRTOS/include" -I"C:/Users/DELL/Documents/GitHub/EspecializacionSTM32/Template_FreeRTOS/Middlewares/Third_Party/FreeRTOS/portable/GCC/ARM_CM4F" -I../Core/Inc -I"C:/Users/DELL/Documents/GitHub/EspecializacionSTM32/Template_FreeRTOS/Middlewares/Third_Party/SEGGER/Config" -I"C:/Users/DELL/Documents/GitHub/EspecializacionSTM32/Template_FreeRTOS/Middlewares/Third_Party/SEGGER/OS" -I"C:/Users/DELL/Documents/GitHub/EspecializacionSTM32/Template_FreeRTOS/Middlewares/Third_Party/SEGGER/SEGGER" -I../Drivers/STM32F4xx_HAL_Driver/Inc -I../Drivers/STM32F4xx_HAL_Driver/Inc/Legacy -I../Drivers/CMSIS/Device/ST/STM32F4xx/Include -I../Drivers/CMSIS/Include -I"C:/Users/DELL/Documents/GitHub/EspecializacionSTM32/Template_FreeRTOS/Middlewares" -I"C:/Users/DELL/Documents/GitHub/EspecializacionSTM32/Template_FreeRTOS/Middlewares/Third_Party/FreeRTOS" -I"C:/Users/DELL/Documents/GitHub/EspecializacionSTM32/Template_FreeRTOS/Middlewares/Third_Party" -O0 -ffunction-sections -fdata-sections -Wall -fstack-usage -fcyclomatic-complexity -MMD -MP -MF"Middlewares/Third_Party/FreeRTOS/croutine.d" -MT"Middlewares/Third_Party/FreeRTOS/croutine.o" --specs=nano.specs -mfpu=fpv4-sp-d16 -mfloat-abi=hard -mthumb -o "Middlewares/Third_Party/FreeRTOS/croutine.o"
arm-none-eabi-gcc "../Middlewares/Third_Party/FreeRTOS/event_groups.c" -mcpu=cortex-m4 -std=gnu11 -g3 -DDEBUG -DUSE_HAL_DRIVER -DSTM32F401xE -c -I"C:/Users/DELL/Documents/GitHub/EspecializacionSTM32/Template_FreeRTOS/Middlewares/Third_Party/FreeRTOS/include" -I"C:/Users/DELL/Documents/GitHub/EspecializacionSTM32/Template_FreeRTOS/Middlewares/Third_Party/FreeRTOS/portable/GCC/ARM_CM4F" -I../Core/Inc -I"C:/Users/DELL/Documents/GitHub/EspecializacionSTM32/Template_FreeRTOS/Middlewares/Third_Party/SEGGER/Config" -I"C:/Users/DELL/Documents/GitHub/EspecializacionSTM32/Template_FreeRTOS/Middlewares/Third_Party/SEGGER/OS" -I"C:/Users/DELL/Documents/GitHub/EspecializacionSTM32/Template_FreeRTOS/Middlewares/Third_Party/SEGGER/SEGGER" -I../Drivers/STM32F4xx_HAL_Driver/Inc -I../Drivers/STM32F4xx_HAL_Driver/Inc/Legacy -I../Drivers/CMSIS/Device/ST/STM32F4xx/Include -I../Drivers/CMSIS/Include -I"C:/Users/DELL/Documents/GitHub/EspecializacionSTM32/Template_FreeRTOS/Middlewares" -I"C:/Users/DELL/Documents/GitHub/EspecializacionSTM32/Template_FreeRTOS/Middlewares/Third_Party/FreeRTOS" -I"C:/Users/DELL/Documents/GitHub/EspecializacionSTM32/Template_FreeRTOS/Middlewares/Third_Party" -O0 -ffunction-sections -fdata-sections -Wall -fstack-usage -fcyclomatic-complexity -MMD -MP -MF"Middlewares/Third_Party/FreeRTOS/event_groups.d" -MT"Middlewares/Third_Party/FreeRTOS/event_groups.o" --specs=nano.specs -mfpu=fpv4-sp-d16 -mfloat-abi=hard -mthumb -o "Middlewares/Third_Party/FreeRTOS/event_groups.o"
arm-none-eabi-gcc "../Middlewares/Third_Party/FreeRTOS/list.c" -mcpu=cortex-m4 -std=gnu11 -g3 -DDEBUG -DUSE_HAL_DRIVER -DSTM32F401xE -c -I"C:/Users/DELL/Documents/GitHub/EspecializacionSTM32/Template_FreeRTOS/Middlewares/Third_Party/FreeRTOS/include" -I"C:/Users/DELL/Documents/GitHub/EspecializacionSTM32/Template_FreeRTOS/Middlewares/Third_Party/FreeRTOS/portable/GCC/ARM_CM4F" -I../Core/Inc -I"C:/Users/DELL/Documents/GitHub/EspecializacionSTM32/Template_FreeRTOS/Middlewares/Third_Party/SEGGER/Config" -I"C:/Users/DELL/Documents/GitHub/EspecializacionSTM32/Template_FreeRTOS/Middlewares/Third_Party/SEGGER/OS" -I"C:/Users/DELL/Documents/GitHub/EspecializacionSTM32/Template_FreeRTOS/Middlewares/Third_Party/SEGGER/SEGGER" -I../Drivers/STM32F4xx_HAL_Driver/Inc -I../Drivers/STM32F4xx_HAL_Driver/Inc/Legacy -I../Drivers/CMSIS/Device/ST/STM32F4xx/Include -I../Drivers/CMSIS/Include -I"C:/Users/DELL/Documents/GitHub/EspecializacionSTM32/Template_FreeRTOS/Middlewares" -I"C:/Users/DELL/Documents/GitHub/EspecializacionSTM32/Template_FreeRTOS/Middlewares/Third_Party/FreeRTOS" -I"C:/Users/DELL/Documents/GitHub/EspecializacionSTM32/Template_FreeRTOS/Middlewares/Third_Party" -O0 -ffunction-sections -fdata-sections -Wall -fstack-usage -fcyclomatic-complexity -MMD -MP -MF"Middlewares/Third_Party/FreeRTOS/list.d" -MT"Middlewares/Third_Party/FreeRTOS/list.o" --specs=nano.specs -mfpu=fpv4-sp-d16 -mfloat-abi=hard -mthumb -o "Middlewares/Third_Party/FreeRTOS/list.o"
arm-none-eabi-gcc "../Middlewares/Third_Party/FreeRTOS/queue.c" -mcpu=cortex-m4 -std=gnu11 -g3 -DDEBUG -DUSE_HAL_DRIVER -DSTM32F401xE -c -I"C:/Users/DELL/Documents/GitHub/EspecializacionSTM32/Template_FreeRTOS/Middlewares/Third_Party/FreeRTOS/include" -I"C:/Users/DELL/Documents/GitHub/EspecializacionSTM32/Template_FreeRTOS/Middlewares/Third_Party/FreeRTOS/portable/GCC/ARM_CM4F" -I../Core/Inc -I"C:/Users/DELL/Documents/GitHub/EspecializacionSTM32/Template_FreeRTOS/Middlewares/Third_Party/SEGGER/Config" -I"C:/Users/DELL/Documents/GitHub/EspecializacionSTM32/Template_FreeRTOS/Middlewares/Third_Party/SEGGER/OS" -I"C:/Users/DELL/Documents/GitHub/EspecializacionSTM32/Template_FreeRTOS/Middlewares/Third_Party/SEGGER/SEGGER" -I../Drivers/STM32F4xx_HAL_Driver/Inc -I../Drivers/STM32F4xx_HAL_Driver/Inc/Legacy -I../Drivers/CMSIS/Device/ST/STM32F4xx/Include -I../Drivers/CMSIS/Include -I"C:/Users/DELL/Documents/GitHub/EspecializacionSTM32/Template_FreeRTOS/Middlewares" -I"C:/Users/DELL/Documents/GitHub/EspecializacionSTM32/Template_FreeRTOS/Middlewares/Third_Party/FreeRTOS" -I"C:/Users/DELL/Documents/GitHub/EspecializacionSTM32/Template_FreeRTOS/Middlewares/Third_Party" -O0 -ffunction-sections -fdata-sections -Wall -fstack-usage -fcyclomatic-complexity -MMD -MP -MF"Middlewares/Third_Party/FreeRTOS/queue.d" -MT"Middlewares/Third_Party/FreeRTOS/queue.o" --specs=nano.specs -mfpu=fpv4-sp-d16 -mfloat-abi=hard -mthumb -o "Middlewares/Third_Party/FreeRTOS/queue.o"
arm-none-eabi-gcc "../Middlewares/Third_Party/FreeRTOS/stream_buffer.c" -mcpu=cortex-m4 -std=gnu11 -g3 -DDEBUG -DUSE_HAL_DRIVER -DSTM32F401xE -c -I"C:/Users/DELL/Documents/GitHub/EspecializacionSTM32/Template_FreeRTOS/Middlewares/Third_Party/FreeRTOS/include" -I"C:/Users/DELL/Documents/GitHub/EspecializacionSTM32/Template_FreeRTOS/Middlewares/Third_Party/FreeRTOS/portable/GCC/ARM_CM4F" -I../Core/Inc -I"C:/Users/DELL/Documents/GitHub/EspecializacionSTM32/Template_FreeRTOS/Middlewares/Third_Party/SEGGER/Config" -I"C:/Users/DELL/Documents/GitHub/EspecializacionSTM32/Template_FreeRTOS/Middlewares/Third_Party/SEGGER/OS" -I"C:/Users/DELL/Documents/GitHub/EspecializacionSTM32/Template_FreeRTOS/Middlewares/Third_Party/SEGGER/SEGGER" -I../Drivers/STM32F4xx_HAL_Driver/Inc -I../Drivers/STM32F4xx_HAL_Driver/Inc/Legacy -I../Drivers/CMSIS/Device/ST/STM32F4xx/Include -I../Drivers/CMSIS/Include -I"C:/Users/DELL/Documents/GitHub/EspecializacionSTM32/Template_FreeRTOS/Middlewares" -I"C:/Users/DELL/Documents/GitHub/EspecializacionSTM32/Template_FreeRTOS/Middlewares/Third_Party/FreeRTOS" -I"C:/Users/DELL/Documents/GitHub/EspecializacionSTM32/Template_FreeRTOS/Middlewares/Third_Party" -O0 -ffunction-sections -fdata-sections -Wall -fstack-usage -fcyclomatic-complexity -MMD -MP -MF"Middlewares/Third_Party/FreeRTOS/stream_buffer.d" -MT"Middlewares/Third_Party/FreeRTOS/stream_buffer.o" --specs=nano.specs -mfpu=fpv4-sp-d16 -mfloat-abi=hard -mthumb -o "Middlewares/Third_Party/FreeRTOS/stream_buffer.o"
arm-none-eabi-gcc "../Middlewares/Third_Party/FreeRTOS/tasks.c" -mcpu=cortex-m4 -std=gnu11 -g3 -DDEBUG -DUSE_HAL_DRIVER -DSTM32F401xE -c -I"C:/Users/DELL/Documents/GitHub/EspecializacionSTM32/Template_FreeRTOS/Middlewares/Third_Party/FreeRTOS/include" -I"C:/Users/DELL/Documents/GitHub/EspecializacionSTM32/Template_FreeRTOS/Middlewares/Third_Party/FreeRTOS/portable/GCC/ARM_CM4F" -I../Core/Inc -I"C:/Users/DELL/Documents/GitHub/EspecializacionSTM32/Template_FreeRTOS/Middlewares/Third_Party/SEGGER/Config" -I"C:/Users/DELL/Documents/GitHub/EspecializacionSTM32/Template_FreeRTOS/Middlewares/Third_Party/SEGGER/OS" -I"C:/Users/DELL/Documents/GitHub/EspecializacionSTM32/Template_FreeRTOS/Middlewares/Third_Party/SEGGER/SEGGER" -I../Drivers/STM32F4xx_HAL_Driver/Inc -I../Drivers/STM32F4xx_HAL_Driver/Inc/Legacy -I../Drivers/CMSIS/Device/ST/STM32F4xx/Include -I../Drivers/CMSIS/Include -I"C:/Users/DELL/Documents/GitHub/EspecializacionSTM32/Template_FreeRTOS/Middlewares" -I"C:/Users/DELL/Documents/GitHub/EspecializacionSTM32/Template_FreeRTOS/Middlewares/Third_Party/FreeRTOS" -I"C:/Users/DELL/Documents/GitHub/EspecializacionSTM32/Template_FreeRTOS/Middlewares/Third_Party" -O0 -ffunction-sections -fdata-sections -Wall -fstack-usage -fcyclomatic-complexity -MMD -MP -MF"Middlewares/Third_Party/FreeRTOS/tasks.d" -MT"Middlewares/Third_Party/FreeRTOS/tasks.o" --specs=nano.specs -mfpu=fpv4-sp-d16 -mfloat-abi=hard -mthumb -o "Middlewares/Third_Party/FreeRTOS/tasks.o"
../Middlewares/Third_Party/FreeRTOS/tasks.c: In function 'vTaskPrioritySet':
../Middlewares/Third_Party/FreeRTOS/tasks.c:1657:41: warning: implicit declaration of function 'prvReaddTaskToReadyList'; did you mean 'prvAddTaskToReadyList'? [-Wimplicit-function-declaration]
 1657 |                                         prvReaddTaskToReadyList( pxTCB );
      |                                         ^~~~~~~~~~~~~~~~~~~~~~~
      |                                         prvAddTaskToReadyList
arm-none-eabi-gcc "../Middlewares/Third_Party/FreeRTOS/timers.c" -mcpu=cortex-m4 -std=gnu11 -g3 -DDEBUG -DUSE_HAL_DRIVER -DSTM32F401xE -c -I"C:/Users/DELL/Documents/GitHub/EspecializacionSTM32/Template_FreeRTOS/Middlewares/Third_Party/FreeRTOS/include" -I"C:/Users/DELL/Documents/GitHub/EspecializacionSTM32/Template_FreeRTOS/Middlewares/Third_Party/FreeRTOS/portable/GCC/ARM_CM4F" -I../Core/Inc -I"C:/Users/DELL/Documents/GitHub/EspecializacionSTM32/Template_FreeRTOS/Middlewares/Third_Party/SEGGER/Config" -I"C:/Users/DELL/Documents/GitHub/EspecializacionSTM32/Template_FreeRTOS/Middlewares/Third_Party/SEGGER/OS" -I"C:/Users/DELL/Documents/GitHub/EspecializacionSTM32/Template_FreeRTOS/Middlewares/Third_Party/SEGGER/SEGGER" -I../Drivers/STM32F4xx_HAL_Driver/Inc -I../Drivers/STM32F4xx_HAL_Driver/Inc/Legacy -I../Drivers/CMSIS/Device/ST/STM32F4xx/Include -I../Drivers/CMSIS/Include -I"C:/Users/DELL/Documents/GitHub/EspecializacionSTM32/Template_FreeRTOS/Middlewares" -I"C:/Users/DELL/Documents/GitHub/EspecializacionSTM32/Template_FreeRTOS/Middlewares/Third_Party/FreeRTOS" -I"C:/Users/DELL/Documents/GitHub/EspecializacionSTM32/Template_FreeRTOS/Middlewares/Third_Party" -O0 -ffunction-sections -fdata-sections -Wall -fstack-usage -fcyclomatic-complexity -MMD -MP -MF"Middlewares/Third_Party/FreeRTOS/timers.d" -MT"Middlewares/Third_Party/FreeRTOS/timers.o" --specs=nano.specs -mfpu=fpv4-sp-d16 -mfloat-abi=hard -mthumb -o "Middlewares/Third_Party/FreeRTOS/timers.o"
arm-none-eabi-gcc "../Drivers/STM32F4xx_HAL_Driver/Src/stm32f4xx_hal.c" -mcpu=cortex-m4 -std=gnu11 -g3 -DDEBUG -DUSE_HAL_DRIVER -DSTM32F401xE -c -I"C:/Users/DELL/Documents/GitHub/EspecializacionSTM32/Template_FreeRTOS/Middlewares/Third_Party/FreeRTOS/include" -I"C:/Users/DELL/Documents/GitHub/EspecializacionSTM32/Template_FreeRTOS/Middlewares/Third_Party/FreeRTOS/portable/GCC/ARM_CM4F" -I../Core/Inc -I"C:/Users/DELL/Documents/GitHub/EspecializacionSTM32/Template_FreeRTOS/Middlewares/Third_Party/SEGGER/Config" -I"C:/Users/DELL/Documents/GitHub/EspecializacionSTM32/Template_FreeRTOS/Middlewares/Third_Party/SEGGER/OS" -I"C:/Users/DELL/Documents/GitHub/EspecializacionSTM32/Template_FreeRTOS/Middlewares/Third_Party/SEGGER/SEGGER" -I../Drivers/STM32F4xx_HAL_Driver/Inc -I../Drivers/STM32F4xx_HAL_Driver/Inc/Legacy -I../Drivers/CMSIS/Device/ST/STM32F4xx/Include -I../Drivers/CMSIS/Include -I"C:/Users/DELL/Documents/GitHub/EspecializacionSTM32/Template_FreeRTOS/Middlewares" -I"C:/Users/DELL/Documents/GitHub/EspecializacionSTM32/Template_FreeRTOS/Middlewares/Third_Party/FreeRTOS" -I"C:/Users/DELL/Documents/GitHub/EspecializacionSTM32/Template_FreeRTOS/Middlewares/Third_Party" -O0 -ffunction-sections -fdata-sections -Wall -fstack-usage -fcyclomatic-complexity -MMD -MP -MF"Drivers/STM32F4xx_HAL_Driver/Src/stm32f4xx_hal.d" -MT"Drivers/STM32F4xx_HAL_Driver/Src/stm32f4xx_hal.o" --specs=nano.specs -mfpu=fpv4-sp-d16 -mfloat-abi=hard -mthumb -o "Drivers/STM32F4xx_HAL_Driver/Src/stm32f4xx_hal.o"
arm-none-eabi-gcc "../Drivers/STM32F4xx_HAL_Driver/Src/stm32f4xx_hal_cortex.c" -mcpu=cortex-m4 -std=gnu11 -g3 -DDEBUG -DUSE_HAL_DRIVER -DSTM32F401xE -c -I"C:/Users/DELL/Documents/GitHub/EspecializacionSTM32/Template_FreeRTOS/Middlewares/Third_Party/FreeRTOS/include" -I"C:/Users/DELL/Documents/GitHub/EspecializacionSTM32/Template_FreeRTOS/Middlewares/Third_Party/FreeRTOS/portable/GCC/ARM_CM4F" -I../Core/Inc -I"C:/Users/DELL/Documents/GitHub/EspecializacionSTM32/Template_FreeRTOS/Middlewares/Third_Party/SEGGER/Config" -I"C:/Users/DELL/Documents/GitHub/EspecializacionSTM32/Template_FreeRTOS/Middlewares/Third_Party/SEGGER/OS" -I"C:/Users/DELL/Documents/GitHub/EspecializacionSTM32/Template_FreeRTOS/Middlewares/Third_Party/SEGGER/SEGGER" -I../Drivers/STM32F4xx_HAL_Driver/Inc -I../Drivers/STM32F4xx_HAL_Driver/Inc/Legacy -I../Drivers/CMSIS/Device/ST/STM32F4xx/Include -I../Drivers/CMSIS/Include -I"C:/Users/DELL/Documents/GitHub/EspecializacionSTM32/Template_FreeRTOS/Middlewares" -I"C:/Users/DELL/Documents/GitHub/EspecializacionSTM32/Template_FreeRTOS/Middlewares/Third_Party/FreeRTOS" -I"C:/Users/DELL/Documents/GitHub/EspecializacionSTM32/Template_FreeRTOS/Middlewares/Third_Party" -O0 -ffunction-sections -fdata-sections -Wall -fstack-usage -fcyclomatic-complexity -MMD -MP -MF"Drivers/STM32F4xx_HAL_Driver/Src/stm32f4xx_hal_cortex.d" -MT"Drivers/STM32F4xx_HAL_Driver/Src/stm32f4xx_hal_cortex.o" --specs=nano.specs -mfpu=fpv4-sp-d16 -mfloat-abi=hard -mthumb -o "Drivers/STM32F4xx_HAL_Driver/Src/stm32f4xx_hal_cortex.o"
arm-none-eabi-gcc "../Drivers/STM32F4xx_HAL_Driver/Src/stm32f4xx_hal_dma.c" -mcpu=cortex-m4 -std=gnu11 -g3 -DDEBUG -DUSE_HAL_DRIVER -DSTM32F401xE -c -I"C:/Users/DELL/Documents/GitHub/EspecializacionSTM32/Template_FreeRTOS/Middlewares/Third_Party/FreeRTOS/include" -I"C:/Users/DELL/Documents/GitHub/EspecializacionSTM32/Template_FreeRTOS/Middlewares/Third_Party/FreeRTOS/portable/GCC/ARM_CM4F" -I../Core/Inc -I"C:/Users/DELL/Documents/GitHub/EspecializacionSTM32/Template_FreeRTOS/Middlewares/Third_Party/SEGGER/Config" -I"C:/Users/DELL/Documents/GitHub/EspecializacionSTM32/Template_FreeRTOS/Middlewares/Third_Party/SEGGER/OS" -I"C:/Users/DELL/Documents/GitHub/EspecializacionSTM32/Template_FreeRTOS/Middlewares/Third_Party/SEGGER/SEGGER" -I../Drivers/STM32F4xx_HAL_Driver/Inc -I../Drivers/STM32F4xx_HAL_Driver/Inc/Legacy -I../Drivers/CMSIS/Device/ST/STM32F4xx/Include -I../Drivers/CMSIS/Include -I"C:/Users/DELL/Documents/GitHub/EspecializacionSTM32/Template_FreeRTOS/Middlewares" -I"C:/Users/DELL/Documents/GitHub/EspecializacionSTM32/Template_FreeRTOS/Middlewares/Third_Party/FreeRTOS" -I"C:/Users/DELL/Documents/GitHub/EspecializacionSTM32/Template_FreeRTOS/Middlewares/Third_Party" -O0 -ffunction-sections -fdata-sections -Wall -fstack-usage -fcyclomatic-complexity -MMD -MP -MF"Drivers/STM32F4xx_HAL_Driver/Src/stm32f4xx_hal_dma.d" -MT"Drivers/STM32F4xx_HAL_Driver/Src/stm32f4xx_hal_dma.o" --specs=nano.specs -mfpu=fpv4-sp-d16 -mfloat-abi=hard -mthumb -o "Drivers/STM32F4xx_HAL_Driver/Src/stm32f4xx_hal_dma.o"
arm-none-eabi-gcc "../Drivers/STM32F4xx_HAL_Driver/Src/stm32f4xx_hal_dma_ex.c" -mcpu=cortex-m4 -std=gnu11 -g3 -DDEBUG -DUSE_HAL_DRIVER -DSTM32F401xE -c -I"C:/Users/DELL/Documents/GitHub/EspecializacionSTM32/Template_FreeRTOS/Middlewares/Third_Party/FreeRTOS/include" -I"C:/Users/DELL/Documents/GitHub/EspecializacionSTM32/Template_FreeRTOS/Middlewares/Third_Party/FreeRTOS/portable/GCC/ARM_CM4F" -I../Core/Inc -I"C:/Users/DELL/Documents/GitHub/EspecializacionSTM32/Template_FreeRTOS/Middlewares/Third_Party/SEGGER/Config" -I"C:/Users/DELL/Documents/GitHub/EspecializacionSTM32/Template_FreeRTOS/Middlewares/Third_Party/SEGGER/OS" -I"C:/Users/DELL/Documents/GitHub/EspecializacionSTM32/Template_FreeRTOS/Middlewares/Third_Party/SEGGER/SEGGER" -I../Drivers/STM32F4xx_HAL_Driver/Inc -I../Drivers/STM32F4xx_HAL_Driver/Inc/Legacy -I../Drivers/CMSIS/Device/ST/STM32F4xx/Include -I../Drivers/CMSIS/Include -I"C:/Users/DELL/Documents/GitHub/EspecializacionSTM32/Template_FreeRTOS/Middlewares" -I"C:/Users/DELL/Documents/GitHub/EspecializacionSTM32/Template_FreeRTOS/Middlewares/Third_Party/FreeRTOS" -I"C:/Users/DELL/Documents/GitHub/EspecializacionSTM32/Template_FreeRTOS/Middlewares/Third_Party" -O0 -ffunction-sections -fdata-sections -Wall -fstack-usage -fcyclomatic-complexity -MMD -MP -MF"Drivers/STM32F4xx_HAL_Driver/Src/stm32f4xx_hal_dma_ex.d" -MT"Drivers/STM32F4xx_HAL_Driver/Src/stm32f4xx_hal_dma_ex.o" --specs=nano.specs -mfpu=fpv4-sp-d16 -mfloat-abi=hard -mthumb -o "Drivers/STM32F4xx_HAL_Driver/Src/stm32f4xx_hal_dma_ex.o"
arm-none-eabi-gcc "../Drivers/STM32F4xx_HAL_Driver/Src/stm32f4xx_hal_exti.c" -mcpu=cortex-m4 -std=gnu11 -g3 -DDEBUG -DUSE_HAL_DRIVER -DSTM32F401xE -c -I"C:/Users/DELL/Documents/GitHub/EspecializacionSTM32/Template_FreeRTOS/Middlewares/Third_Party/FreeRTOS/include" -I"C:/Users/DELL/Documents/GitHub/EspecializacionSTM32/Template_FreeRTOS/Middlewares/Third_Party/FreeRTOS/portable/GCC/ARM_CM4F" -I../Core/Inc -I"C:/Users/DELL/Documents/GitHub/EspecializacionSTM32/Template_FreeRTOS/Middlewares/Third_Party/SEGGER/Config" -I"C:/Users/DELL/Documents/GitHub/EspecializacionSTM32/Template_FreeRTOS/Middlewares/Third_Party/SEGGER/OS" -I"C:/Users/DELL/Documents/GitHub/EspecializacionSTM32/Template_FreeRTOS/Middlewares/Third_Party/SEGGER/SEGGER" -I../Drivers/STM32F4xx_HAL_Driver/Inc -I../Drivers/STM32F4xx_HAL_Driver/Inc/Legacy -I../Drivers/CMSIS/Device/ST/STM32F4xx/Include -I../Drivers/CMSIS/Include -I"C:/Users/DELL/Documents/GitHub/EspecializacionSTM32/Template_FreeRTOS/Middlewares" -I"C:/Users/DELL/Documents/GitHub/EspecializacionSTM32/Template_FreeRTOS/Middlewares/Third_Party/FreeRTOS" -I"C:/Users/DELL/Documents/GitHub/EspecializacionSTM32/Template_FreeRTOS/Middlewares/Third_Party" -O0 -ffunction-sections -fdata-sections -Wall -fstack-usage -fcyclomatic-complexity -MMD -MP -MF"Drivers/STM32F4xx_HAL_Driver/Src/stm32f4xx_hal_exti.d" -MT"Drivers/STM32F4xx_HAL_Driver/Src/stm32f4xx_hal_exti.o" --specs=nano.specs -mfpu=fpv4-sp-d16 -mfloat-abi=hard -mthumb -o "Drivers/STM32F4xx_HAL_Driver/Src/stm32f4xx_hal_exti.o"
arm-none-eabi-gcc "../Drivers/STM32F4xx_HAL_Driver/Src/stm32f4xx_hal_flash.c" -mcpu=cortex-m4 -std=gnu11 -g3 -DDEBUG -DUSE_HAL_DRIVER -DSTM32F401xE -c -I"C:/Users/DELL/Documents/GitHub/EspecializacionSTM32/Template_FreeRTOS/Middlewares/Third_Party/FreeRTOS/include" -I"C:/Users/DELL/Documents/GitHub/EspecializacionSTM32/Template_FreeRTOS/Middlewares/Third_Party/FreeRTOS/portable/GCC/ARM_CM4F" -I../Core/Inc -I"C:/Users/DELL/Documents/GitHub/EspecializacionSTM32/Template_FreeRTOS/Middlewares/Third_Party/SEGGER/Config" -I"C:/Users/DELL/Documents/GitHub/EspecializacionSTM32/Template_FreeRTOS/Middlewares/Third_Party/SEGGER/OS" -I"C:/Users/DELL/Documents/GitHub/EspecializacionSTM32/Template_FreeRTOS/Middlewares/Third_Party/SEGGER/SEGGER" -I../Drivers/STM32F4xx_HAL_Driver/Inc -I../Drivers/STM32F4xx_HAL_Driver/Inc/Legacy -I../Drivers/CMSIS/Device/ST/STM32F4xx/Include -I../Drivers/CMSIS/Include -I"C:/Users/DELL/Documents/GitHub/EspecializacionSTM32/Template_FreeRTOS/Middlewares" -I"C:/Users/DELL/Documents/GitHub/EspecializacionSTM32/Template_FreeRTOS/Middlewares/Third_Party/FreeRTOS" -I"C:/Users/DELL/Documents/GitHub/EspecializacionSTM32/Template_FreeRTOS/Middlewares/Third_Party" -O0 -ffunction-sections -fdata-sections -Wall -fstack-usage -fcyclomatic-complexity -MMD -MP -MF"Drivers/STM32F4xx_HAL_Driver/Src/stm32f4xx_hal_flash.d" -MT"Drivers/STM32F4xx_HAL_Driver/Src/stm32f4xx_hal_flash.o" --specs=nano.specs -mfpu=fpv4-sp-d16 -mfloat-abi=hard -mthumb -o "Drivers/STM32F4xx_HAL_Driver/Src/stm32f4xx_hal_flash.o"
arm-none-eabi-gcc "../Drivers/STM32F4xx_HAL_Driver/Src/stm32f4xx_hal_flash_ex.c" -mcpu=cortex-m4 -std=gnu11 -g3 -DDEBUG -DUSE_HAL_DRIVER -DSTM32F401xE -c -I"C:/Users/DELL/Documents/GitHub/EspecializacionSTM32/Template_FreeRTOS/Middlewares/Third_Party/FreeRTOS/include" -I"C:/Users/DELL/Documents/GitHub/EspecializacionSTM32/Template_FreeRTOS/Middlewares/Third_Party/FreeRTOS/portable/GCC/ARM_CM4F" -I../Core/Inc -I"C:/Users/DELL/Documents/GitHub/EspecializacionSTM32/Template_FreeRTOS/Middlewares/Third_Party/SEGGER/Config" -I"C:/Users/DELL/Documents/GitHub/EspecializacionSTM32/Template_FreeRTOS/Middlewares/Third_Party/SEGGER/OS" -I"C:/Users/DELL/Documents/GitHub/EspecializacionSTM32/Template_FreeRTOS/Middlewares/Third_Party/SEGGER/SEGGER" -I../Drivers/STM32F4xx_HAL_Driver/Inc -I../Drivers/STM32F4xx_HAL_Driver/Inc/Legacy -I../Drivers/CMSIS/Device/ST/STM32F4xx/Include -I../Drivers/CMSIS/Include -I"C:/Users/DELL/Documents/GitHub/EspecializacionSTM32/Template_FreeRTOS/Middlewares" -I"C:/Users/DELL/Documents/GitHub/EspecializacionSTM32/Template_FreeRTOS/Middlewares/Third_Party/FreeRTOS" -I"C:/Users/DELL/Documents/GitHub/EspecializacionSTM32/Template_FreeRTOS/Middlewares/Third_Party" -O0 -ffunction-sections -fdata-sections -Wall -fstack-usage -fcyclomatic-complexity -MMD -MP -MF"Drivers/STM32F4xx_HAL_Driver/Src/stm32f4xx_hal_flash_ex.d" -MT"Drivers/STM32F4xx_HAL_Driver/Src/stm32f4xx_hal_flash_ex.o" --specs=nano.specs -mfpu=fpv4-sp-d16 -mfloat-abi=hard -mthumb -o "Drivers/STM32F4xx_HAL_Driver/Src/stm32f4xx_hal_flash_ex.o"
arm-none-eabi-gcc "../Drivers/STM32F4xx_HAL_Driver/Src/stm32f4xx_hal_flash_ramfunc.c" -mcpu=cortex-m4 -std=gnu11 -g3 -DDEBUG -DUSE_HAL_DRIVER -DSTM32F401xE -c -I"C:/Users/DELL/Documents/GitHub/EspecializacionSTM32/Template_FreeRTOS/Middlewares/Third_Party/FreeRTOS/include" -I"C:/Users/DELL/Documents/GitHub/EspecializacionSTM32/Template_FreeRTOS/Middlewares/Third_Party/FreeRTOS/portable/GCC/ARM_CM4F" -I../Core/Inc -I"C:/Users/DELL/Documents/GitHub/EspecializacionSTM32/Template_FreeRTOS/Middlewares/Third_Party/SEGGER/Config" -I"C:/Users/DELL/Documents/GitHub/EspecializacionSTM32/Template_FreeRTOS/Middlewares/Third_Party/SEGGER/OS" -I"C:/Users/DELL/Documents/GitHub/EspecializacionSTM32/Template_FreeRTOS/Middlewares/Third_Party/SEGGER/SEGGER" -I../Drivers/STM32F4xx_HAL_Driver/Inc -I../Drivers/STM32F4xx_HAL_Driver/Inc/Legacy -I../Drivers/CMSIS/Device/ST/STM32F4xx/Include -I../Drivers/CMSIS/Include -I"C:/Users/DELL/Documents/GitHub/EspecializacionSTM32/Template_FreeRTOS/Middlewares" -I"C:/Users/DELL/Documents/GitHub/EspecializacionSTM32/Template_FreeRTOS/Middlewares/Third_Party/FreeRTOS" -I"C:/Users/DELL/Documents/GitHub/EspecializacionSTM32/Template_FreeRTOS/Middlewares/Third_Party" -O0 -ffunction-sections -fdata-sections -Wall -fstack-usage -fcyclomatic-complexity -MMD -MP -MF"Drivers/STM32F4xx_HAL_Driver/Src/stm32f4xx_hal_flash_ramfunc.d" -MT"Drivers/STM32F4xx_HAL_Driver/Src/stm32f4xx_hal_flash_ramfunc.o" --specs=nano.specs -mfpu=fpv4-sp-d16 -mfloat-abi=hard -mthumb -o "Drivers/STM32F4xx_HAL_Driver/Src/stm32f4xx_hal_flash_ramfunc.o"
arm-none-eabi-gcc "../Drivers/STM32F4xx_HAL_Driver/Src/stm32f4xx_hal_gpio.c" -mcpu=cortex-m4 -std=gnu11 -g3 -DDEBUG -DUSE_HAL_DRIVER -DSTM32F401xE -c -I"C:/Users/DELL/Documents/GitHub/EspecializacionSTM32/Template_FreeRTOS/Middlewares/Third_Party/FreeRTOS/include" -I"C:/Users/DELL/Documents/GitHub/EspecializacionSTM32/Template_FreeRTOS/Middlewares/Third_Party/FreeRTOS/portable/GCC/ARM_CM4F" -I../Core/Inc -I"C:/Users/DELL/Documents/GitHub/EspecializacionSTM32/Template_FreeRTOS/Middlewares/Third_Party/SEGGER/Config" -I"C:/Users/DELL/Documents/GitHub/EspecializacionSTM32/Template_FreeRTOS/Middlewares/Third_Party/SEGGER/OS" -I"C:/Users/DELL/Documents/GitHub/EspecializacionSTM32/Template_FreeRTOS/Middlewares/Third_Party/SEGGER/SEGGER" -I../Drivers/STM32F4xx_HAL_Driver/Inc -I../Drivers/STM32F4xx_HAL_Driver/Inc/Legacy -I../Drivers/CMSIS/Device/ST/STM32F4xx/Include -I../Drivers/CMSIS/Include -I"C:/Users/DELL/Documents/GitHub/EspecializacionSTM32/Template_FreeRTOS/Middlewares" -I"C:/Users/DELL/Documents/GitHub/EspecializacionSTM32/Template_FreeRTOS/Middlewares/Third_Party/FreeRTOS" -I"C:/Users/DELL/Documents/GitHub/EspecializacionSTM32/Template_FreeRTOS/Middlewares/Third_Party" -O0 -ffunction-sections -fdata-sections -Wall -fstack-usage -fcyclomatic-complexity -MMD -MP -MF"Drivers/STM32F4xx_HAL_Driver/Src/stm32f4xx_hal_gpio.d" -MT"Drivers/STM32F4xx_HAL_Driver/Src/stm32f4xx_hal_gpio.o" --specs=nano.specs -mfpu=fpv4-sp-d16 -mfloat-abi=hard -mthumb -o "Drivers/STM32F4xx_HAL_Driver/Src/stm32f4xx_hal_gpio.o"
arm-none-eabi-gcc "../Drivers/STM32F4xx_HAL_Driver/Src/stm32f4xx_hal_pwr.c" -mcpu=cortex-m4 -std=gnu11 -g3 -DDEBUG -DUSE_HAL_DRIVER -DSTM32F401xE -c -I"C:/Users/DELL/Documents/GitHub/EspecializacionSTM32/Template_FreeRTOS/Middlewares/Third_Party/FreeRTOS/include" -I"C:/Users/DELL/Documents/GitHub/EspecializacionSTM32/Template_FreeRTOS/Middlewares/Third_Party/FreeRTOS/portable/GCC/ARM_CM4F" -I../Core/Inc -I"C:/Users/DELL/Documents/GitHub/EspecializacionSTM32/Template_FreeRTOS/Middlewares/Third_Party/SEGGER/Config" -I"C:/Users/DELL/Documents/GitHub/EspecializacionSTM32/Template_FreeRTOS/Middlewares/Third_Party/SEGGER/OS" -I"C:/Users/DELL/Documents/GitHub/EspecializacionSTM32/Template_FreeRTOS/Middlewares/Third_Party/SEGGER/SEGGER" -I../Drivers/STM32F4xx_HAL_Driver/Inc -I../Drivers/STM32F4xx_HAL_Driver/Inc/Legacy -I../Drivers/CMSIS/Device/ST/STM32F4xx/Include -I../Drivers/CMSIS/Include -I"C:/Users/DELL/Documents/GitHub/EspecializacionSTM32/Template_FreeRTOS/Middlewares" -I"C:/Users/DELL/Documents/GitHub/EspecializacionSTM32/Template_FreeRTOS/Middlewares/Third_Party/FreeRTOS" -I"C:/Users/DELL/Documents/GitHub/EspecializacionSTM32/Template_FreeRTOS/Middlewares/Third_Party" -O0 -ffunction-sections -fdata-sections -Wall -fstack-usage -fcyclomatic-complexity -MMD -MP -MF"Drivers/STM32F4xx_HAL_Driver/Src/stm32f4xx_hal_pwr.d" -MT"Drivers/STM32F4xx_HAL_Driver/Src/stm32f4xx_hal_pwr.o" --specs=nano.specs -mfpu=fpv4-sp-d16 -mfloat-abi=hard -mthumb -o "Drivers/STM32F4xx_HAL_Driver/Src/stm32f4xx_hal_pwr.o"
arm-none-eabi-gcc "../Drivers/STM32F4xx_HAL_Driver/Src/stm32f4xx_hal_pwr_ex.c" -mcpu=cortex-m4 -std=gnu11 -g3 -DDEBUG -DUSE_HAL_DRIVER -DSTM32F401xE -c -I"C:/Users/DELL/Documents/GitHub/EspecializacionSTM32/Template_FreeRTOS/Middlewares/Third_Party/FreeRTOS/include" -I"C:/Users/DELL/Documents/GitHub/EspecializacionSTM32/Template_FreeRTOS/Middlewares/Third_Party/FreeRTOS/portable/GCC/ARM_CM4F" -I../Core/Inc -I"C:/Users/DELL/Documents/GitHub/EspecializacionSTM32/Template_FreeRTOS/Middlewares/Third_Party/SEGGER/Config" -I"C:/Users/DELL/Documents/GitHub/EspecializacionSTM32/Template_FreeRTOS/Middlewares/Third_Party/SEGGER/OS" -I"C:/Users/DELL/Documents/GitHub/EspecializacionSTM32/Template_FreeRTOS/Middlewares/Third_Party/SEGGER/SEGGER" -I../Drivers/STM32F4xx_HAL_Driver/Inc -I../Drivers/STM32F4xx_HAL_Driver/Inc/Legacy -I../Drivers/CMSIS/Device/ST/STM32F4xx/Include -I../Drivers/CMSIS/Include -I"C:/Users/DELL/Documents/GitHub/EspecializacionSTM32/Template_FreeRTOS/Middlewares" -I"C:/Users/DELL/Documents/GitHub/EspecializacionSTM32/Template_FreeRTOS/Middlewares/Third_Party/FreeRTOS" -I"C:/Users/DELL/Documents/GitHub/EspecializacionSTM32/Template_FreeRTOS/Middlewares/Third_Party" -O0 -ffunction-sections -fdata-sections -Wall -fstack-usage -fcyclomatic-complexity -MMD -MP -MF"Drivers/STM32F4xx_HAL_Driver/Src/stm32f4xx_hal_pwr_ex.d" -MT"Drivers/STM32F4xx_HAL_Driver/Src/stm32f4xx_hal_pwr_ex.o" --specs=nano.specs -mfpu=fpv4-sp-d16 -mfloat-abi=hard -mthumb -o "Drivers/STM32F4xx_HAL_Driver/Src/stm32f4xx_hal_pwr_ex.o"
arm-none-eabi-gcc "../Drivers/STM32F4xx_HAL_Driver/Src/stm32f4xx_hal_rcc.c" -mcpu=cortex-m4 -std=gnu11 -g3 -DDEBUG -DUSE_HAL_DRIVER -DSTM32F401xE -c -I"C:/Users/DELL/Documents/GitHub/EspecializacionSTM32/Template_FreeRTOS/Middlewares/Third_Party/FreeRTOS/include" -I"C:/Users/DELL/Documents/GitHub/EspecializacionSTM32/Template_FreeRTOS/Middlewares/Third_Party/FreeRTOS/portable/GCC/ARM_CM4F" -I../Core/Inc -I"C:/Users/DELL/Documents/GitHub/EspecializacionSTM32/Template_FreeRTOS/Middlewares/Third_Party/SEGGER/Config" -I"C:/Users/DELL/Documents/GitHub/EspecializacionSTM32/Template_FreeRTOS/Middlewares/Third_Party/SEGGER/OS" -I"C:/Users/DELL/Documents/GitHub/EspecializacionSTM32/Template_FreeRTOS/Middlewares/Third_Party/SEGGER/SEGGER" -I../Drivers/STM32F4xx_HAL_Driver/Inc -I../Drivers/STM32F4xx_HAL_Driver/Inc/Legacy -I../Drivers/CMSIS/Device/ST/STM32F4xx/Include -I../Drivers/CMSIS/Include -I"C:/Users/DELL/Documents/GitHub/EspecializacionSTM32/Template_FreeRTOS/Middlewares" -I"C:/Users/DELL/Documents/GitHub/EspecializacionSTM32/Template_FreeRTOS/Middlewares/Third_Party/FreeRTOS" -I"C:/Users/DELL/Documents/GitHub/EspecializacionSTM32/Template_FreeRTOS/Middlewares/Third_Party" -O0 -ffunction-sections -fdata-sections -Wall -fstack-usage -fcyclomatic-complexity -MMD -MP -MF"Drivers/STM32F4xx_HAL_Driver/Src/stm32f4xx_hal_rcc.d" -MT"Drivers/STM32F4xx_HAL_Driver/Src/stm32f4xx_hal_rcc.o" --specs=nano.specs -mfpu=fpv4-sp-d16 -mfloat-abi=hard -mthumb -o "Drivers/STM32F4xx_HAL_Driver/Src/stm32f4xx_hal_rcc.o"
arm-none-eabi-gcc "../Drivers/STM32F4xx_HAL_Driver/Src/stm32f4xx_hal_rcc_ex.c" -mcpu=cortex-m4 -std=gnu11 -g3 -DDEBUG -DUSE_HAL_DRIVER -DSTM32F401xE -c -I"C:/Users/DELL/Documents/GitHub/EspecializacionSTM32/Template_FreeRTOS/Middlewares/Third_Party/FreeRTOS/include" -I"C:/Users/DELL/Documents/GitHub/EspecializacionSTM32/Template_FreeRTOS/Middlewares/Third_Party/FreeRTOS/portable/GCC/ARM_CM4F" -I../Core/Inc -I"C:/Users/DELL/Documents/GitHub/EspecializacionSTM32/Template_FreeRTOS/Middlewares/Third_Party/SEGGER/Config" -I"C:/Users/DELL/Documents/GitHub/EspecializacionSTM32/Template_FreeRTOS/Middlewares/Third_Party/SEGGER/OS" -I"C:/Users/DELL/Documents/GitHub/EspecializacionSTM32/Template_FreeRTOS/Middlewares/Third_Party/SEGGER/SEGGER" -I../Drivers/STM32F4xx_HAL_Driver/Inc -I../Drivers/STM32F4xx_HAL_Driver/Inc/Legacy -I../Drivers/CMSIS/Device/ST/STM32F4xx/Include -I../Drivers/CMSIS/Include -I"C:/Users/DELL/Documents/GitHub/EspecializacionSTM32/Template_FreeRTOS/Middlewares" -I"C:/Users/DELL/Documents/GitHub/EspecializacionSTM32/Template_FreeRTOS/Middlewares/Third_Party/FreeRTOS" -I"C:/Users/DELL/Documents/GitHub/EspecializacionSTM32/Template_FreeRTOS/Middlewares/Third_Party" -O0 -ffunction-sections -fdata-sections -Wall -fstack-usage -fcyclomatic-complexity -MMD -MP -MF"Drivers/STM32F4xx_HAL_Driver/Src/stm32f4xx_hal_rcc_ex.d" -MT"Drivers/STM32F4xx_HAL_Driver/Src/stm32f4xx_hal_rcc_ex.o" --specs=nano.specs -mfpu=fpv4-sp-d16 -mfloat-abi=hard -mthumb -o "Drivers/STM32F4xx_HAL_Driver/Src/stm32f4xx_hal_rcc_ex.o"
arm-none-eabi-gcc "../Drivers/STM32F4xx_HAL_Driver/Src/stm32f4xx_hal_tim.c" -mcpu=cortex-m4 -std=gnu11 -g3 -DDEBUG -DUSE_HAL_DRIVER -DSTM32F401xE -c -I"C:/Users/DELL/Documents/GitHub/EspecializacionSTM32/Template_FreeRTOS/Middlewares/Third_Party/FreeRTOS/include" -I"C:/Users/DELL/Documents/GitHub/EspecializacionSTM32/Template_FreeRTOS/Middlewares/Third_Party/FreeRTOS/portable/GCC/ARM_CM4F" -I../Core/Inc -I"C:/Users/DELL/Documents/GitHub/EspecializacionSTM32/Template_FreeRTOS/Middlewares/Third_Party/SEGGER/Config" -I"C:/Users/DELL/Documents/GitHub/EspecializacionSTM32/Template_FreeRTOS/Middlewares/Third_Party/SEGGER/OS" -I"C:/Users/DELL/Documents/GitHub/EspecializacionSTM32/Template_FreeRTOS/Middlewares/Third_Party/SEGGER/SEGGER" -I../Drivers/STM32F4xx_HAL_Driver/Inc -I../Drivers/STM32F4xx_HAL_Driver/Inc/Legacy -I../Drivers/CMSIS/Device/ST/STM32F4xx/Include -I../Drivers/CMSIS/Include -I"C:/Users/DELL/Documents/GitHub/EspecializacionSTM32/Template_FreeRTOS/Middlewares" -I"C:/Users/DELL/Documents/GitHub/EspecializacionSTM32/Template_FreeRTOS/Middlewares/Third_Party/FreeRTOS" -I"C:/Users/DELL/Documents/GitHub/EspecializacionSTM32/Template_FreeRTOS/Middlewares/Third_Party" -O0 -ffunction-sections -fdata-sections -Wall -fstack-usage -fcyclomatic-complexity -MMD -MP -MF"Drivers/STM32F4xx_HAL_Driver/Src/stm32f4xx_hal_tim.d" -MT"Drivers/STM32F4xx_HAL_Driver/Src/stm32f4xx_hal_tim.o" --specs=nano.specs -mfpu=fpv4-sp-d16 -mfloat-abi=hard -mthumb -o "Drivers/STM32F4xx_HAL_Driver/Src/stm32f4xx_hal_tim.o"
arm-none-eabi-gcc "../Drivers/STM32F4xx_HAL_Driver/Src/stm32f4xx_hal_tim_ex.c" -mcpu=cortex-m4 -std=gnu11 -g3 -DDEBUG -DUSE_HAL_DRIVER -DSTM32F401xE -c -I"C:/Users/DELL/Documents/GitHub/EspecializacionSTM32/Template_FreeRTOS/Middlewares/Third_Party/FreeRTOS/include" -I"C:/Users/DELL/Documents/GitHub/EspecializacionSTM32/Template_FreeRTOS/Middlewares/Third_Party/FreeRTOS/portable/GCC/ARM_CM4F" -I../Core/Inc -I"C:/Users/DELL/Documents/GitHub/EspecializacionSTM32/Template_FreeRTOS/Middlewares/Third_Party/SEGGER/Config" -I"C:/Users/DELL/Documents/GitHub/EspecializacionSTM32/Template_FreeRTOS/Middlewares/Third_Party/SEGGER/OS" -I"C:/Users/DELL/Documents/GitHub/EspecializacionSTM32/Template_FreeRTOS/Middlewares/Third_Party/SEGGER/SEGGER" -I../Drivers/STM32F4xx_HAL_Driver/Inc -I../Drivers/STM32F4xx_HAL_Driver/Inc/Legacy -I../Drivers/CMSIS/Device/ST/STM32F4xx/Include -I../Drivers/CMSIS/Include -I"C:/Users/DELL/Documents/GitHub/EspecializacionSTM32/Template_FreeRTOS/Middlewares" -I"C:/Users/DELL/Documents/GitHub/EspecializacionSTM32/Template_FreeRTOS/Middlewares/Third_Party/FreeRTOS" -I"C:/Users/DELL/Documents/GitHub/EspecializacionSTM32/Template_FreeRTOS/Middlewares/Third_Party" -O0 -ffunction-sections -fdata-sections -Wall -fstack-usage -fcyclomatic-complexity -MMD -MP -MF"Drivers/STM32F4xx_HAL_Driver/Src/stm32f4xx_hal_tim_ex.d" -MT"Drivers/STM32F4xx_HAL_Driver/Src/stm32f4xx_hal_tim_ex.o" --specs=nano.specs -mfpu=fpv4-sp-d16 -mfloat-abi=hard -mthumb -o "Drivers/STM32F4xx_HAL_Driver/Src/stm32f4xx_hal_tim_ex.o"
arm-none-eabi-gcc "../Drivers/STM32F4xx_HAL_Driver/Src/stm32f4xx_hal_uart.c" -mcpu=cortex-m4 -std=gnu11 -g3 -DDEBUG -DUSE_HAL_DRIVER -DSTM32F401xE -c -I"C:/Users/DELL/Documents/GitHub/EspecializacionSTM32/Template_FreeRTOS/Middlewares/Third_Party/FreeRTOS/include" -I"C:/Users/DELL/Documents/GitHub/EspecializacionSTM32/Template_FreeRTOS/Middlewares/Third_Party/FreeRTOS/portable/GCC/ARM_CM4F" -I../Core/Inc -I"C:/Users/DELL/Documents/GitHub/EspecializacionSTM32/Template_FreeRTOS/Middlewares/Third_Party/SEGGER/Config" -I"C:/Users/DELL/Documents/GitHub/EspecializacionSTM32/Template_FreeRTOS/Middlewares/Third_Party/SEGGER/OS" -I"C:/Users/DELL/Documents/GitHub/EspecializacionSTM32/Template_FreeRTOS/Middlewares/Third_Party/SEGGER/SEGGER" -I../Drivers/STM32F4xx_HAL_Driver/Inc -I../Drivers/STM32F4xx_HAL_Driver/Inc/Legacy -I../Drivers/CMSIS/Device/ST/STM32F4xx/Include -I../Drivers/CMSIS/Include -I"C:/Users/DELL/Documents/GitHub/EspecializacionSTM32/Template_FreeRTOS/Middlewares" -I"C:/Users/DELL/Documents/GitHub/EspecializacionSTM32/Template_FreeRTOS/Middlewares/Third_Party/FreeRTOS" -I"C:/Users/DELL/Documents/GitHub/EspecializacionSTM32/Template_FreeRTOS/Middlewares/Third_Party" -O0 -ffunction-sections -fdata-sections -Wall -fstack-usage -fcyclomatic-complexity -MMD -MP -MF"Drivers/STM32F4xx_HAL_Driver/Src/stm32f4xx_hal_uart.d" -MT"Drivers/STM32F4xx_HAL_Driver/Src/stm32f4xx_hal_uart.o" --specs=nano.specs -mfpu=fpv4-sp-d16 -mfloat-abi=hard -mthumb -o "Drivers/STM32F4xx_HAL_Driver/Src/stm32f4xx_hal_uart.o"
arm-none-eabi-gcc -mcpu=cortex-m4 -g3 -DDEBUG -c -I"C:/Users/DELL/Documents/GitHub/EspecializacionSTM32/Template_FreeRTOS/Middlewares/Third_Party/SEGGER/Config" -I"C:/Users/DELL/Documents/GitHub/EspecializacionSTM32/Template_FreeRTOS/Middlewares/Third_Party/SEGGER/OS" -I"C:/Users/DELL/Documents/GitHub/EspecializacionSTM32/Template_FreeRTOS/Middlewares/Third_Party/SEGGER/SEGGER" -I"C:/Users/DELL/Documents/GitHub/EspecializacionSTM32/Template_FreeRTOS/Middlewares" -I"C:/Users/DELL/Documents/GitHub/EspecializacionSTM32/Template_FreeRTOS/Middlewares/Third_Party/FreeRTOS" -I"C:/Users/DELL/Documents/GitHub/EspecializacionSTM32/Template_FreeRTOS/Middlewares/Third_Party" -x assembler-with-cpp -MMD -MP -MF"Core/Startup/startup_stm32f401retx.d" -MT"Core/Startup/startup_stm32f401retx.o" --specs=nano.specs -mfpu=fpv4-sp-d16 -mfloat-abi=hard -mthumb -o "Core/Startup/startup_stm32f401retx.o" "../Core/Startup/startup_stm32f401retx.s"
arm-none-eabi-gcc "../Core/Src/gpio.c" -mcpu=cortex-m4 -std=gnu11 -g3 -DDEBUG -DUSE_HAL_DRIVER -DSTM32F401xE -c -I"C:/Users/DELL/Documents/GitHub/EspecializacionSTM32/Template_FreeRTOS/Middlewares/Third_Party/FreeRTOS/include" -I"C:/Users/DELL/Documents/GitHub/EspecializacionSTM32/Template_FreeRTOS/Middlewares/Third_Party/FreeRTOS/portable/GCC/ARM_CM4F" -I../Core/Inc -I"C:/Users/DELL/Documents/GitHub/EspecializacionSTM32/Template_FreeRTOS/Middlewares/Third_Party/SEGGER/Config" -I"C:/Users/DELL/Documents/GitHub/EspecializacionSTM32/Template_FreeRTOS/Middlewares/Third_Party/SEGGER/OS" -I"C:/Users/DELL/Documents/GitHub/EspecializacionSTM32/Template_FreeRTOS/Middlewares/Third_Party/SEGGER/SEGGER" -I../Drivers/STM32F4xx_HAL_Driver/Inc -I../Drivers/STM32F4xx_HAL_Driver/Inc/Legacy -I../Drivers/CMSIS/Device/ST/STM32F4xx/Include -I../Drivers/CMSIS/Include -I"C:/Users/DELL/Documents/GitHub/EspecializacionSTM32/Template_FreeRTOS/Middlewares" -I"C:/Users/DELL/Documents/GitHub/EspecializacionSTM32/Template_FreeRTOS/Middlewares/Third_Party/FreeRTOS" -I"C:/Users/DELL/Documents/GitHub/EspecializacionSTM32/Template_FreeRTOS/Middlewares/Third_Party" -O0 -ffunction-sections -fdata-sections -Wall -fstack-usage -fcyclomatic-complexity -MMD -MP -MF"Core/Src/gpio.d" -MT"Core/Src/gpio.o" --specs=nano.specs -mfpu=fpv4-sp-d16 -mfloat-abi=hard -mthumb -o "Core/Src/gpio.o"
arm-none-eabi-gcc "../Core/Src/main.c" -mcpu=cortex-m4 -std=gnu11 -g3 -DDEBUG -DUSE_HAL_DRIVER -DSTM32F401xE -c -I"C:/Users/DELL/Documents/GitHub/EspecializacionSTM32/Template_FreeRTOS/Middlewares/Third_Party/FreeRTOS/include" -I"C:/Users/DELL/Documents/GitHub/EspecializacionSTM32/Template_FreeRTOS/Middlewares/Third_Party/FreeRTOS/portable/GCC/ARM_CM4F" -I../Core/Inc -I"C:/Users/DELL/Documents/GitHub/EspecializacionSTM32/Template_FreeRTOS/Middlewares/Third_Party/SEGGER/Config" -I"C:/Users/DELL/Documents/GitHub/EspecializacionSTM32/Template_FreeRTOS/Middlewares/Third_Party/SEGGER/OS" -I"C:/Users/DELL/Documents/GitHub/EspecializacionSTM32/Template_FreeRTOS/Middlewares/Third_Party/SEGGER/SEGGER" -I../Drivers/STM32F4xx_HAL_Driver/Inc -I../Drivers/STM32F4xx_HAL_Driver/Inc/Legacy -I../Drivers/CMSIS/Device/ST/STM32F4xx/Include -I../Drivers/CMSIS/Include -I"C:/Users/DELL/Documents/GitHub/EspecializacionSTM32/Template_FreeRTOS/Middlewares" -I"C:/Users/DELL/Documents/GitHub/EspecializacionSTM32/Template_FreeRTOS/Middlewares/Third_Party/FreeRTOS" -I"C:/Users/DELL/Documents/GitHub/EspecializacionSTM32/Template_FreeRTOS/Middlewares/Third_Party" -O0 -ffunction-sections -fdata-sections -Wall -fstack-usage -fcyclomatic-complexity -MMD -MP -MF"Core/Src/main.d" -MT"Core/Src/main.o" --specs=nano.specs -mfpu=fpv4-sp-d16 -mfloat-abi=hard -mthumb -o "Core/Src/main.o"
arm-none-eabi-gcc "../Core/Src/stm32f4xx_hal_msp.c" -mcpu=cortex-m4 -std=gnu11 -g3 -DDEBUG -DUSE_HAL_DRIVER -DSTM32F401xE -c -I"C:/Users/DELL/Documents/GitHub/EspecializacionSTM32/Template_FreeRTOS/Middlewares/Third_Party/FreeRTOS/include" -I"C:/Users/DELL/Documents/GitHub/EspecializacionSTM32/Template_FreeRTOS/Middlewares/Third_Party/FreeRTOS/portable/GCC/ARM_CM4F" -I../Core/Inc -I"C:/Users/DELL/Documents/GitHub/EspecializacionSTM32/Template_FreeRTOS/Middlewares/Third_Party/SEGGER/Config" -I"C:/Users/DELL/Documents/GitHub/EspecializacionSTM32/Template_FreeRTOS/Middlewares/Third_Party/SEGGER/OS" -I"C:/Users/DELL/Documents/GitHub/EspecializacionSTM32/Template_FreeRTOS/Middlewares/Third_Party/SEGGER/SEGGER" -I../Drivers/STM32F4xx_HAL_Driver/Inc -I../Drivers/STM32F4xx_HAL_Driver/Inc/Legacy -I../Drivers/CMSIS/Device/ST/STM32F4xx/Include -I../Drivers/CMSIS/Include -I"C:/Users/DELL/Documents/GitHub/EspecializacionSTM32/Template_FreeRTOS/Middlewares" -I"C:/Users/DELL/Documents/GitHub/EspecializacionSTM32/Template_FreeRTOS/Middlewares/Third_Party/FreeRTOS" -I"C:/Users/DELL/Documents/GitHub/EspecializacionSTM32/Template_FreeRTOS/Middlewares/Third_Party" -O0 -ffunction-sections -fdata-sections -Wall -fstack-usage -fcyclomatic-complexity -MMD -MP -MF"Core/Src/stm32f4xx_hal_msp.d" -MT"Core/Src/stm32f4xx_hal_msp.o" --specs=nano.specs -mfpu=fpv4-sp-d16 -mfloat-abi=hard -mthumb -o "Core/Src/stm32f4xx_hal_msp.o"
../Core/Src/main.c: In function 'main':
../Core/Src/main.c:117:32: warning: passing argument 2 of 'HAL_UART_Receive_IT' discards 'volatile' qualifier from pointer target type [-Wdiscarded-qualifiers]
  117 |   HAL_UART_Receive_IT(&huart2, &rx,1);
      |                                ^~~
In file included from ../Core/Inc/stm32f4xx_hal_conf.h:411,
                 from ../Drivers/STM32F4xx_HAL_Driver/Inc/stm32f4xx_hal.h:29,
                 from ../Core/Inc/main.h:30,
                 from ../Core/Src/main.c:20:
../Drivers/STM32F4xx_HAL_Driver/Inc/stm32f4xx_hal_uart.h:725:75: note: expected 'uint8_t *' {aka 'unsigned char *'} but argument is of type 'volatile uint8_t *' {aka 'volatile unsigned char *'}
  725 | HAL_StatusTypeDef HAL_UART_Receive_IT(UART_HandleTypeDef *huart, uint8_t *pData, uint16_t Size);
      |                                                                  ~~~~~~~~~^~~~~
In file included from ../Core/Src/main.c:28:
../Core/Src/main.c: In function 'HAL_UART_RxCpltCallback':
../Core/Src/main.c:263:47: warning: passing argument 2 of 'xQueueGenericSendFromISR' discards 'volatile' qualifier from pointer target type [-Wdiscarded-qualifiers]
  263 |                 xQueueSendFromISR(xQueueUART, &rx, &xHigherPriorityTaskWoken);
C:/Users/DELL/Documents/GitHub/EspecializacionSTM32/Template_FreeRTOS/Middlewares/Third_Party/FreeRTOS/include/queue.h:1244:45: note: in definition of macro 'xQueueSendFromISR'
 1244 |     xQueueGenericSendFromISR( ( xQueue ), ( pvItemToQueue ), ( pxHigherPriorityTaskWoken ), queueSEND_TO_BACK )
      |                                             ^~~~~~~~~~~~~
C:/Users/DELL/Documents/GitHub/EspecializacionSTM32/Template_FreeRTOS/Middlewares/Third_Party/FreeRTOS/include/queue.h:1324:57: note: expected 'const void * const' but argument is of type 'volatile uint8_t *' {aka 'volatile unsigned char *'}
 1324 |                                      const void * const pvItemToQueue,
      |                                      ~~~~~~~~~~~~~~~~~~~^~~~~~~~~~~~~
../Core/Src/main.c:265:48: warning: passing argument 2 of 'HAL_UART_Receive_IT' discards 'volatile' qualifier from pointer target type [-Wdiscarded-qualifiers]
  265 |                   HAL_UART_Receive_IT(&huart2, &rx,1);
      |                                                ^~~
In file included from ../Core/Inc/stm32f4xx_hal_conf.h:411,
                 from ../Drivers/STM32F4xx_HAL_Driver/Inc/stm32f4xx_hal.h:29,
                 from ../Core/Inc/main.h:30,
                 from ../Core/Src/main.c:20:
../Drivers/STM32F4xx_HAL_Driver/Inc/stm32f4xx_hal_uart.h:725:75: note: expected 'uint8_t *' {aka 'unsigned char *'} but argument is of type 'volatile uint8_t *' {aka 'volatile unsigned char *'}
  725 | HAL_StatusTypeDef HAL_UART_Receive_IT(UART_HandleTypeDef *huart, uint8_t *pData, uint16_t Size);
      |                                                                  ~~~~~~~~~^~~~~
arm-none-eabi-gcc "../Core/Src/stm32f4xx_hal_timebase_tim.c" -mcpu=cortex-m4 -std=gnu11 -g3 -DDEBUG -DUSE_HAL_DRIVER -DSTM32F401xE -c -I"C:/Users/DELL/Documents/GitHub/EspecializacionSTM32/Template_FreeRTOS/Middlewares/Third_Party/FreeRTOS/include" -I"C:/Users/DELL/Documents/GitHub/EspecializacionSTM32/Template_FreeRTOS/Middlewares/Third_Party/FreeRTOS/portable/GCC/ARM_CM4F" -I../Core/Inc -I"C:/Users/DELL/Documents/GitHub/EspecializacionSTM32/Template_FreeRTOS/Middlewares/Third_Party/SEGGER/Config" -I"C:/Users/DELL/Documents/GitHub/EspecializacionSTM32/Template_FreeRTOS/Middlewares/Third_Party/SEGGER/OS" -I"C:/Users/DELL/Documents/GitHub/EspecializacionSTM32/Template_FreeRTOS/Middlewares/Third_Party/SEGGER/SEGGER" -I../Drivers/STM32F4xx_HAL_Driver/Inc -I../Drivers/STM32F4xx_HAL_Driver/Inc/Legacy -I../Drivers/CMSIS/Device/ST/STM32F4xx/Include -I../Drivers/CMSIS/Include -I"C:/Users/DELL/Documents/GitHub/EspecializacionSTM32/Template_FreeRTOS/Middlewares" -I"C:/Users/DELL/Documents/GitHub/EspecializacionSTM32/Template_FreeRTOS/Middlewares/Third_Party/FreeRTOS" -I"C:/Users/DELL/Documents/GitHub/EspecializacionSTM32/Template_FreeRTOS/Middlewares/Third_Party" -O0 -ffunction-sections -fdata-sections -Wall -fstack-usage -fcyclomatic-complexity -MMD -MP -MF"Core/Src/stm32f4xx_hal_timebase_tim.d" -MT"Core/Src/stm32f4xx_hal_timebase_tim.o" --specs=nano.specs -mfpu=fpv4-sp-d16 -mfloat-abi=hard -mthumb -o "Core/Src/stm32f4xx_hal_timebase_tim.o"
arm-none-eabi-gcc "../Core/Src/stm32f4xx_it.c" -mcpu=cortex-m4 -std=gnu11 -g3 -DDEBUG -DUSE_HAL_DRIVER -DSTM32F401xE -c -I"C:/Users/DELL/Documents/GitHub/EspecializacionSTM32/Template_FreeRTOS/Middlewares/Third_Party/FreeRTOS/include" -I"C:/Users/DELL/Documents/GitHub/EspecializacionSTM32/Template_FreeRTOS/Middlewares/Third_Party/FreeRTOS/portable/GCC/ARM_CM4F" -I../Core/Inc -I"C:/Users/DELL/Documents/GitHub/EspecializacionSTM32/Template_FreeRTOS/Middlewares/Third_Party/SEGGER/Config" -I"C:/Users/DELL/Documents/GitHub/EspecializacionSTM32/Template_FreeRTOS/Middlewares/Third_Party/SEGGER/OS" -I"C:/Users/DELL/Documents/GitHub/EspecializacionSTM32/Template_FreeRTOS/Middlewares/Third_Party/SEGGER/SEGGER" -I../Drivers/STM32F4xx_HAL_Driver/Inc -I../Drivers/STM32F4xx_HAL_Driver/Inc/Legacy -I../Drivers/CMSIS/Device/ST/STM32F4xx/Include -I../Drivers/CMSIS/Include -I"C:/Users/DELL/Documents/GitHub/EspecializacionSTM32/Template_FreeRTOS/Middlewares" -I"C:/Users/DELL/Documents/GitHub/EspecializacionSTM32/Template_FreeRTOS/Middlewares/Third_Party/FreeRTOS" -I"C:/Users/DELL/Documents/GitHub/EspecializacionSTM32/Template_FreeRTOS/Middlewares/Third_Party" -O0 -ffunction-sections -fdata-sections -Wall -fstack-usage -fcyclomatic-complexity -MMD -MP -MF"Core/Src/stm32f4xx_it.d" -MT"Core/Src/stm32f4xx_it.o" --specs=nano.specs -mfpu=fpv4-sp-d16 -mfloat-abi=hard -mthumb -o "Core/Src/stm32f4xx_it.o"
arm-none-eabi-gcc "../Core/Src/syscalls.c" -mcpu=cortex-m4 -std=gnu11 -g3 -DDEBUG -DUSE_HAL_DRIVER -DSTM32F401xE -c -I"C:/Users/DELL/Documents/GitHub/EspecializacionSTM32/Template_FreeRTOS/Middlewares/Third_Party/FreeRTOS/include" -I"C:/Users/DELL/Documents/GitHub/EspecializacionSTM32/Template_FreeRTOS/Middlewares/Third_Party/FreeRTOS/portable/GCC/ARM_CM4F" -I../Core/Inc -I"C:/Users/DELL/Documents/GitHub/EspecializacionSTM32/Template_FreeRTOS/Middlewares/Third_Party/SEGGER/Config" -I"C:/Users/DELL/Documents/GitHub/EspecializacionSTM32/Template_FreeRTOS/Middlewares/Third_Party/SEGGER/OS" -I"C:/Users/DELL/Documents/GitHub/EspecializacionSTM32/Template_FreeRTOS/Middlewares/Third_Party/SEGGER/SEGGER" -I../Drivers/STM32F4xx_HAL_Driver/Inc -I../Drivers/STM32F4xx_HAL_Driver/Inc/Legacy -I../Drivers/CMSIS/Device/ST/STM32F4xx/Include -I../Drivers/CMSIS/Include -I"C:/Users/DELL/Documents/GitHub/EspecializacionSTM32/Template_FreeRTOS/Middlewares" -I"C:/Users/DELL/Documents/GitHub/EspecializacionSTM32/Template_FreeRTOS/Middlewares/Third_Party/FreeRTOS" -I"C:/Users/DELL/Documents/GitHub/EspecializacionSTM32/Template_FreeRTOS/Middlewares/Third_Party" -O0 -ffunction-sections -fdata-sections -Wall -fstack-usage -fcyclomatic-complexity -MMD -MP -MF"Core/Src/syscalls.d" -MT"Core/Src/syscalls.o" --specs=nano.specs -mfpu=fpv4-sp-d16 -mfloat-abi=hard -mthumb -o "Core/Src/syscalls.o"
arm-none-eabi-gcc "../Core/Src/system_stm32f4xx.c" -mcpu=cortex-m4 -std=gnu11 -g3 -DDEBUG -DUSE_HAL_DRIVER -DSTM32F401xE -c -I"C:/Users/DELL/Documents/GitHub/EspecializacionSTM32/Template_FreeRTOS/Middlewares/Third_Party/FreeRTOS/include" -I"C:/Users/DELL/Documents/GitHub/EspecializacionSTM32/Template_FreeRTOS/Middlewares/Third_Party/FreeRTOS/portable/GCC/ARM_CM4F" -I../Core/Inc -I"C:/Users/DELL/Documents/GitHub/EspecializacionSTM32/Template_FreeRTOS/Middlewares/Third_Party/SEGGER/Config" -I"C:/Users/DELL/Documents/GitHub/EspecializacionSTM32/Template_FreeRTOS/Middlewares/Third_Party/SEGGER/OS" -I"C:/Users/DELL/Documents/GitHub/EspecializacionSTM32/Template_FreeRTOS/Middlewares/Third_Party/SEGGER/SEGGER" -I../Drivers/STM32F4xx_HAL_Driver/Inc -I../Drivers/STM32F4xx_HAL_Driver/Inc/Legacy -I../Drivers/CMSIS/Device/ST/STM32F4xx/Include -I../Drivers/CMSIS/Include -I"C:/Users/DELL/Documents/GitHub/EspecializacionSTM32/Template_FreeRTOS/Middlewares" -I"C:/Users/DELL/Documents/GitHub/EspecializacionSTM32/Template_FreeRTOS/Middlewares/Third_Party/FreeRTOS" -I"C:/Users/DELL/Documents/GitHub/EspecializacionSTM32/Template_FreeRTOS/Middlewares/Third_Party" -O0 -ffunction-sections -fdata-sections -Wall -fstack-usage -fcyclomatic-complexity -MMD -MP -MF"Core/Src/system_stm32f4xx.d" -MT"Core/Src/system_stm32f4xx.o" --specs=nano.specs -mfpu=fpv4-sp-d16 -mfloat-abi=hard -mthumb -o "Core/Src/system_stm32f4xx.o"
arm-none-eabi-gcc "../Core/Src/usart.c" -mcpu=cortex-m4 -std=gnu11 -g3 -DDEBUG -DUSE_HAL_DRIVER -DSTM32F401xE -c -I"C:/Users/DELL/Documents/GitHub/EspecializacionSTM32/Template_FreeRTOS/Middlewares/Third_Party/FreeRTOS/include" -I"C:/Users/DELL/Documents/GitHub/EspecializacionSTM32/Template_FreeRTOS/Middlewares/Third_Party/FreeRTOS/portable/GCC/ARM_CM4F" -I../Core/Inc -I"C:/Users/DELL/Documents/GitHub/EspecializacionSTM32/Template_FreeRTOS/Middlewares/Third_Party/SEGGER/Config" -I"C:/Users/DELL/Documents/GitHub/EspecializacionSTM32/Template_FreeRTOS/Middlewares/Third_Party/SEGGER/OS" -I"C:/Users/DELL/Documents/GitHub/EspecializacionSTM32/Template_FreeRTOS/Middlewares/Third_Party/SEGGER/SEGGER" -I../Drivers/STM32F4xx_HAL_Driver/Inc -I../Drivers/STM32F4xx_HAL_Driver/Inc/Legacy -I../Drivers/CMSIS/Device/ST/STM32F4xx/Include -I../Drivers/CMSIS/Include -I"C:/Users/DELL/Documents/GitHub/EspecializacionSTM32/Template_FreeRTOS/Middlewares" -I"C:/Users/DELL/Documents/GitHub/EspecializacionSTM32/Template_FreeRTOS/Middlewares/Third_Party/FreeRTOS" -I"C:/Users/DELL/Documents/GitHub/EspecializacionSTM32/Template_FreeRTOS/Middlewares/Third_Party" -O0 -ffunction-sections -fdata-sections -Wall -fstack-usage -fcyclomatic-complexity -MMD -MP -MF"Core/Src/usart.d" -MT"Core/Src/usart.o" --specs=nano.specs -mfpu=fpv4-sp-d16 -mfloat-abi=hard -mthumb -o "Core/Src/usart.o"
arm-none-eabi-gcc -o "Template_FreeRTOS.elf" @"objects.list"   -mcpu=cortex-m4 -T"C:\Users\DELL\Documents\GitHub\EspecializacionSTM32\Template_FreeRTOS\STM32F401RETX_FLASH.ld" --specs=nosys.specs -Wl,-Map="Template_FreeRTOS.map" -Wl,--gc-sections -static --specs=nano.specs -mfpu=fpv4-sp-d16 -mfloat-abi=hard -mthumb -Wl,--start-group -lc -lm -Wl,--end-group
Finished building target: Template_FreeRTOS.elf
 
arm-none-eabi-size   Template_FreeRTOS.elf 
arm-none-eabi-objdump -h -S  Template_FreeRTOS.elf  > "Template_FreeRTOS.list"
   text	   data	    bss	    dec	    hex	filename
  30708	     28	  19164	  49900	   c2ec	Template_FreeRTOS.elf
Finished building: default.size.stdout
 
Finished building: Template_FreeRTOS.list
 

16:20:14 Build Finished. 0 errors, 4 warnings. (took 16s.952ms)

