C:/Users/DELL/Documents/GitHub/EspecializacionSTM32/STemWin/Drivers/BSP/STM32F429I-Discovery/stm32f429i_discovery_lcd.c:137:9:BSP_LCD_Init	8	static
C:/Users/DELL/Documents/GitHub/EspecializacionSTM32/STemWin/Drivers/BSP/STM32F429I-Discovery/stm32f429i_discovery_lcd.c:220:10:BSP_LCD_GetXSize	8	static
C:/Users/DELL/Documents/GitHub/EspecializacionSTM32/STemWin/Drivers/BSP/STM32F429I-Discovery/stm32f429i_discovery_lcd.c:229:10:BSP_LCD_GetYSize	8	static
C:/Users/DELL/Documents/GitHub/EspecializacionSTM32/STemWin/Drivers/BSP/STM32F429I-Discovery/stm32f429i_discovery_lcd.c:239:6:BSP_LCD_LayerDefaultInit	72	static
C:/Users/DELL/Documents/GitHub/EspecializacionSTM32/STemWin/Drivers/BSP/STM32F429I-Discovery/stm32f429i_discovery_lcd.c:274:6:BSP_LCD_SelectLayer	16	static
C:/Users/DELL/Documents/GitHub/EspecializacionSTM32/STemWin/Drivers/BSP/STM32F429I-Discovery/stm32f429i_discovery_lcd.c:285:6:BSP_LCD_SetLayerVisible	16	static
C:/Users/DELL/Documents/GitHub/EspecializacionSTM32/STemWin/Drivers/BSP/STM32F429I-Discovery/stm32f429i_discovery_lcd.c:307:6:BSP_LCD_SetLayerVisible_NoReload	16	static
C:/Users/DELL/Documents/GitHub/EspecializacionSTM32/STemWin/Drivers/BSP/STM32F429I-Discovery/stm32f429i_discovery_lcd.c:326:6:BSP_LCD_SetTransparency	16	static
C:/Users/DELL/Documents/GitHub/EspecializacionSTM32/STemWin/Drivers/BSP/STM32F429I-Discovery/stm32f429i_discovery_lcd.c:338:6:BSP_LCD_SetTransparency_NoReload	16	static
C:/Users/DELL/Documents/GitHub/EspecializacionSTM32/STemWin/Drivers/BSP/STM32F429I-Discovery/stm32f429i_discovery_lcd.c:348:6:BSP_LCD_SetLayerAddress	16	static
C:/Users/DELL/Documents/GitHub/EspecializacionSTM32/STemWin/Drivers/BSP/STM32F429I-Discovery/stm32f429i_discovery_lcd.c:359:6:BSP_LCD_SetLayerAddress_NoReload	16	static
C:/Users/DELL/Documents/GitHub/EspecializacionSTM32/STemWin/Drivers/BSP/STM32F429I-Discovery/stm32f429i_discovery_lcd.c:372:6:BSP_LCD_SetLayerWindow	24	static
C:/Users/DELL/Documents/GitHub/EspecializacionSTM32/STemWin/Drivers/BSP/STM32F429I-Discovery/stm32f429i_discovery_lcd.c:390:6:BSP_LCD_SetLayerWindow_NoReload	24	static
C:/Users/DELL/Documents/GitHub/EspecializacionSTM32/STemWin/Drivers/BSP/STM32F429I-Discovery/stm32f429i_discovery_lcd.c:404:6:BSP_LCD_SetColorKeying	16	static
C:/Users/DELL/Documents/GitHub/EspecializacionSTM32/STemWin/Drivers/BSP/STM32F429I-Discovery/stm32f429i_discovery_lcd.c:417:6:BSP_LCD_SetColorKeying_NoReload	16	static
C:/Users/DELL/Documents/GitHub/EspecializacionSTM32/STemWin/Drivers/BSP/STM32F429I-Discovery/stm32f429i_discovery_lcd.c:428:6:BSP_LCD_ResetColorKeying	16	static
C:/Users/DELL/Documents/GitHub/EspecializacionSTM32/STemWin/Drivers/BSP/STM32F429I-Discovery/stm32f429i_discovery_lcd.c:439:6:BSP_LCD_ResetColorKeying_NoReload	16	static
C:/Users/DELL/Documents/GitHub/EspecializacionSTM32/STemWin/Drivers/BSP/STM32F429I-Discovery/stm32f429i_discovery_lcd.c:452:6:BSP_LCD_Relaod	16	static
C:/Users/DELL/Documents/GitHub/EspecializacionSTM32/STemWin/Drivers/BSP/STM32F429I-Discovery/stm32f429i_discovery_lcd.c:461:10:BSP_LCD_GetTextColor	4	static
C:/Users/DELL/Documents/GitHub/EspecializacionSTM32/STemWin/Drivers/BSP/STM32F429I-Discovery/stm32f429i_discovery_lcd.c:470:10:BSP_LCD_GetBackColor	4	static
C:/Users/DELL/Documents/GitHub/EspecializacionSTM32/STemWin/Drivers/BSP/STM32F429I-Discovery/stm32f429i_discovery_lcd.c:479:6:BSP_LCD_SetTextColor	16	static
C:/Users/DELL/Documents/GitHub/EspecializacionSTM32/STemWin/Drivers/BSP/STM32F429I-Discovery/stm32f429i_discovery_lcd.c:488:6:BSP_LCD_SetBackColor	16	static
C:/Users/DELL/Documents/GitHub/EspecializacionSTM32/STemWin/Drivers/BSP/STM32F429I-Discovery/stm32f429i_discovery_lcd.c:497:6:BSP_LCD_SetFont	16	static
C:/Users/DELL/Documents/GitHub/EspecializacionSTM32/STemWin/Drivers/BSP/STM32F429I-Discovery/stm32f429i_discovery_lcd.c:506:8:BSP_LCD_GetFont	4	static
C:/Users/DELL/Documents/GitHub/EspecializacionSTM32/STemWin/Drivers/BSP/STM32F429I-Discovery/stm32f429i_discovery_lcd.c:517:10:BSP_LCD_ReadPixel	32	static
C:/Users/DELL/Documents/GitHub/EspecializacionSTM32/STemWin/Drivers/BSP/STM32F429I-Discovery/stm32f429i_discovery_lcd.c:551:6:BSP_LCD_Clear	40	static
C:/Users/DELL/Documents/GitHub/EspecializacionSTM32/STemWin/Drivers/BSP/STM32F429I-Discovery/stm32f429i_discovery_lcd.c:562:6:BSP_LCD_ClearStringLine	32	static
C:/Users/DELL/Documents/GitHub/EspecializacionSTM32/STemWin/Drivers/BSP/STM32F429I-Discovery/stm32f429i_discovery_lcd.c:581:6:BSP_LCD_DisplayChar	24	static
C:/Users/DELL/Documents/GitHub/EspecializacionSTM32/STemWin/Drivers/BSP/STM32F429I-Discovery/stm32f429i_discovery_lcd.c:598:6:BSP_LCD_DisplayStringAt	48	static
C:/Users/DELL/Documents/GitHub/EspecializacionSTM32/STemWin/Drivers/BSP/STM32F429I-Discovery/stm32f429i_discovery_lcd.c:653:6:BSP_LCD_DisplayStringAtLine	16	static
C:/Users/DELL/Documents/GitHub/EspecializacionSTM32/STemWin/Drivers/BSP/STM32F429I-Discovery/stm32f429i_discovery_lcd.c:664:6:BSP_LCD_DrawHLine	40	static
C:/Users/DELL/Documents/GitHub/EspecializacionSTM32/STemWin/Drivers/BSP/STM32F429I-Discovery/stm32f429i_discovery_lcd.c:681:6:BSP_LCD_DrawVLine	48	static
C:/Users/DELL/Documents/GitHub/EspecializacionSTM32/STemWin/Drivers/BSP/STM32F429I-Discovery/stm32f429i_discovery_lcd.c:699:6:BSP_LCD_DrawLine	56	static
C:/Users/DELL/Documents/GitHub/EspecializacionSTM32/STemWin/Drivers/BSP/STM32F429I-Discovery/stm32f429i_discovery_lcd.c:773:6:BSP_LCD_DrawRect	24	static
C:/Users/DELL/Documents/GitHub/EspecializacionSTM32/STemWin/Drivers/BSP/STM32F429I-Discovery/stm32f429i_discovery_lcd.c:790:6:BSP_LCD_DrawCircle	40	static
C:/Users/DELL/Documents/GitHub/EspecializacionSTM32/STemWin/Drivers/BSP/STM32F429I-Discovery/stm32f429i_discovery_lcd.c:829:6:BSP_LCD_DrawPolygon	32	static
C:/Users/DELL/Documents/GitHub/EspecializacionSTM32/STemWin/Drivers/BSP/STM32F429I-Discovery/stm32f429i_discovery_lcd.c:856:6:BSP_LCD_DrawEllipse	64	static
C:/Users/DELL/Documents/GitHub/EspecializacionSTM32/STemWin/Drivers/BSP/STM32F429I-Discovery/stm32f429i_discovery_lcd.c:889:6:BSP_LCD_DrawBitmap	56	static
C:/Users/DELL/Documents/GitHub/EspecializacionSTM32/STemWin/Drivers/BSP/STM32F429I-Discovery/stm32f429i_discovery_lcd.c:946:6:BSP_LCD_FillRect	48	static
C:/Users/DELL/Documents/GitHub/EspecializacionSTM32/STemWin/Drivers/BSP/STM32F429I-Discovery/stm32f429i_discovery_lcd.c:967:6:BSP_LCD_FillCircle	32	static
C:/Users/DELL/Documents/GitHub/EspecializacionSTM32/STemWin/Drivers/BSP/STM32F429I-Discovery/stm32f429i_discovery_lcd.c:1018:6:BSP_LCD_FillTriangle	56	static
C:/Users/DELL/Documents/GitHub/EspecializacionSTM32/STemWin/Drivers/BSP/STM32F429I-Discovery/stm32f429i_discovery_lcd.c:1091:6:BSP_LCD_FillPolygon	64	static
C:/Users/DELL/Documents/GitHub/EspecializacionSTM32/STemWin/Drivers/BSP/STM32F429I-Discovery/stm32f429i_discovery_lcd.c:1159:6:BSP_LCD_FillEllipse	56	static
C:/Users/DELL/Documents/GitHub/EspecializacionSTM32/STemWin/Drivers/BSP/STM32F429I-Discovery/stm32f429i_discovery_lcd.c:1186:6:BSP_LCD_DisplayOn	8	static
C:/Users/DELL/Documents/GitHub/EspecializacionSTM32/STemWin/Drivers/BSP/STM32F429I-Discovery/stm32f429i_discovery_lcd.c:1197:6:BSP_LCD_DisplayOff	8	static
C:/Users/DELL/Documents/GitHub/EspecializacionSTM32/STemWin/Drivers/BSP/STM32F429I-Discovery/stm32f429i_discovery_lcd.c:1212:13:BSP_LCD_MspInit	64	static
C:/Users/DELL/Documents/GitHub/EspecializacionSTM32/STemWin/Drivers/BSP/STM32F429I-Discovery/stm32f429i_discovery_lcd.c:1296:6:BSP_LCD_DrawPixel	24	static
C:/Users/DELL/Documents/GitHub/EspecializacionSTM32/STemWin/Drivers/BSP/STM32F429I-Discovery/stm32f429i_discovery_lcd.c:1308:13:DrawChar	40	static
C:/Users/DELL/Documents/GitHub/EspecializacionSTM32/STemWin/Drivers/BSP/STM32F429I-Discovery/stm32f429i_discovery_lcd.c:1365:13:FillBuffer	32	static
C:/Users/DELL/Documents/GitHub/EspecializacionSTM32/STemWin/Drivers/BSP/STM32F429I-Discovery/stm32f429i_discovery_lcd.c:1397:13:ConvertLineToARGB8888	32	static
